Archive member included to satisfy reference by file (symbol)

C:/Users/tasrivas/.silabs/slt/installs/conan/p/gcc-a999d2e027337f/p/bin/../lib/gcc/arm-none-eabi/14.2.1/thumb/v8-m.main+fp/hard\libgcc.a(_aeabi_uldivmod.o)
                              CMakeFiles/slc.dir/base/2b77e4e802d1c66c1c79b26cc0d0f777/simplicity_sdk_2026.6.0/platform_core/platform/emlib/src/em_eusart.c.obj (__aeabi_uldivmod)
C:/Users/tasrivas/.silabs/slt/installs/conan/p/gcc-a999d2e027337f/p/bin/../lib/gcc/arm-none-eabi/14.2.1/thumb/v8-m.main+fp/hard\libgcc.a(_udivmoddi4.o)
                              C:/Users/tasrivas/.silabs/slt/installs/conan/p/gcc-a999d2e027337f/p/bin/../lib/gcc/arm-none-eabi/14.2.1/thumb/v8-m.main+fp/hard\libgcc.a(_aeabi_uldivmod.o) (__udivmoddi4)
C:/Users/tasrivas/.silabs/slt/installs/conan/p/gcc-a999d2e027337f/p/bin/../lib/gcc/arm-none-eabi/14.2.1/thumb/v8-m.main+fp/hard\libgcc.a(_dvmd_tls.o)
                              C:/Users/tasrivas/.silabs/slt/installs/conan/p/gcc-a999d2e027337f/p/bin/../lib/gcc/arm-none-eabi/14.2.1/thumb/v8-m.main+fp/hard\libgcc.a(_aeabi_uldivmod.o) (__aeabi_ldiv0)
C:/Users/tasrivas/.silabs/slt/installs/conan/p/gcc-a999d2e027337f/p/bin/../lib/gcc/arm-none-eabi/14.2.1/../../../../arm-none-eabi/lib/thumb/v8-m.main+fp/hard\libc_nano.a(libc_a-exit.o)
                              C:/Users/tasrivas/.silabs/slt/installs/conan/p/gcc-a999d2e027337f/p/bin/../lib/gcc/arm-none-eabi/14.2.1/../../../../arm-none-eabi/lib/thumb/v8-m.main+fp/hard/crt0.o (exit)
C:/Users/tasrivas/.silabs/slt/installs/conan/p/gcc-a999d2e027337f/p/bin/../lib/gcc/arm-none-eabi/14.2.1/../../../../arm-none-eabi/lib/thumb/v8-m.main+fp/hard\libc_nano.a(libc_a-strtol.o)
                              CMakeFiles/slc.dir/base/C_/Users/tasrivas/SimplicityStudio/v6_workspace/Elevator_capacity_controller/elevator/elev_parse_util.c.obj (strtol)
C:/Users/tasrivas/.silabs/slt/installs/conan/p/gcc-a999d2e027337f/p/bin/../lib/gcc/arm-none-eabi/14.2.1/../../../../arm-none-eabi/lib/thumb/v8-m.main+fp/hard\libc_nano.a(libc_a-ctype_.o)
                              CMakeFiles/slc.dir/base/C_/Users/tasrivas/SimplicityStudio/v6_workspace/Elevator_capacity_controller/elevator/elev_parse_util.c.obj (_ctype_)
C:/Users/tasrivas/.silabs/slt/installs/conan/p/gcc-a999d2e027337f/p/bin/../lib/gcc/arm-none-eabi/14.2.1/../../../../arm-none-eabi/lib/thumb/v8-m.main+fp/hard\libc_nano.a(libc_a-findfp.o)
                              C:/Users/tasrivas/.silabs/slt/installs/conan/p/gcc-a999d2e027337f/p/bin/../lib/gcc/arm-none-eabi/14.2.1/../../../../arm-none-eabi/lib/thumb/v8-m.main+fp/hard\libc_nano.a(libc_a-exit.o) (__stdio_exit_handler)
C:/Users/tasrivas/.silabs/slt/installs/conan/p/gcc-a999d2e027337f/p/bin/../lib/gcc/arm-none-eabi/14.2.1/../../../../arm-none-eabi/lib/thumb/v8-m.main+fp/hard\libc_nano.a(libc_a-fwalk.o)
                              C:/Users/tasrivas/.silabs/slt/installs/conan/p/gcc-a999d2e027337f/p/bin/../lib/gcc/arm-none-eabi/14.2.1/../../../../arm-none-eabi/lib/thumb/v8-m.main+fp/hard\libc_nano.a(libc_a-findfp.o) (_fwalk_sglue)
C:/Users/tasrivas/.silabs/slt/installs/conan/p/gcc-a999d2e027337f/p/bin/../lib/gcc/arm-none-eabi/14.2.1/../../../../arm-none-eabi/lib/thumb/v8-m.main+fp/hard\libc_nano.a(libc_a-snprintf.o)
                              CMakeFiles/slc.dir/base/C_/Users/tasrivas/SimplicityStudio/v6_workspace/Elevator_capacity_controller/elevator/elev_app.c.obj (snprintf)
C:/Users/tasrivas/.silabs/slt/installs/conan/p/gcc-a999d2e027337f/p/bin/../lib/gcc/arm-none-eabi/14.2.1/../../../../arm-none-eabi/lib/thumb/v8-m.main+fp/hard\libc_nano.a(libc_a-stdio.o)
                              C:/Users/tasrivas/.silabs/slt/installs/conan/p/gcc-a999d2e027337f/p/bin/../lib/gcc/arm-none-eabi/14.2.1/../../../../arm-none-eabi/lib/thumb/v8-m.main+fp/hard\libc_nano.a(libc_a-findfp.o) (__sread)
C:/Users/tasrivas/.silabs/slt/installs/conan/p/gcc-a999d2e027337f/p/bin/../lib/gcc/arm-none-eabi/14.2.1/../../../../arm-none-eabi/lib/thumb/v8-m.main+fp/hard\libc_nano.a(libc_a-memset.o)
                              C:/Users/tasrivas/.silabs/slt/installs/conan/p/gcc-a999d2e027337f/p/bin/../lib/gcc/arm-none-eabi/14.2.1/../../../../arm-none-eabi/lib/thumb/v8-m.main+fp/hard/crt0.o (memset)
C:/Users/tasrivas/.silabs/slt/installs/conan/p/gcc-a999d2e027337f/p/bin/../lib/gcc/arm-none-eabi/14.2.1/../../../../arm-none-eabi/lib/thumb/v8-m.main+fp/hard\libc_nano.a(libc_a-strncmp.o)
                              CMakeFiles/slc.dir/base/C_/Users/tasrivas/SimplicityStudio/v6_workspace/Elevator_capacity_controller/elevator/elev_parse_util.c.obj (strncmp)
C:/Users/tasrivas/.silabs/slt/installs/conan/p/gcc-a999d2e027337f/p/bin/../lib/gcc/arm-none-eabi/14.2.1/../../../../arm-none-eabi/lib/thumb/v8-m.main+fp/hard\libc_nano.a(libc_a-closer.o)
                              C:/Users/tasrivas/.silabs/slt/installs/conan/p/gcc-a999d2e027337f/p/bin/../lib/gcc/arm-none-eabi/14.2.1/../../../../arm-none-eabi/lib/thumb/v8-m.main+fp/hard\libc_nano.a(libc_a-stdio.o) (_close_r)
[...]
Memory Configuration

Name             Origin             Length             Attributes
FLASH            0x08000000         0x0017e000         xr
RAM              0x20000000         0x00040000         xrw
DUMMY            0xffe82000         0x0017e000         !ax
*default*        0x00000000         0xffffffff

Linker script and memory map

LOAD C:/Users/tasrivas/.silabs/slt/installs/conan/p/gcc-a999d2e027337f/p/bin/../lib/gcc/arm-none-eabi/14.2.1/thumb/v8-m.main+fp/hard/crti.o
LOAD C:/Users/tasrivas/.silabs/slt/installs/conan/p/gcc-a999d2e027337f/p/bin/../lib/gcc/arm-none-eabi/14.2.1/thumb/v8-m.main+fp/hard/crtbegin.o
LOAD C:/Users/tasrivas/.silabs/slt/installs/conan/p/gcc-a999d2e027337f/p/bin/../lib/gcc/arm-none-eabi/14.2.1/../../../../arm-none-eabi/lib/thumb/v8-m.main+fp/hard/crt0.o
LOAD CMakeFiles/slc.dir/base/2b77e4e802d1c66c1c79b26cc0d0f777/simplicity_sdk_2026.6.0/boards/hardware/board/src/sl_board_control_gpio.c.obj
LOAD CMakeFiles/slc.dir/base/2b77e4e802d1c66c1c79b26cc0d0f777/simplicity_sdk_2026.6.0/boards/hardware/board/src/sl_board_init.c.obj
LOAD CMakeFiles/slc.dir/base/0b6e346421ebc05ea9639262f42b318c/mx25_flash_shutdown/src/sl_mx25_flash_shutdown_eusart/sl_mx25_flash_shutdown.c.obj
LOAD CMakeFiles/slc.dir/base/ac99a924435e78b3a00becfe9e3d0161/Elevator_capacity_controller/simplicity_sdk_2026.6.0/cmsis/RTOS2/Source/os_systick.c.obj
LOAD CMakeFiles/slc.dir/base/2b77e4e802d1c66c1c79b26cc0d0f777/simplicity_sdk_2026.6.0/freertos/cmsis/Source/cmsis_os2.c.obj
LOAD CMakeFiles/slc.dir/base/ac99a924435e78b3a00becfe9e3d0161/Elevator_capacity_controller/simplicity_sdk_2026.6.0/freertos/kernel/croutine.c.obj
LOAD CMakeFiles/slc.dir/base/ac99a924435e78b3a00becfe9e3d0161/Elevator_capacity_controller/simplicity_sdk_2026.6.0/freertos/kernel/event_groups.c.obj
LOAD CMakeFiles/slc.dir/base/ac99a924435e78b3a00becfe9e3d0161/Elevator_capacity_controller/simplicity_sdk_2026.6.0/freertos/kernel/list.c.obj
LOAD CMakeFiles/slc.dir/base/39b3fbad0420d4a2268bca3904c03f65/freertos/kernel/portable/GCC/ARM_CM33_NTZ/non_secure/mpu_wrappers_v2_asm.c.obj
LOAD CMakeFiles/slc.dir/base/2b77e4e802d1c66c1c79b26cc0d0f777/simplicity_sdk_2026.6.0/freertos/kernel/portable/GCC/ARM_CM33_NTZ/non_secure/port.c.obj
LOAD CMakeFiles/slc.dir/base/39b3fbad0420d4a2268bca3904c03f65/freertos/kernel/portable/GCC/ARM_CM33_NTZ/non_secure/portasm.c.obj
LOAD CMakeFiles/slc.dir/base/2b77e4e802d1c66c1c79b26cc0d0f777/simplicity_sdk_2026.6.0/freertos/kernel/portable/MemMang/heap_3.c.obj
LOAD CMakeFiles/slc.dir/base/ac99a924435e78b3a00becfe9e3d0161/Elevator_capacity_controller/simplicity_sdk_2026.6.0/freertos/kernel/queue.c.obj
LOAD CMakeFiles/slc.dir/base/ac99a924435e78b3a00becfe9e3d0161/Elevator_capacity_controller/simplicity_sdk_2026.6.0/freertos/kernel/stream_buffer.c.obj
LOAD CMakeFiles/slc.dir/base/ac99a924435e78b3a00becfe9e3d0161/Elevator_capacity_controller/simplicity_sdk_2026.6.0/freertos/kernel/tasks.c.obj
LOAD CMakeFiles/slc.dir/base/ac99a924435e78b3a00becfe9e3d0161/Elevator_capacity_controller/simplicity_sdk_2026.6.0/freertos/kernel/timers.c.obj
LOAD CMakeFiles/slc.dir/base/39b3fbad0420d4a2268bca3904c03f65/platform_core/hardware/driver/configuration_over_swo/src/sl_cos.c.obj
LOAD CMakeFiles/slc.dir/base/2b77e4e802d1c66c1c79b26cc0d0f777/simplicity_sdk_2026.6.0/platform_core/platform/common/src/sl_assert.c.obj
LOAD CMakeFiles/slc.dir/base/2b77e4e802d1c66c1c79b26cc0d0f777/simplicity_sdk_2026.6.0/platform_core/platform/common/src/sl_cmsis_os2_common.c.obj
LOAD CMakeFiles/slc.dir/base/2b77e4e802d1c66c1c79b26cc0d0f777/simplicity_sdk_2026.6.0/platform_core/platform/common/src/sl_core_cortexm.c.obj
LOAD CMakeFiles/slc.dir/base/2b77e4e802d1c66c1c79b26cc0d0f777/simplicity_sdk_2026.6.0/platform_core/platform/common/src/sl_slist.c.obj
LOAD CMakeFiles/slc.dir/base/2b77e4e802d1c66c1c79b26cc0d0f777/simplicity_sdk_2026.6.0/platform_core/platform/common/src/sl_syscalls.c.obj
LOAD CMakeFiles/slc.dir/base/39b3fbad0420d4a2268bca3904c03f65/platform_core/platform/Device/SiliconLabs/EFR32MG24/Source/startup_efr32mg24.c.obj
LOAD CMakeFiles/slc.dir/base/39b3fbad0420d4a2268bca3904c03f65/platform_core/platform/Device/SiliconLabs/EFR32MG24/Source/system_efr32mg24.c.obj
LOAD CMakeFiles/slc.dir/base/2b77e4e802d1c66c1c79b26cc0d0f777/simplicity_sdk_2026.6.0/platform_core/platform/driver/debug/src/sl_debug_swo.c.obj
LOAD CMakeFiles/slc.dir/base/39b3fbad0420d4a2268bca3904c03f65/platform_core/platform/driver/dma_channel/src/sl_dma_channel.c.obj
LOAD CMakeFiles/slc.dir/base/39b3fbad0420d4a2268bca3904c03f65/platform_core/platform/driver/dma_channel/src/sl_dma_descriptor_allocator.c.obj
LOAD CMakeFiles/slc.dir/base/2b77e4e802d1c66c1c79b26cc0d0f777/simplicity_sdk_2026.6.0/platform_core/platform/driver/gpio/src/sl_gpio.c.obj
LOAD CMakeFiles/slc.dir/base/2b77e4e802d1c66c1c79b26cc0d0f777/simplicity_sdk_2026.6.0/platform_core/platform/driver/leddrv/src/sl_led.c.obj
LOAD CMakeFiles/slc.dir/base/2b77e4e802d1c66c1c79b26cc0d0f777/simplicity_sdk_2026.6.0/platform_core/platform/driver/leddrv/src/sl_simple_led.c.obj
LOAD CMakeFiles/slc.dir/base/2b77e4e802d1c66c1c79b26cc0d0f777/simplicity_sdk_2026.6.0/platform_core/platform/emlib/src/em_burtc.c.obj
LOAD CMakeFiles/slc.dir/base/2b77e4e802d1c66c1c79b26cc0d0f777/simplicity_sdk_2026.6.0/platform_core/platform/emlib/src/em_cmu.c.obj
LOAD CMakeFiles/slc.dir/base/2b77e4e802d1c66c1c79b26cc0d0f777/simplicity_sdk_2026.6.0/platform_core/platform/emlib/src/em_emu.c.obj
LOAD CMakeFiles/slc.dir/base/2b77e4e802d1c66c1c79b26cc0d0f777/simplicity_sdk_2026.6.0/platform_core/platform/emlib/src/em_eusart.c.obj
LOAD CMakeFiles/slc.dir/base/2b77e4e802d1c66c1c79b26cc0d0f777/simplicity_sdk_2026.6.0/platform_core/platform/emlib/src/em_gpio.c.obj
LOAD CMakeFiles/slc.dir/base/2b77e4e802d1c66c1c79b26cc0d0f777/simplicity_sdk_2026.6.0/platform_core/platform/emlib/src/em_msc.c.obj
LOAD CMakeFiles/slc.dir/base/2b77e4e802d1c66c1c79b26cc0d0f777/simplicity_sdk_2026.6.0/platform_core/platform/emlib/src/em_prs.c.obj
LOAD CMakeFiles/slc.dir/base/2b77e4e802d1c66c1c79b26cc0d0f777/simplicity_sdk_2026.6.0/platform_core/platform/emlib/src/em_system.c.obj
LOAD CMakeFiles/slc.dir/base/2b77e4e802d1c66c1c79b26cc0d0f777/simplicity_sdk_2026.6.0/platform_core/platform/emlib/src/em_timer.c.obj
LOAD CMakeFiles/slc.dir/base/2b77e4e802d1c66c1c79b26cc0d0f777/simplicity_sdk_2026.6.0/platform_core/platform/emlib/src/em_usart.c.obj
LOAD CMakeFiles/slc.dir/base/2b77e4e802d1c66c1c79b26cc0d0f777/simplicity_sdk_2026.6.0/platform_core/platform/peripheral/src/sl_hal_eusart.c.obj
LOAD CMakeFiles/slc.dir/base/2b77e4e802d1c66c1c79b26cc0d0f777/simplicity_sdk_2026.6.0/platform_core/platform/peripheral/src/sl_hal_gpio.c.obj
LOAD CMakeFiles/slc.dir/base/2b77e4e802d1c66c1c79b26cc0d0f777/simplicity_sdk_2026.6.0/platform_core/platform/peripheral/src/sl_hal_ldma.c.obj
LOAD CMakeFiles/slc.dir/base/2b77e4e802d1c66c1c79b26cc0d0f777/simplicity_sdk_2026.6.0/platform_core/platform/peripheral/src/sl_hal_prs.c.obj
LOAD CMakeFiles/slc.dir/base/2b77e4e802d1c66c1c79b26cc0d0f777/simplicity_sdk_2026.6.0/platform_core/platform/peripheral/src/sl_hal_syscfg.c.obj
LOAD CMakeFiles/slc.dir/base/2b77e4e802d1c66c1c79b26cc0d0f777/simplicity_sdk_2026.6.0/platform_core/platform/peripheral/src/sl_hal_sysrtc.c.obj
LOAD CMakeFiles/slc.dir/base/39b3fbad0420d4a2268bca3904c03f65/platform_core/platform/peripheral/src/sl_hal_sysrtc_subsystem.c.obj
LOAD CMakeFiles/slc.dir/base/2b77e4e802d1c66c1c79b26cc0d0f777/simplicity_sdk_2026.6.0/platform_core/platform/peripheral/src/sl_hal_system.c.obj
LOAD CMakeFiles/slc.dir/base/39b3fbad0420d4a2268bca3904c03f65/platform_core/platform/service/clock_manager/src/sl_clock_manager.c.obj
LOAD CMakeFiles/slc.dir/base/39b3fbad0420d4a2268bca3904c03f65/platform_core/platform/service/clock_manager/src/sl_clock_manager_hal_s2.c.obj
LOAD CMakeFiles/slc.dir/base/39b3fbad0420d4a2268bca3904c03f65/platform_core/platform/service/clock_manager/src/sl_clock_manager_init.c.obj
LOAD CMakeFiles/slc.dir/base/39b3fbad0420d4a2268bca3904c03f65/platform_core/platform/service/clock_manager/src/sl_clock_manager_init_hal_s2.c.obj
LOAD CMakeFiles/slc.dir/base/39b3fbad0420d4a2268bca3904c03f65/platform_core/platform/service/device_init/src/sl_device_init_dcdc_s2.c.obj
LOAD CMakeFiles/slc.dir/base/39b3fbad0420d4a2268bca3904c03f65/platform_core/platform/service/device_init/src/sl_device_init_emu_s2.c.obj
LOAD CMakeFiles/slc.dir/base/39b3fbad0420d4a2268bca3904c03f65/platform_core/platform/service/device_manager/clocks/sl_device_clock_efr32xg24.c.obj
LOAD CMakeFiles/slc.dir/base/e4406be69b4b3c4c9b84739fded7d3fd/platform/service/device_manager/devices/sl_device_peripheral_hal_efr32xg24.c.obj
LOAD CMakeFiles/slc.dir/base/39b3fbad0420d4a2268bca3904c03f65/platform_core/platform/service/device_manager/dma/sl_device_dma_s2.c.obj
LOAD CMakeFiles/slc.dir/base/39b3fbad0420d4a2268bca3904c03f65/platform_core/platform/service/device_manager/src/sl_device_clock.c.obj
LOAD CMakeFiles/slc.dir/base/39b3fbad0420d4a2268bca3904c03f65/platform_core/platform/service/device_manager/src/sl_device_dma.c.obj
LOAD CMakeFiles/slc.dir/base/39b3fbad0420d4a2268bca3904c03f65/platform_core/platform/service/device_manager/src/sl_device_gpio.c.obj
LOAD CMakeFiles/slc.dir/base/39b3fbad0420d4a2268bca3904c03f65/platform_core/platform/service/device_manager/src/sl_device_peripheral.c.obj
LOAD CMakeFiles/slc.dir/base/39b3fbad0420d4a2268bca3904c03f65/platform_core/platform/service/dma_manager/src/sl_dma_manager.c.obj
LOAD CMakeFiles/slc.dir/base/39b3fbad0420d4a2268bca3904c03f65/platform_core/platform/service/dma_manager/src/sl_dma_manager_hal_ldma.c.obj
LOAD CMakeFiles/slc.dir/base/39b3fbad0420d4a2268bca3904c03f65/platform_core/platform/service/interrupt_manager/src/sl_interrupt_manager_cortexm.c.obj
LOAD CMakeFiles/slc.dir/base/39b3fbad0420d4a2268bca3904c03f65/platform_core/platform/service/memory_manager/src/sl_memory_manager.c.obj
LOAD CMakeFiles/slc.dir/base/e4406be69b4b3c4c9b84739fded7d3fd/platform/service/memory_manager/src/sl_memory_manager_dynamic_reservation.c.obj
LOAD CMakeFiles/slc.dir/base/39b3fbad0420d4a2268bca3904c03f65/platform_core/platform/service/memory_manager/src/sl_memory_manager_pool.c.obj
LOAD CMakeFiles/slc.dir/base/39b3fbad0420d4a2268bca3904c03f65/platform_core/platform/service/memory_manager/src/sl_memory_manager_pool_common.c.obj
LOAD CMakeFiles/slc.dir/base/39b3fbad0420d4a2268bca3904c03f65/platform_core/platform/service/memory_manager/src/sl_memory_manager_region.c.obj
LOAD CMakeFiles/slc.dir/base/39b3fbad0420d4a2268bca3904c03f65/platform_core/platform/service/memory_manager/src/sl_memory_manager_retarget.c.obj
LOAD CMakeFiles/slc.dir/base/39b3fbad0420d4a2268bca3904c03f65/platform_core/platform/service/memory_manager/src/sli_memory_manager_common.c.obj
LOAD CMakeFiles/slc.dir/base/39b3fbad0420d4a2268bca3904c03f65/platform_core/platform/service/sl_main/src/rtos/main_retarget.c.obj
LOAD CMakeFiles/slc.dir/base/2b77e4e802d1c66c1c79b26cc0d0f777/simplicity_sdk_2026.6.0/platform_core/platform/service/sl_main/src/sl_main_init.c.obj
LOAD CMakeFiles/slc.dir/base/39b3fbad0420d4a2268bca3904c03f65/platform_core/platform/service/sl_main/src/sl_main_init_memory.c.obj
LOAD CMakeFiles/slc.dir/base/2b77e4e802d1c66c1c79b26cc0d0f777/simplicity_sdk_2026.6.0/platform_core/platform/service/sl_main/src/sl_main_kernel.c.obj
LOAD CMakeFiles/slc.dir/base/39b3fbad0420d4a2268bca3904c03f65/platform_core/platform/service/sleeptimer/src/sl_sleeptimer.c.obj
LOAD CMakeFiles/slc.dir/base/39b3fbad0420d4a2268bca3904c03f65/platform_core/platform/service/sleeptimer/src/sl_sleeptimer_hal_burtc.c.obj
LOAD CMakeFiles/slc.dir/base/39b3fbad0420d4a2268bca3904c03f65/platform_core/platform/service/sleeptimer/src/sl_sleeptimer_hal_sysrtc.c.obj
LOAD CMakeFiles/slc.dir/base/39b3fbad0420d4a2268bca3904c03f65/platform_core/platform/service/sleeptimer/src/sl_sleeptimer_hal_timer.c.obj
LOAD CMakeFiles/slc.dir/base/2b77e4e802d1c66c1c79b26cc0d0f777/simplicity_sdk_2026.6.0/platform_core/platform/service/udelay/src/sl_udelay.c.obj
LOAD CMakeFiles/slc.dir/base/39b3fbad0420d4a2268bca3904c03f65/platform_core/platform/service/udelay/src/sl_udelay_armv6m_gcc.S.obj
LOAD CMakeFiles/slc.dir/base/C_/Users/tasrivas/SimplicityStudio/v6_workspace/Elevator_capacity_controller/app.c.obj
LOAD CMakeFiles/slc.dir/base/C_/Users/tasrivas/SimplicityStudio/v6_workspace/Elevator_capacity_controller/elevator/elev_app.c.obj
LOAD CMakeFiles/slc.dir/base/C_/Users/tasrivas/SimplicityStudio/v6_workspace/Elevator_capacity_controller/elevator/elev_gpio.c.obj
LOAD CMakeFiles/slc.dir/base/C_/Users/tasrivas/SimplicityStudio/v6_workspace/Elevator_capacity_controller/elevator/elev_tx.c.obj
LOAD CMakeFiles/slc.dir/base/C_/Users/tasrivas/SimplicityStudio/v6_workspace/Elevator_capacity_controller/elevator/elev_rx.c.obj
LOAD CMakeFiles/slc.dir/base/C_/Users/tasrivas/SimplicityStudio/v6_workspace/Elevator_capacity_controller/elevator/elev_parser.c.obj
LOAD CMakeFiles/slc.dir/base/C_/Users/tasrivas/SimplicityStudio/v6_workspace/Elevator_capacity_controller/elevator/elev_parse_util.c.obj
LOAD CMakeFiles/slc.dir/base/C_/Users/tasrivas/SimplicityStudio/v6_workspace/Elevator_capacity_controller/elevator/elev_ctrl.c.obj
LOAD CMakeFiles/slc.dir/base/C_/Users/tasrivas/SimplicityStudio/v6_workspace/Elevator_capacity_controller/autogen/sl_board_default_init.c.obj
LOAD CMakeFiles/slc.dir/base/C_/Users/tasrivas/SimplicityStudio/v6_workspace/Elevator_capacity_controller/autogen/sl_dma_manager_instances.c.obj
LOAD CMakeFiles/slc.dir/base/C_/Users/tasrivas/SimplicityStudio/v6_workspace/Elevator_capacity_controller/autogen/sl_event_handler.c.obj
LOAD CMakeFiles/slc.dir/base/C_/Users/tasrivas/SimplicityStudio/v6_workspace/Elevator_capacity_controller/autogen/sl_simple_led_instances.c.obj
LOAD CMakeFiles/slc.dir/base/C_/Users/tasrivas/SimplicityStudio/v6_workspace/Elevator_capacity_controller/main.c.obj
START GROUP
LOAD C:/Users/tasrivas/.silabs/slt/installs/conan/p/gcc-a999d2e027337f/p/bin/../lib/gcc/arm-none-eabi/14.2.1/thumb/v8-m.main+fp/hard\libgcc.a
LOAD C:/Users/tasrivas/.silabs/slt/installs/conan/p/gcc-a999d2e027337f/p/bin/../lib/gcc/arm-none-eabi/14.2.1/../../../../arm-none-eabi/lib/thumb/v8-m.main+fp/hard\libc_nano.a
LOAD C:/Users/tasrivas/.silabs/slt/installs/conan/p/gcc-a999d2e027337f/p/bin/../lib/gcc/arm-none-eabi/14.2.1/../../../../arm-none-eabi/lib/thumb/v8-m.main+fp/hard\libm.a
LOAD C:/Users/tasrivas/.silabs/slt/installs/conan/p/gcc-a999d2e027337f/p/bin/../lib/gcc/arm-none-eabi/14.2.1/../../../../arm-none-eabi/lib/thumb/v8-m.main+fp/hard\libnosys.a
END GROUP
START GROUP
LOAD C:/Users/tasrivas/.silabs/slt/installs/conan/p/gcc-a999d2e027337f/p/bin/../lib/gcc/arm-none-eabi/14.2.1/thumb/v8-m.main+fp/hard\libgcc.a
LOAD C:/Users/tasrivas/.silabs/slt/installs/conan/p/gcc-a999d2e027337f/p/bin/../lib/gcc/arm-none-eabi/14.2.1/../../../../arm-none-eabi/lib/thumb/v8-m.main+fp/hard\libc_nano.a
END GROUP
START GROUP
LOAD C:/Users/tasrivas/.silabs/slt/installs/conan/p/gcc-a999d2e027337f/p/bin/../lib/gcc/arm-none-eabi/14.2.1/thumb/v8-m.main+fp/hard\libgcc.a
LOAD C:/Users/tasrivas/.silabs/slt/installs/conan/p/gcc-a999d2e027337f/p/bin/../lib/gcc/arm-none-eabi/14.2.1/../../../../arm-none-eabi/lib/thumb/v8-m.main+fp/hard\libc_nano.a
END GROUP
LOAD C:/Users/tasrivas/.silabs/slt/installs/conan/p/gcc-a999d2e027337f/p/bin/../lib/gcc/arm-none-eabi/14.2.1/thumb/v8-m.main+fp/hard/crtend.o
LOAD C:/Users/tasrivas/.silabs/slt/installs/conan/p/gcc-a999d2e027337f/p/bin/../lib/gcc/arm-none-eabi/14.2.1/thumb/v8-m.main+fp/hard/crtn.o

.vectors        0x08000000      0x170
                0x08000000                        linker_vectors_begin = .
 *(.vectors)
 .vectors       0x08000000      0x170 CMakeFiles/slc.dir/base/39b3fbad0420d4a2268bca3904c03f65/platform_core/platform/Device/SiliconLabs/EFR32MG24/Source/startup_efr32mg24.c.obj
                0x08000000                __Vectors
                0x08000170                        linker_vectors_end = .
                0x08000170                        __Vectors_End = .
                0x08000170                        __Vectors_Size = (__Vectors_End - __Vectors)

.stack          0x20000000      0x400
                0x20000000                        . = ALIGN (0x8)
                0x20000000                        __stack_limit = .
                0x20000000                        __StackLimit = .
 *(.stack*)
 .stack         0x20000000      0x400 CMakeFiles/slc.dir/base/39b3fbad0420d4a2268bca3904c03f65/platform_core/platform/service/memory_manager/src/sl_memory_manager_region.c.obj
                0x20000400                        . = ALIGN (0x4)
                0x20000400                        __stack = .
                0x20000400                        __StackTop = .

.bss            0x20000400     0x1258
                0x20000400                        . = ALIGN (0x4)
                0x20000400                        __bss_start__ = .
 *(SORT_BY_ALIGNMENT(.bss*))
 .bss.object.0  0x20000400       0x18 C:/Users/tasrivas/.silabs/slt/installs/conan/p/gcc-a999d2e027337f/p/bin/../lib/gcc/arm-none-eabi/14.2.1/thumb/v8-m.main+fp/hard/crtbegin.o
 .bss.Timer_Stack.0
                0x20000418      0x280 CMakeFiles/slc.dir/base/2b77e4e802d1c66c1c79b26cc0d0f777/simplicity_sdk_2026.6.0/freertos/cmsis/Source/cmsis_os2.c.obj
 .bss.Timer_TCB.1
                0x20000698       0x58 CMakeFiles/slc.dir/base/2b77e4e802d1c66c1c79b26cc0d0f777/simplicity_sdk_2026.6.0/freertos/cmsis/Source/cmsis_os2.c.obj
 .bss.Idle_Stack.2
                0x200006f0      0x280 CMakeFiles/slc.dir/base/2b77e4e802d1c66c1c79b26cc0d0f777/simplicity_sdk_2026.6.0/freertos/cmsis/Source/cmsis_os2.c.obj
 .bss.Idle_TCB.3
                0x20000970       0x58 CMakeFiles/slc.dir/base/2b77e4e802d1c66c1c79b26cc0d0f777/simplicity_sdk_2026.6.0/freertos/cmsis/Source/cmsis_os2.c.obj
 .bss.KernelState
                0x200009c8        0x4 CMakeFiles/slc.dir/base/2b77e4e802d1c66c1c79b26cc0d0f777/simplicity_sdk_2026.6.0/freertos/cmsis/Source/cmsis_os2.c.obj
 .bss.ulMaxPRIGROUPValue
                0x200009cc        0x4 CMakeFiles/slc.dir/base/2b77e4e802d1c66c1c79b26cc0d0f777/simplicity_sdk_2026.6.0/freertos/kernel/portable/GCC/ARM_CM33_NTZ/non_secure/port.c.obj
 .bss.xQueueRegistry
                0x200009d0       0x50 CMakeFiles/slc.dir/base/ac99a924435e78b3a00becfe9e3d0161/Elevator_capacity_controller/simplicity_sdk_2026.6.0/freertos/kernel/queue.c.obj
                0x200009d0                xQueueRegistry
 .bss.uxSchedulerSuspended
                0x20000a20        0x4 CMakeFiles/slc.dir/base/ac99a924435e78b3a00becfe9e3d0161/Elevator_capacity_controller/simplicity_sdk_2026.6.0/freertos/kernel/tasks.c.obj
 .bss.xIdleTaskHandles
                0x20000a24        0x4 CMakeFiles/slc.dir/base/ac99a924435e78b3a00becfe9e3d0161/Elevator_capacity_controller/simplicity_sdk_2026.6.0/freertos/kernel/tasks.c.obj
 .bss.xNextTaskUnblockTime
                0x20000a28        0x4 CMakeFiles/slc.dir/base/ac99a924435e78b3a00becfe9e3d0161/Elevator_capacity_controller/simplicity_sdk_2026.6.0/freertos/kernel/tasks.c.obj
 .bss.uxTaskNumber
                0x20000a2c        0x4 CMakeFiles/slc.dir/base/ac99a924435e78b3a00becfe9e3d0161/Elevator_capacity_controller/simplicity_sdk_2026.6.0/freertos/kernel/tasks.c.obj
 .bss.xNumOfOverflows
                0x20000a30        0x4 CMakeFiles/slc.dir/base/ac99a924435e78b3a00becfe9e3d0161/Elevator_capacity_controller/simplicity_sdk_2026.6.0/freertos/kernel/tasks.c.obj
 .bss.xYieldPendings
                0x20000a34        0x4 CMakeFiles/slc.dir/base/ac99a924435e78b3a00becfe9e3d0161/Elevator_capacity_controller/simplicity_sdk_2026.6.0/freertos/kernel/tasks.c.obj
 .bss.xPendedTicks
                0x20000a38        0x4 CMakeFiles/slc.dir/base/ac99a924435e78b3a00becfe9e3d0161/Elevator_capacity_controller/simplicity_sdk_2026.6.0/freertos/kernel/tasks.c.obj
 .bss.xSchedulerRunning
                0x20000a3c        0x4 CMakeFiles/slc.dir/base/ac99a924435e78b3a00becfe9e3d0161/Elevator_capacity_controller/simplicity_sdk_2026.6.0/freertos/kernel/tasks.c.obj
 .bss.uxTopReadyPriority
                0x20000a40        0x4 CMakeFiles/slc.dir/base/ac99a924435e78b3a00becfe9e3d0161/Elevator_capacity_controller/simplicity_sdk_2026.6.0/freertos/kernel/tasks.c.obj
 .bss.xTickCount
                0x20000a44        0x4 CMakeFiles/slc.dir/base/ac99a924435e78b3a00becfe9e3d0161/Elevator_capacity_controller/simplicity_sdk_2026.6.0/freertos/kernel/tasks.c.obj
 .bss.uxCurrentNumberOfTasks
                0x20000a48        0x4 CMakeFiles/slc.dir/base/ac99a924435e78b3a00becfe9e3d0161/Elevator_capacity_controller/simplicity_sdk_2026.6.0/freertos/kernel/tasks.c.obj
 .bss.xSuspendedTaskList
                0x20000a4c       0x14 CMakeFiles/slc.dir/base/ac99a924435e78b3a00becfe9e3d0161/Elevator_capacity_controller/simplicity_sdk_2026.6.0/freertos/kernel/tasks.c.obj
 .bss.uxDeletedTasksWaitingCleanUp
                0x20000a60        0x4 CMakeFiles/slc.dir/base/ac99a924435e78b3a00becfe9e3d0161/Elevator_capacity_controller/simplicity_sdk_2026.6.0/freertos/kernel/tasks.c.obj
 .bss.xTasksWaitingTermination
                0x20000a64       0x14 CMakeFiles/slc.dir/base/ac99a924435e78b3a00becfe9e3d0161/Elevator_capacity_controller/simplicity_sdk_2026.6.0/freertos/kernel/tasks.c.obj
 .bss.xPendingReadyList
                0x20000a78       0x14 CMakeFiles/slc.dir/base/ac99a924435e78b3a00becfe9e3d0161/Elevator_capacity_controller/simplicity_sdk_2026.6.0/freertos/kernel/tasks.c.obj
 .bss.pxOverflowDelayedTaskList
                0x20000a8c        0x4 CMakeFiles/slc.dir/base/ac99a924435e78b3a00becfe9e3d0161/Elevator_capacity_controller/simplicity_sdk_2026.6.0/freertos/kernel/tasks.c.obj
 .bss.pxDelayedTaskList
                0x20000a90        0x4 CMakeFiles/slc.dir/base/ac99a924435e78b3a00becfe9e3d0161/Elevator_capacity_controller/simplicity_sdk_2026.6.0/freertos/kernel/tasks.c.obj
 .bss.xDelayedTaskList2
                0x20000a94       0x14 CMakeFiles/slc.dir/base/ac99a924435e78b3a00becfe9e3d0161/Elevator_capacity_controller/simplicity_sdk_2026.6.0/freertos/kernel/tasks.c.obj
 .bss.xDelayedTaskList1
                0x20000aa8       0x14 CMakeFiles/slc.dir/base/ac99a924435e78b3a00becfe9e3d0161/Elevator_capacity_controller/simplicity_sdk_2026.6.0/freertos/kernel/tasks.c.obj
 .bss.pxReadyTasksLists
                0x20000abc      0x460 CMakeFiles/slc.dir/base/ac99a924435e78b3a00becfe9e3d0161/Elevator_capacity_controller/simplicity_sdk_2026.6.0/freertos/kernel/tasks.c.obj
 .bss.pxCurrentTCB
                0x20000f1c        0x4 CMakeFiles/slc.dir/base/ac99a924435e78b3a00becfe9e3d0161/Elevator_capacity_controller/simplicity_sdk_2026.6.0/freertos/kernel/tasks.c.obj
                0x20000f1c                pxCurrentTCB
 .bss.xLastTime.0
                0x20000f20        0x4 CMakeFiles/slc.dir/base/ac99a924435e78b3a00becfe9e3d0161/Elevator_capacity_controller/simplicity_sdk_2026.6.0/freertos/kernel/timers.c.obj
 .bss.xStaticTimerQueue.1
                0x20000f24       0x50 CMakeFiles/slc.dir/base/ac99a924435e78b3a00becfe9e3d0161/Elevator_capacity_controller/simplicity_sdk_2026.6.0/freertos/kernel/timers.c.obj
 .bss.xTimerTaskHandle
                0x20000f74        0x4 CMakeFiles/slc.dir/base/ac99a924435e78b3a00becfe9e3d0161/Elevator_capacity_controller/simplicity_sdk_2026.6.0/freertos/kernel/timers.c.obj
 .bss.xTimerQueue
                0x20000f78        0x4 CMakeFiles/slc.dir/base/ac99a924435e78b3a00becfe9e3d0161/Elevator_capacity_controller/simplicity_sdk_2026.6.0/freertos/kernel/timers.c.obj
 .bss.pxOverflowTimerList
                0x20000f7c        0x4 CMakeFiles/slc.dir/base/ac99a924435e78b3a00becfe9e3d0161/Elevator_capacity_controller/simplicity_sdk_2026.6.0/freertos/kernel/timers.c.obj
 .bss.pxCurrentTimerList
                0x20000f80        0x4 CMakeFiles/slc.dir/base/ac99a924435e78b3a00becfe9e3d0161/Elevator_capacity_controller/simplicity_sdk_2026.6.0/freertos/kernel/timers.c.obj
 .bss.xActiveTimerList2
                0x20000f84       0x14 CMakeFiles/slc.dir/base/ac99a924435e78b3a00becfe9e3d0161/Elevator_capacity_controller/simplicity_sdk_2026.6.0/freertos/kernel/timers.c.obj
 .bss.xActiveTimerList1
                0x20000f98       0x14 CMakeFiles/slc.dir/base/ac99a924435e78b3a00becfe9e3d0161/Elevator_capacity_controller/simplicity_sdk_2026.6.0/freertos/kernel/timers.c.obj
 .bss.gpio_interrupts
                0x20000fac      0x100 CMakeFiles/slc.dir/base/2b77e4e802d1c66c1c79b26cc0d0f777/simplicity_sdk_2026.6.0/platform_core/platform/driver/gpio/src/sl_gpio.c.obj
 .bss.current_irq_dma_handle
                0x200010ac        0x4 CMakeFiles/slc.dir/base/39b3fbad0420d4a2268bca3904c03f65/platform_core/platform/service/dma_manager/src/sl_dma_manager.c.obj
 .bss.default_dma_handle
                0x200010b0        0x4 CMakeFiles/slc.dir/base/39b3fbad0420d4a2268bca3904c03f65/platform_core/platform/service/dma_manager/src/sl_dma_manager.c.obj
                0x200010b0                default_dma_handle
 .bss.dma_handle_list
                0x200010b4        0x4 CMakeFiles/slc.dir/base/39b3fbad0420d4a2268bca3904c03f65/platform_core/platform/service/dma_manager/src/sl_dma_manager.c.obj
                0x200010b4                dma_handle_list
 .bss.sli_dma_manager_pending_errors
                0x200010b8       0x20 CMakeFiles/slc.dir/base/39b3fbad0420d4a2268bca3904c03f65/platform_core/platform/service/dma_manager/src/sl_dma_manager_hal_ldma.c.obj
 .bss.sli_general_purpose_heap
                0x200010d8       0x28 CMakeFiles/slc.dir/base/39b3fbad0420d4a2268bca3904c03f65/platform_core/platform/service/memory_manager/src/sl_memory_manager.c.obj
                0x200010d8                sli_general_purpose_heap
 .bss.sli_memory_heap_region
                0x20001100        0x8 CMakeFiles/slc.dir/base/39b3fbad0420d4a2268bca3904c03f65/platform_core/platform/service/memory_manager/src/sl_memory_manager_region.c.obj
 .bss.start_task_id
                0x20001108        0x4 CMakeFiles/slc.dir/base/2b77e4e802d1c66c1c79b26cc0d0f777/simplicity_sdk_2026.6.0/platform_core/platform/service/sl_main/src/sl_main_kernel.c.obj
                0x20001108                start_task_id
 .bss.max_millisecond_conversion
                0x2000110c        0x4 CMakeFiles/slc.dir/base/39b3fbad0420d4a2268bca3904c03f65/platform_core/platform/service/sleeptimer/src/sl_sleeptimer.c.obj
 .bss.last_delta_update_count
                0x20001110        0x4 CMakeFiles/slc.dir/base/39b3fbad0420d4a2268bca3904c03f65/platform_core/platform/service/sleeptimer/src/sl_sleeptimer.c.obj
 .bss.timer_head
                0x20001114        0x4 CMakeFiles/slc.dir/base/39b3fbad0420d4a2268bca3904c03f65/platform_core/platform/service/sleeptimer/src/sl_sleeptimer.c.obj
 .bss.timer_frequency
                0x20001118        0x4 CMakeFiles/slc.dir/base/39b3fbad0420d4a2268bca3904c03f65/platform_core/platform/service/sleeptimer/src/sl_sleeptimer.c.obj
 .bss.overflow_counter
                0x2000111c        0x4 CMakeFiles/slc.dir/base/39b3fbad0420d4a2268bca3904c03f65/platform_core/platform/service/sleeptimer/src/sl_sleeptimer.c.obj
 .bss.s_btn_tmr
                0x20001120        0x4 CMakeFiles/slc.dir/base/C_/Users/tasrivas/SimplicityStudio/v6_workspace/Elevator_capacity_controller/elevator/elev_app.c.obj
 .bss.s_req_q   0x20001124        0x4 CMakeFiles/slc.dir/base/C_/Users/tasrivas/SimplicityStudio/v6_workspace/Elevator_capacity_controller/elevator/elev_app.c.obj
 .bss.s_dma_tx  0x20001128       0x18 CMakeFiles/slc.dir/base/C_/Users/tasrivas/SimplicityStudio/v6_workspace/Elevator_capacity_controller/elevator/elev_tx.c.obj
 .bss.s_parser  0x20001140        0x4 CMakeFiles/slc.dir/base/C_/Users/tasrivas/SimplicityStudio/v6_workspace/Elevator_capacity_controller/elevator/elev_rx.c.obj
 .bss.s_parser_task
                0x20001144        0x4 CMakeFiles/slc.dir/base/C_/Users/tasrivas/SimplicityStudio/v6_workspace/Elevator_capacity_controller/elevator/elev_parser.c.obj
 .bss.s_req_q   0x20001148        0x4 CMakeFiles/slc.dir/base/C_/Users/tasrivas/SimplicityStudio/v6_workspace/Elevator_capacity_controller/elevator/elev_parser.c.obj
 .bss.s_stat_timeouts
                0x2000114c        0x4 CMakeFiles/slc.dir/base/C_/Users/tasrivas/SimplicityStudio/v6_workspace/Elevator_capacity_controller/elevator/elev_ctrl.c.obj
 .bss.s_stat_deferred
                0x20001150        0x4 CMakeFiles/slc.dir/base/C_/Users/tasrivas/SimplicityStudio/v6_workspace/Elevator_capacity_controller/elevator/elev_ctrl.c.obj
 .bss.s_stat_exited
                0x20001154        0x4 CMakeFiles/slc.dir/base/C_/Users/tasrivas/SimplicityStudio/v6_workspace/Elevator_capacity_controller/elevator/elev_ctrl.c.obj
 .bss.s_stat_entered
                0x20001158        0x4 CMakeFiles/slc.dir/base/C_/Users/tasrivas/SimplicityStudio/v6_workspace/Elevator_capacity_controller/elevator/elev_ctrl.c.obj
 .bss.s_mtx_state
                0x2000115c        0x4 CMakeFiles/slc.dir/base/C_/Users/tasrivas/SimplicityStudio/v6_workspace/Elevator_capacity_controller/elevator/elev_ctrl.c.obj
 .bss.s_sem_capacity
                0x20001160        0x4 CMakeFiles/slc.dir/base/C_/Users/tasrivas/SimplicityStudio/v6_workspace/Elevator_capacity_controller/elevator/elev_ctrl.c.obj
 .bss.s_wait_q  0x20001164        0x4 CMakeFiles/slc.dir/base/C_/Users/tasrivas/SimplicityStudio/v6_workspace/Elevator_capacity_controller/elevator/elev_ctrl.c.obj
 .bss.s_req_q   0x20001168        0x4 CMakeFiles/slc.dir/base/C_/Users/tasrivas/SimplicityStudio/v6_workspace/Elevator_capacity_controller/elevator/elev_ctrl.c.obj
 .bss.sl_dma_handle_ldma0
                0x2000116c       0x1c CMakeFiles/slc.dir/base/C_/Users/tasrivas/SimplicityStudio/v6_workspace/Elevator_capacity_controller/autogen/sl_dma_manager_instances.c.obj
                0x2000116c                sl_dma_handle_ldma0
 .bss.__sf      0x20001188      0x138 C:/Users/tasrivas/.silabs/slt/installs/conan/p/gcc-a999d2e027337f/p/bin/../lib/gcc/arm-none-eabi/14.2.1/../../../../arm-none-eabi/lib/thumb/v8-m.main+fp/hard\libc_nano.a(libc_a-findfp.o)
                0x20001188                __sf
 .bss.__stdio_exit_handler
                0x200012c0        0x4 C:/Users/tasrivas/.silabs/slt/installs/conan/p/gcc-a999d2e027337f/p/bin/../lib/gcc/arm-none-eabi/14.2.1/../../../../arm-none-eabi/lib/thumb/v8-m.main+fp/hard\libc_nano.a(libc_a-findfp.o)
                0x200012c0                __stdio_exit_handler
 .bss.s_dma_len
                0x200012c4        0x2 CMakeFiles/slc.dir/base/C_/Users/tasrivas/SimplicityStudio/v6_workspace/Elevator_capacity_controller/elevator/elev_tx.c.obj
 .bss.s_tail    0x200012c6        0x2 CMakeFiles/slc.dir/base/C_/Users/tasrivas/SimplicityStudio/v6_workspace/Elevator_capacity_controller/elevator/elev_tx.c.obj
 .bss.s_head    0x200012c8        0x2 CMakeFiles/slc.dir/base/C_/Users/tasrivas/SimplicityStudio/v6_workspace/Elevator_capacity_controller/elevator/elev_tx.c.obj
 .bss.s_last_len
                0x200012ca        0x2 CMakeFiles/slc.dir/base/C_/Users/tasrivas/SimplicityStudio/v6_workspace/Elevator_capacity_controller/elevator/elev_rx.c.obj
 .bss.s_slot    0x200012cc       0x88 CMakeFiles/slc.dir/base/C_/Users/tasrivas/SimplicityStudio/v6_workspace/Elevator_capacity_controller/elevator/elev_rx.c.obj
 .bss.s_stat_max_occ
                0x20001354        0x2 CMakeFiles/slc.dir/base/C_/Users/tasrivas/SimplicityStudio/v6_workspace/Elevator_capacity_controller/elevator/elev_ctrl.c.obj
 .bss.s_capacity
                0x20001356        0x2 CMakeFiles/slc.dir/base/C_/Users/tasrivas/SimplicityStudio/v6_workspace/Elevator_capacity_controller/elevator/elev_ctrl.c.obj
 .bss.s_waiting_total
                0x20001358        0x2 CMakeFiles/slc.dir/base/C_/Users/tasrivas/SimplicityStudio/v6_workspace/Elevator_capacity_controller/elevator/elev_ctrl.c.obj
 .bss.s_occupancy
                0x2000135a        0x2 CMakeFiles/slc.dir/base/C_/Users/tasrivas/SimplicityStudio/v6_workspace/Elevator_capacity_controller/elevator/elev_ctrl.c.obj
 .bss.completed.1
                0x2000135c        0x1 C:/Users/tasrivas/.silabs/slt/installs/conan/p/gcc-a999d2e027337f/p/bin/../lib/gcc/arm-none-eabi/14.2.1/thumb/v8-m.main+fp/hard/crtbegin.o
 .bss.ucMaxSysCallPriority
                0x2000135d        0x1 CMakeFiles/slc.dir/base/2b77e4e802d1c66c1c79b26cc0d0f777/simplicity_sdk_2026.6.0/freertos/kernel/portable/GCC/ARM_CM33_NTZ/non_secure/port.c.obj
 .bss.ucStaticTimerQueueStorage.2
                0x2000135e       0xa0 CMakeFiles/slc.dir/base/ac99a924435e78b3a00becfe9e3d0161/Elevator_capacity_controller/simplicity_sdk_2026.6.0/freertos/kernel/timers.c.obj
 .bss.pclkDiv   0x200013fe        0x1 CMakeFiles/slc.dir/base/2b77e4e802d1c66c1c79b26cc0d0f777/simplicity_sdk_2026.6.0/platform_core/platform/emlib/src/em_cmu.c.obj
 .bss.vScaleEM01Config
                0x200013ff        0x1 CMakeFiles/slc.dir/base/2b77e4e802d1c66c1c79b26cc0d0f777/simplicity_sdk_2026.6.0/platform_core/platform/emlib/src/em_emu.c.obj
 .bss.current_irq_channel_nbr
                0x20001400        0x1 CMakeFiles/slc.dir/base/39b3fbad0420d4a2268bca3904c03f65/platform_core/platform/service/dma_manager/src/sl_dma_manager.c.obj
 .bss.is_interrupt_manager_initialized
                0x20001401        0x1 CMakeFiles/slc.dir/base/39b3fbad0420d4a2268bca3904c03f65/platform_core/platform/service/interrupt_manager/src/sl_interrupt_manager_cortexm.c.obj
 .bss.sli_mm_initialized
                0x20001402        0x1 CMakeFiles/slc.dir/base/39b3fbad0420d4a2268bca3904c03f65/platform_core/platform/service/memory_manager/src/sl_memory_manager.c.obj
                0x20001402                sli_mm_initialized
 .bss.sleep_on_isr_exit
                0x20001403        0x1 CMakeFiles/slc.dir/base/39b3fbad0420d4a2268bca3904c03f65/platform_core/platform/service/sleeptimer/src/sl_sleeptimer.c.obj
 .bss.next_timer_to_expire_is_power_manager
                0x20001404        0x1 CMakeFiles/slc.dir/base/39b3fbad0420d4a2268bca3904c03f65/platform_core/platform/service/sleeptimer/src/sl_sleeptimer.c.obj
                0x20001404                next_timer_to_expire_is_power_manager
 .bss.is_sleeptimer_initialized
                0x20001405        0x1 CMakeFiles/slc.dir/base/39b3fbad0420d4a2268bca3904c03f65/platform_core/platform/service/sleeptimer/src/sl_sleeptimer.c.obj
 .bss.s_btn1    0x20001406        0x3 CMakeFiles/slc.dir/base/C_/Users/tasrivas/SimplicityStudio/v6_workspace/Elevator_capacity_controller/elevator/elev_gpio.c.obj
 .bss.s_btn0    0x20001409        0x3 CMakeFiles/slc.dir/base/C_/Users/tasrivas/SimplicityStudio/v6_workspace/Elevator_capacity_controller/elevator/elev_gpio.c.obj
 .bss.s_led1_phase
                0x2000140c        0x1 CMakeFiles/slc.dir/base/C_/Users/tasrivas/SimplicityStudio/v6_workspace/Elevator_capacity_controller/elevator/elev_gpio.c.obj
 .bss.s_blink_div
                0x2000140d        0x1 CMakeFiles/slc.dir/base/C_/Users/tasrivas/SimplicityStudio/v6_workspace/Elevator_capacity_controller/elevator/elev_gpio.c.obj
 .bss.s_led_blocked
                0x2000140e        0x1 CMakeFiles/slc.dir/base/C_/Users/tasrivas/SimplicityStudio/v6_workspace/Elevator_capacity_controller/elevator/elev_gpio.c.obj
 .bss.s_led_full
                0x2000140f        0x1 CMakeFiles/slc.dir/base/C_/Users/tasrivas/SimplicityStudio/v6_workspace/Elevator_capacity_controller/elevator/elev_gpio.c.obj
 .bss.s_led_available
                0x20001410        0x1 CMakeFiles/slc.dir/base/C_/Users/tasrivas/SimplicityStudio/v6_workspace/Elevator_capacity_controller/elevator/elev_gpio.c.obj
 .bss.s_dma_busy
                0x20001411        0x1 CMakeFiles/slc.dir/base/C_/Users/tasrivas/SimplicityStudio/v6_workspace/Elevator_capacity_controller/elevator/elev_tx.c.obj
 .bss.s_dma_ch  0x20001412        0x1 CMakeFiles/slc.dir/base/C_/Users/tasrivas/SimplicityStudio/v6_workspace/Elevator_capacity_controller/elevator/elev_tx.c.obj
 .bss.s_ring    0x20001413      0x200 CMakeFiles/slc.dir/base/C_/Users/tasrivas/SimplicityStudio/v6_workspace/Elevator_capacity_controller/elevator/elev_tx.c.obj
 .bss.s_esc     0x20001613        0x1 CMakeFiles/slc.dir/base/C_/Users/tasrivas/SimplicityStudio/v6_workspace/Elevator_capacity_controller/elevator/elev_rx.c.obj
 .bss.s_last    0x20001614       0x40 CMakeFiles/slc.dir/base/C_/Users/tasrivas/SimplicityStudio/v6_workspace/Elevator_capacity_controller/elevator/elev_rx.c.obj
 .bss.s_saw_cr  0x20001654        0x1 CMakeFiles/slc.dir/base/C_/Users/tasrivas/SimplicityStudio/v6_workspace/Elevator_capacity_controller/elevator/elev_rx.c.obj
 .bss.s_overflow
                0x20001655        0x1 CMakeFiles/slc.dir/base/C_/Users/tasrivas/SimplicityStudio/v6_workspace/Elevator_capacity_controller/elevator/elev_rx.c.obj
 .bss.s_ready   0x20001656        0x1 CMakeFiles/slc.dir/base/C_/Users/tasrivas/SimplicityStudio/v6_workspace/Elevator_capacity_controller/elevator/elev_rx.c.obj
 .bss.s_fill    0x20001657        0x1 CMakeFiles/slc.dir/base/C_/Users/tasrivas/SimplicityStudio/v6_workspace/Elevator_capacity_controller/elevator/elev_rx.c.obj
 *(COMMON)
                0x20001658                        . = ALIGN (0x4)
                0x20001658                        __bss_end__ = .

.noinit
 *(.noinit*)

text_application_ram
                0x20001658        0x0 load address 0x08000170
                0x20001658                        . = ALIGN (0x4)
                0x20001658                        __vma_ramfuncs_start__ = .
 *(text_application_ram)
                0x20001658                        . = ALIGN (0x4)
                0x20001658                        __vma_ramfuncs_end__ = .
                0x08000170                        __lma_ramfuncs_start__ = LOADADDR (text_application_ram)
                0x08000170                        __lma_ramfuncs_end__ = (LOADADDR (text_application_ram) + SIZEOF (text_application_ram))

.rodata

.text           0x08000170     0xaab0
                0x08000170                        linker_code_begin = .
 *(SORT_BY_ALIGNMENT(.text*))
 .text          0x08000170        0x8 CMakeFiles/slc.dir/base/39b3fbad0420d4a2268bca3904c03f65/platform_core/platform/service/udelay/src/sl_udelay_armv6m_gcc.S.obj
                0x08000170                sli_delay_loop
 .text.deregister_tm_clones
                0x08000178       0x1c C:/Users/tasrivas/.silabs/slt/installs/conan/p/gcc-a999d2e027337f/p/bin/../lib/gcc/arm-none-eabi/14.2.1/thumb/v8-m.main+fp/hard/crtbegin.o
 .text.register_tm_clones
                0x08000194       0x28 C:/Users/tasrivas/.silabs/slt/installs/conan/p/gcc-a999d2e027337f/p/bin/../lib/gcc/arm-none-eabi/14.2.1/thumb/v8-m.main+fp/hard/crtbegin.o
 .text.__do_global_dtors_aux
                0x080001bc       0x28 C:/Users/tasrivas/.silabs/slt/installs/conan/p/gcc-a999d2e027337f/p/bin/../lib/gcc/arm-none-eabi/14.2.1/thumb/v8-m.main+fp/hard/crtbegin.o
 .text.frame_dummy
                0x080001e4       0x24 C:/Users/tasrivas/.silabs/slt/installs/conan/p/gcc-a999d2e027337f/p/bin/../lib/gcc/arm-none-eabi/14.2.1/thumb/v8-m.main+fp/hard/crtbegin.o
 .text          0x08000208       0x7c C:/Users/tasrivas/.silabs/slt/installs/conan/p/gcc-a999d2e027337f/p/bin/../lib/gcc/arm-none-eabi/14.2.1/../../../../arm-none-eabi/lib/thumb/v8-m.main+fp/hard/crt0.o
                0x08000208                _stack_init
                0x08000210                _start
                0x08000210                _mainCRTStartup
 .text.sl_board_init
                0x08000284       0x18 CMakeFiles/slc.dir/base/2b77e4e802d1c66c1c79b26cc0d0f777/simplicity_sdk_2026.6.0/boards/hardware/board/src/sl_board_init.c.obj
                0x08000284                sl_board_init
 .text.sl_board_preinit
                0x0800029c        0xc CMakeFiles/slc.dir/base/2b77e4e802d1c66c1c79b26cc0d0f777/simplicity_sdk_2026.6.0/boards/hardware/board/src/sl_board_init.c.obj
                0x0800029c                sl_board_preinit
 .text.sl_mx25_flash_shutdown
                0x080002a8      0x19c CMakeFiles/slc.dir/base/0b6e346421ebc05ea9639262f42b318c/mx25_flash_shutdown/src/sl_mx25_flash_shutdown_eusart/sl_mx25_flash_shutdown.c.obj
                0x080002a8                sl_mx25_flash_shutdown
 .text.vApplicationStackOverflowHook
                0x08000444       0x10 CMakeFiles/slc.dir/base/2b77e4e802d1c66c1c79b26cc0d0f777/simplicity_sdk_2026.6.0/freertos/cmsis/Source/cmsis_os2.c.obj
                0x08000444                vApplicationStackOverflowHook
 .text.prvTaskExitError
                0x08000454       0x30 CMakeFiles/slc.dir/base/2b77e4e802d1c66c1c79b26cc0d0f777/simplicity_sdk_2026.6.0/freertos/kernel/portable/GCC/ARM_CM33_NTZ/non_secure/port.c.obj
 .text.vPortValidateInterruptPriority
                0x08000484       0x54 CMakeFiles/slc.dir/base/2b77e4e802d1c66c1c79b26cc0d0f777/simplicity_sdk_2026.6.0/freertos/kernel/portable/GCC/ARM_CM33_NTZ/non_secure/port.c.obj
                0x08000484                vPortValidateInterruptPriority
 .text.sl_slist_push
                0x080004d8       0x20 CMakeFiles/slc.dir/base/2b77e4e802d1c66c1c79b26cc0d0f777/simplicity_sdk_2026.6.0/platform_core/platform/common/src/sl_slist.c.obj
                0x080004d8                sl_slist_push
 .text.CopyFunctionsToRam
                0x080004f8       0x1c CMakeFiles/slc.dir/base/39b3fbad0420d4a2268bca3904c03f65/platform_core/platform/Device/SiliconLabs/EFR32MG24/Source/startup_efr32mg24.c.obj
                0x080004f8                CopyFunctionsToRam
 .text.Reset_Handler_C
                0x08000514       0x6c CMakeFiles/slc.dir/base/39b3fbad0420d4a2268bca3904c03f65/platform_core/platform/Device/SiliconLabs/EFR32MG24/Source/startup_efr32mg24.c.obj
                0x08000514                Reset_Handler_C
 .text.SystemInit
                0x08000580       0x64 CMakeFiles/slc.dir/base/39b3fbad0420d4a2268bca3904c03f65/platform_core/platform/Device/SiliconLabs/EFR32MG24/Source/system_efr32mg24.c.obj
                0x08000580                SystemInit
 .text.SystemHFRCODPLLClockSet
                0x080005e4        0xc CMakeFiles/slc.dir/base/39b3fbad0420d4a2268bca3904c03f65/platform_core/platform/Device/SiliconLabs/EFR32MG24/Source/system_efr32mg24.c.obj
                0x080005e4                SystemHFRCODPLLClockSet
 .text.SystemHFXOClockSet
                0x080005f0       0x20 CMakeFiles/slc.dir/base/39b3fbad0420d4a2268bca3904c03f65/platform_core/platform/Device/SiliconLabs/EFR32MG24/Source/system_efr32mg24.c.obj
                0x080005f0                SystemHFXOClockSet
 .text.sl_debug_swo_init
                0x08000610       0xcc CMakeFiles/slc.dir/base/2b77e4e802d1c66c1c79b26cc0d0f777/simplicity_sdk_2026.6.0/platform_core/platform/driver/debug/src/sl_debug_swo.c.obj
                0x08000610                sl_debug_swo_init
 .text.find_descriptor_by_link
                0x080006dc       0x24 CMakeFiles/slc.dir/base/39b3fbad0420d4a2268bca3904c03f65/platform_core/platform/driver/dma_channel/src/sl_dma_channel.c.obj
 .text.sl_dma_channel_descriptor_alloc
                0x08000700       0x58 CMakeFiles/slc.dir/base/39b3fbad0420d4a2268bca3904c03f65/platform_core/platform/driver/dma_channel/src/sl_dma_channel.c.obj
                0x08000700                sl_dma_channel_descriptor_alloc
 .text.sli_dma_channel_submit_transfer_list
                0x08000758      0x2dc CMakeFiles/slc.dir/base/39b3fbad0420d4a2268bca3904c03f65/platform_core/platform/driver/dma_channel/src/sl_dma_channel.c.obj
 .text.sl_dma_channel_set_peripheral_signal
                0x08000a34       0x94 CMakeFiles/slc.dir/base/39b3fbad0420d4a2268bca3904c03f65/platform_core/platform/driver/dma_channel/src/sl_dma_channel.c.obj
                0x08000a34                sl_dma_channel_set_peripheral_signal
 .text.sl_dma_channel_init
                0x08000ac8       0xe0 CMakeFiles/slc.dir/base/39b3fbad0420d4a2268bca3904c03f65/platform_core/platform/driver/dma_channel/src/sl_dma_channel.c.obj
                0x08000ac8                sl_dma_channel_init
 .text.sl_dma_descriptor_allocator_allocate
                0x08000ba8       0x28 CMakeFiles/slc.dir/base/39b3fbad0420d4a2268bca3904c03f65/platform_core/platform/driver/dma_channel/src/sl_dma_descriptor_allocator.c.obj
                0x08000ba8                sl_dma_descriptor_allocator_allocate
 .text.sl_gpio_dispatch_interrupt
                0x08000bd0       0x3c CMakeFiles/slc.dir/base/2b77e4e802d1c66c1c79b26cc0d0f777/simplicity_sdk_2026.6.0/platform_core/platform/driver/gpio/src/sl_gpio.c.obj
 .text.sl_gpio_init
                0x08000c0c       0x38 CMakeFiles/slc.dir/base/2b77e4e802d1c66c1c79b26cc0d0f777/simplicity_sdk_2026.6.0/platform_core/platform/driver/gpio/src/sl_gpio.c.obj
                0x08000c0c                sl_gpio_init
 .text.sl_gpio_set_pin_mode
                0x08000c44       0x68 CMakeFiles/slc.dir/base/2b77e4e802d1c66c1c79b26cc0d0f777/simplicity_sdk_2026.6.0/platform_core/platform/driver/gpio/src/sl_gpio.c.obj
                0x08000c44                sl_gpio_set_pin_mode
 .text.sl_gpio_set_pin
                0x08000cac       0x48 CMakeFiles/slc.dir/base/2b77e4e802d1c66c1c79b26cc0d0f777/simplicity_sdk_2026.6.0/platform_core/platform/driver/gpio/src/sl_gpio.c.obj
                0x08000cac                sl_gpio_set_pin
 .text.sl_gpio_clear_pin
                0x08000cf4       0x48 CMakeFiles/slc.dir/base/2b77e4e802d1c66c1c79b26cc0d0f777/simplicity_sdk_2026.6.0/platform_core/platform/driver/gpio/src/sl_gpio.c.obj
                0x08000cf4                sl_gpio_clear_pin
 .text.sl_gpio_get_pin_output
                0x08000d3c       0x60 CMakeFiles/slc.dir/base/2b77e4e802d1c66c1c79b26cc0d0f777/simplicity_sdk_2026.6.0/platform_core/platform/driver/gpio/src/sl_gpio.c.obj
                0x08000d3c                sl_gpio_get_pin_output
 .text.sl_gpio_get_pin_input
                0x08000d9c       0x60 CMakeFiles/slc.dir/base/2b77e4e802d1c66c1c79b26cc0d0f777/simplicity_sdk_2026.6.0/platform_core/platform/driver/gpio/src/sl_gpio.c.obj
                0x08000d9c                sl_gpio_get_pin_input
 .text.GPIO_EVEN_IRQHandler
                0x08000dfc       0x20 CMakeFiles/slc.dir/base/2b77e4e802d1c66c1c79b26cc0d0f777/simplicity_sdk_2026.6.0/platform_core/platform/driver/gpio/src/sl_gpio.c.obj
                0x08000dfc                GPIO_EVEN_IRQHandler
 .text.GPIO_ODD_IRQHandler
                0x08000e1c       0x20 CMakeFiles/slc.dir/base/2b77e4e802d1c66c1c79b26cc0d0f777/simplicity_sdk_2026.6.0/platform_core/platform/driver/gpio/src/sl_gpio.c.obj
                0x08000e1c                GPIO_ODD_IRQHandler
 .text.sl_simple_led_init
                0x08000e3c       0x34 CMakeFiles/slc.dir/base/2b77e4e802d1c66c1c79b26cc0d0f777/simplicity_sdk_2026.6.0/platform_core/platform/driver/leddrv/src/sl_simple_led.c.obj
                0x08000e3c                sl_simple_led_init
 .text.EMU_VScaleGet
                0x08000e70       0x18 CMakeFiles/slc.dir/base/2b77e4e802d1c66c1c79b26cc0d0f777/simplicity_sdk_2026.6.0/platform_core/platform/emlib/src/em_cmu.c.obj
 .text.dpllRefClkGet
                0x08000e88       0x48 CMakeFiles/slc.dir/base/2b77e4e802d1c66c1c79b26cc0d0f777/simplicity_sdk_2026.6.0/platform_core/platform/emlib/src/em_cmu.c.obj
 .text.em23GrpaClkGet
                0x08000ed0       0x48 CMakeFiles/slc.dir/base/2b77e4e802d1c66c1c79b26cc0d0f777/simplicity_sdk_2026.6.0/platform_core/platform/emlib/src/em_cmu.c.obj
 .text.em4GrpaClkGet
                0x08000f18       0x48 CMakeFiles/slc.dir/base/2b77e4e802d1c66c1c79b26cc0d0f777/simplicity_sdk_2026.6.0/platform_core/platform/emlib/src/em_cmu.c.obj
 .text.sysrtcClkGet
                0x08000f60       0x48 CMakeFiles/slc.dir/base/2b77e4e802d1c66c1c79b26cc0d0f777/simplicity_sdk_2026.6.0/platform_core/platform/emlib/src/em_cmu.c.obj
 .text.traceClkGet
                0x08000fa8       0x54 CMakeFiles/slc.dir/base/2b77e4e802d1c66c1c79b26cc0d0f777/simplicity_sdk_2026.6.0/platform_core/platform/emlib/src/em_cmu.c.obj
 .text.em01GrpaClkGet
                0x08000ffc       0x74 CMakeFiles/slc.dir/base/2b77e4e802d1c66c1c79b26cc0d0f777/simplicity_sdk_2026.6.0/platform_core/platform/emlib/src/em_cmu.c.obj
 .text.em01GrpcClkGet
                0x08001070       0x70 CMakeFiles/slc.dir/base/2b77e4e802d1c66c1c79b26cc0d0f777/simplicity_sdk_2026.6.0/platform_core/platform/emlib/src/em_cmu.c.obj
 .text.eusart0ClkGet
                0x080010e0       0x74 CMakeFiles/slc.dir/base/2b77e4e802d1c66c1c79b26cc0d0f777/simplicity_sdk_2026.6.0/platform_core/platform/emlib/src/em_cmu.c.obj
 .text.iadcClkGet
                0x08001154       0x60 CMakeFiles/slc.dir/base/2b77e4e802d1c66c1c79b26cc0d0f777/simplicity_sdk_2026.6.0/platform_core/platform/emlib/src/em_cmu.c.obj
 .text.wdog0ClkGet
                0x080011b4       0x64 CMakeFiles/slc.dir/base/2b77e4e802d1c66c1c79b26cc0d0f777/simplicity_sdk_2026.6.0/platform_core/platform/emlib/src/em_cmu.c.obj
 .text.wdog1ClkGet
                0x08001218       0x64 CMakeFiles/slc.dir/base/2b77e4e802d1c66c1c79b26cc0d0f777/simplicity_sdk_2026.6.0/platform_core/platform/emlib/src/em_cmu.c.obj
 .text.vdac0ClkGet
                0x0800127c       0x70 CMakeFiles/slc.dir/base/2b77e4e802d1c66c1c79b26cc0d0f777/simplicity_sdk_2026.6.0/platform_core/platform/emlib/src/em_cmu.c.obj
 .text.vdac1ClkGet
                0x080012ec       0x70 CMakeFiles/slc.dir/base/2b77e4e802d1c66c1c79b26cc0d0f777/simplicity_sdk_2026.6.0/platform_core/platform/emlib/src/em_cmu.c.obj
 .text.HFRCODPLLDevinfoGet
                0x0800135c      0x108 CMakeFiles/slc.dir/base/2b77e4e802d1c66c1c79b26cc0d0f777/simplicity_sdk_2026.6.0/platform_core/platform/emlib/src/em_cmu.c.obj
 .text.BUS_RegMaskedWrite
                0x08001464       0x34 CMakeFiles/slc.dir/base/2b77e4e802d1c66c1c79b26cc0d0f777/simplicity_sdk_2026.6.0/platform_core/platform/emlib/src/em_cmu.c.obj
 .text.CMU_ClockDivGet
                0x08001498       0x78 CMakeFiles/slc.dir/base/2b77e4e802d1c66c1c79b26cc0d0f777/simplicity_sdk_2026.6.0/platform_core/platform/emlib/src/em_cmu.c.obj
                0x08001498                CMU_ClockDivGet
 .text.flashWaitStateControl
                0x08001510       0x58 CMakeFiles/slc.dir/base/2b77e4e802d1c66c1c79b26cc0d0f777/simplicity_sdk_2026.6.0/platform_core/platform/emlib/src/em_cmu.c.obj
 .text.CMU_ClockFreqGet
                0x08001568      0x298 CMakeFiles/slc.dir/base/2b77e4e802d1c66c1c79b26cc0d0f777/simplicity_sdk_2026.6.0/platform_core/platform/emlib/src/em_cmu.c.obj
                0x08001568                CMU_ClockFreqGet
 .text.rhclkPrescOptimize
                0x08001800       0x20 CMakeFiles/slc.dir/base/2b77e4e802d1c66c1c79b26cc0d0f777/simplicity_sdk_2026.6.0/platform_core/platform/emlib/src/em_cmu.c.obj
 .text.CMU_ClockSelectGet
                0x08001820      0x22c CMakeFiles/slc.dir/base/2b77e4e802d1c66c1c79b26cc0d0f777/simplicity_sdk_2026.6.0/platform_core/platform/emlib/src/em_cmu.c.obj
                0x08001820                CMU_ClockSelectGet
 .text.sli_em_cmu_SYSTICEXTCLKENClear
                0x08001a4c       0x30 CMakeFiles/slc.dir/base/2b77e4e802d1c66c1c79b26cc0d0f777/simplicity_sdk_2026.6.0/platform_core/platform/emlib/src/em_cmu.c.obj
                0x08001a4c                sli_em_cmu_SYSTICEXTCLKENClear
 .text.CMU_HFXOInit
                0x08001a7c      0x22c CMakeFiles/slc.dir/base/2b77e4e802d1c66c1c79b26cc0d0f777/simplicity_sdk_2026.6.0/platform_core/platform/emlib/src/em_cmu.c.obj
                0x08001a7c                CMU_HFXOInit
 .text.CMU_HFXOCTuneDeltaGet
                0x08001ca8        0xc CMakeFiles/slc.dir/base/2b77e4e802d1c66c1c79b26cc0d0f777/simplicity_sdk_2026.6.0/platform_core/platform/emlib/src/em_cmu.c.obj
                0x08001ca8                CMU_HFXOCTuneDeltaGet
 .text.CMU_LFXOInit
                0x08001cb4       0xc4 CMakeFiles/slc.dir/base/2b77e4e802d1c66c1c79b26cc0d0f777/simplicity_sdk_2026.6.0/platform_core/platform/emlib/src/em_cmu.c.obj
                0x08001cb4                CMU_LFXOInit
 .text.CMU_LFXOPrecisionSet
                0x08001d78        0xc CMakeFiles/slc.dir/base/2b77e4e802d1c66c1c79b26cc0d0f777/simplicity_sdk_2026.6.0/platform_core/platform/emlib/src/em_cmu.c.obj
                0x08001d78                CMU_LFXOPrecisionSet
 .text.CMU_HFXOPrecisionSet
                0x08001d84        0xc CMakeFiles/slc.dir/base/2b77e4e802d1c66c1c79b26cc0d0f777/simplicity_sdk_2026.6.0/platform_core/platform/emlib/src/em_cmu.c.obj
                0x08001d84                CMU_HFXOPrecisionSet
 .text.CMU_LFRCOSetPrecision
                0x08001d90       0x80 CMakeFiles/slc.dir/base/2b77e4e802d1c66c1c79b26cc0d0f777/simplicity_sdk_2026.6.0/platform_core/platform/emlib/src/em_cmu.c.obj
                0x08001d90                CMU_LFRCOSetPrecision
 .text.CMU_ClockDivSet
                0x08001e10      0x12c CMakeFiles/slc.dir/base/2b77e4e802d1c66c1c79b26cc0d0f777/simplicity_sdk_2026.6.0/platform_core/platform/emlib/src/em_cmu.c.obj
                0x08001e10                CMU_ClockDivSet
 .text.sli_em_cmu_SYSCLKInitPreClockSelect
                0x08001f3c       0x30 CMakeFiles/slc.dir/base/2b77e4e802d1c66c1c79b26cc0d0f777/simplicity_sdk_2026.6.0/platform_core/platform/emlib/src/em_cmu.c.obj
                0x08001f3c                sli_em_cmu_SYSCLKInitPreClockSelect
 .text.pclkDivOptimize
                0x08001f6c       0x24 CMakeFiles/slc.dir/base/2b77e4e802d1c66c1c79b26cc0d0f777/simplicity_sdk_2026.6.0/platform_core/platform/emlib/src/em_cmu.c.obj
 .text.sli_em_cmu_SYSCLKInitPostClockSelect
                0x08001f90       0x40 CMakeFiles/slc.dir/base/2b77e4e802d1c66c1c79b26cc0d0f777/simplicity_sdk_2026.6.0/platform_core/platform/emlib/src/em_cmu.c.obj
                0x08001f90                sli_em_cmu_SYSCLKInitPostClockSelect
 .text.CMU_HFRCODPLLBandSet
                0x08001fd0      0x114 CMakeFiles/slc.dir/base/2b77e4e802d1c66c1c79b26cc0d0f777/simplicity_sdk_2026.6.0/platform_core/platform/emlib/src/em_cmu.c.obj
                0x08001fd0                CMU_HFRCODPLLBandSet
 .text.CMU_HFRCOEM23BandSet
                0x080020e4      0x12c CMakeFiles/slc.dir/base/2b77e4e802d1c66c1c79b26cc0d0f777/simplicity_sdk_2026.6.0/platform_core/platform/emlib/src/em_cmu.c.obj
                0x080020e4                CMU_HFRCOEM23BandSet
 .text.EMU_DCDCSync
                0x08002210       0x10 CMakeFiles/slc.dir/base/2b77e4e802d1c66c1c79b26cc0d0f777/simplicity_sdk_2026.6.0/platform_core/platform/emlib/src/em_emu.c.obj
 .text.EMU_EM4Init
                0x08002220       0x14 CMakeFiles/slc.dir/base/2b77e4e802d1c66c1c79b26cc0d0f777/simplicity_sdk_2026.6.0/platform_core/platform/emlib/src/em_emu.c.obj
                0x08002220                EMU_EM4Init
 .text.EMU_VScaleEM01
                0x08002234       0xa8 CMakeFiles/slc.dir/base/2b77e4e802d1c66c1c79b26cc0d0f777/simplicity_sdk_2026.6.0/platform_core/platform/emlib/src/em_emu.c.obj
                0x08002234                EMU_VScaleEM01
 .text.EMU_VScaleEM01ByClock
                0x080022dc       0x30 CMakeFiles/slc.dir/base/2b77e4e802d1c66c1c79b26cc0d0f777/simplicity_sdk_2026.6.0/platform_core/platform/emlib/src/em_emu.c.obj
                0x080022dc                EMU_VScaleEM01ByClock
 .text.EMU_DCDCModeSet
                0x0800230c       0xac CMakeFiles/slc.dir/base/2b77e4e802d1c66c1c79b26cc0d0f777/simplicity_sdk_2026.6.0/platform_core/platform/emlib/src/em_emu.c.obj
                0x0800230c                EMU_DCDCModeSet
 .text.EMU_DCDCInit
                0x080023b8       0x70 CMakeFiles/slc.dir/base/2b77e4e802d1c66c1c79b26cc0d0f777/simplicity_sdk_2026.6.0/platform_core/platform/emlib/src/em_emu.c.obj
                0x080023b8                EMU_DCDCInit
 .text.EMU_DCDCSetPFMXModePeakCurrent
                0x08002428       0x6c CMakeFiles/slc.dir/base/2b77e4e802d1c66c1c79b26cc0d0f777/simplicity_sdk_2026.6.0/platform_core/platform/emlib/src/em_emu.c.obj
                0x08002428                EMU_DCDCSetPFMXModePeakCurrent
 .text.USART_BaudrateAsyncSet
                0x08002494       0xd8 CMakeFiles/slc.dir/base/2b77e4e802d1c66c1c79b26cc0d0f777/simplicity_sdk_2026.6.0/platform_core/platform/emlib/src/em_usart.c.obj
                0x08002494                USART_BaudrateAsyncSet
 .text.USART_Reset
                0x0800256c       0x58 CMakeFiles/slc.dir/base/2b77e4e802d1c66c1c79b26cc0d0f777/simplicity_sdk_2026.6.0/platform_core/platform/emlib/src/em_usart.c.obj
                0x0800256c                USART_Reset
 .text.USART_InitAsync
                0x080025c4       0xd0 CMakeFiles/slc.dir/base/2b77e4e802d1c66c1c79b26cc0d0f777/simplicity_sdk_2026.6.0/platform_core/platform/emlib/src/em_usart.c.obj
                0x080025c4                USART_InitAsync
 .text.sl_hal_eusart_wait_sync
                0x08002694       0x38 CMakeFiles/slc.dir/base/2b77e4e802d1c66c1c79b26cc0d0f777/simplicity_sdk_2026.6.0/platform_core/platform/peripheral/src/sl_hal_eusart.c.obj
                0x08002694                sl_hal_eusart_wait_sync
 .text.sl_hal_eusart_enable
                0x080026cc       0x3c CMakeFiles/slc.dir/base/2b77e4e802d1c66c1c79b26cc0d0f777/simplicity_sdk_2026.6.0/platform_core/platform/peripheral/src/sl_hal_eusart.c.obj
                0x080026cc                sl_hal_eusart_enable
 .text.sl_hal_eusart_disable
                0x08002708       0x34 CMakeFiles/slc.dir/base/2b77e4e802d1c66c1c79b26cc0d0f777/simplicity_sdk_2026.6.0/platform_core/platform/peripheral/src/sl_hal_eusart.c.obj
                0x08002708                sl_hal_eusart_disable
 .text.sl_hal_eusart_wait_ready
                0x0800273c       0x30 CMakeFiles/slc.dir/base/2b77e4e802d1c66c1c79b26cc0d0f777/simplicity_sdk_2026.6.0/platform_core/platform/peripheral/src/sl_hal_eusart.c.obj
                0x0800273c                sl_hal_eusart_wait_ready
 .text.sl_hal_eusart_enable_rx
                0x0800276c       0x3c CMakeFiles/slc.dir/base/2b77e4e802d1c66c1c79b26cc0d0f777/simplicity_sdk_2026.6.0/platform_core/platform/peripheral/src/sl_hal_eusart.c.obj
                0x0800276c                sl_hal_eusart_enable_rx
 .text.sl_hal_eusart_disable_rx
                0x080027a8       0x3c CMakeFiles/slc.dir/base/2b77e4e802d1c66c1c79b26cc0d0f777/simplicity_sdk_2026.6.0/platform_core/platform/peripheral/src/sl_hal_eusart.c.obj
                0x080027a8                sl_hal_eusart_disable_rx
 .text.sl_hal_eusart_enable_tx
                0x080027e4       0x3c CMakeFiles/slc.dir/base/2b77e4e802d1c66c1c79b26cc0d0f777/simplicity_sdk_2026.6.0/platform_core/platform/peripheral/src/sl_hal_eusart.c.obj
                0x080027e4                sl_hal_eusart_enable_tx
 .text.sl_hal_eusart_disable_tx
                0x08002820       0x3c CMakeFiles/slc.dir/base/2b77e4e802d1c66c1c79b26cc0d0f777/simplicity_sdk_2026.6.0/platform_core/platform/peripheral/src/sl_hal_eusart.c.obj
                0x08002820                sl_hal_eusart_disable_tx
 .text.sl_hal_eusart_clear_rx
                0x0800285c       0x44 CMakeFiles/slc.dir/base/2b77e4e802d1c66c1c79b26cc0d0f777/simplicity_sdk_2026.6.0/platform_core/platform/peripheral/src/sl_hal_eusart.c.obj
                0x0800285c                sl_hal_eusart_clear_rx
 .text.sl_hal_eusart_clear_tx
                0x080028a0       0x48 CMakeFiles/slc.dir/base/2b77e4e802d1c66c1c79b26cc0d0f777/simplicity_sdk_2026.6.0/platform_core/platform/peripheral/src/sl_hal_eusart.c.obj
                0x080028a0                sl_hal_eusart_clear_tx
 .text.sl_hal_eusart_reset
                0x080028e8       0xa0 CMakeFiles/slc.dir/base/2b77e4e802d1c66c1c79b26cc0d0f777/simplicity_sdk_2026.6.0/platform_core/platform/peripheral/src/sl_hal_eusart.c.obj
                0x080028e8                sl_hal_eusart_reset
 .text.sl_hal_eusart_init_spi
                0x08002988      0x180 CMakeFiles/slc.dir/base/2b77e4e802d1c66c1c79b26cc0d0f777/simplicity_sdk_2026.6.0/platform_core/platform/peripheral/src/sl_hal_eusart.c.obj
                0x08002988                sl_hal_eusart_init_spi
 .text.sl_hal_eusart_spi_tx_rx
                0x08002b08       0x3c CMakeFiles/slc.dir/base/2b77e4e802d1c66c1c79b26cc0d0f777/simplicity_sdk_2026.6.0/platform_core/platform/peripheral/src/sl_hal_eusart.c.obj
                0x08002b08                sl_hal_eusart_spi_tx_rx
 .text.sl_hal_eusart_spi_calculate_clock_div
                0x08002b44       0x38 CMakeFiles/slc.dir/base/2b77e4e802d1c66c1c79b26cc0d0f777/simplicity_sdk_2026.6.0/platform_core/platform/peripheral/src/sl_hal_eusart.c.obj
                0x08002b44                sl_hal_eusart_spi_calculate_clock_div
 .text.sl_hal_gpio_clear_pin
                0x08002b7c       0x54 CMakeFiles/slc.dir/base/2b77e4e802d1c66c1c79b26cc0d0f777/simplicity_sdk_2026.6.0/platform_core/platform/peripheral/src/sl_hal_gpio.c.obj
                0x08002b7c                sl_hal_gpio_clear_pin
 .text.sl_hal_gpio_get_pin_input
                0x08002bd0       0x58 CMakeFiles/slc.dir/base/2b77e4e802d1c66c1c79b26cc0d0f777/simplicity_sdk_2026.6.0/platform_core/platform/peripheral/src/sl_hal_gpio.c.obj
                0x08002bd0                sl_hal_gpio_get_pin_input
 .text.sl_hal_gpio_get_pin_output
                0x08002c28       0x58 CMakeFiles/slc.dir/base/2b77e4e802d1c66c1c79b26cc0d0f777/simplicity_sdk_2026.6.0/platform_core/platform/peripheral/src/sl_hal_gpio.c.obj
                0x08002c28                sl_hal_gpio_get_pin_output
 .text.sl_hal_gpio_get_enabled_pending_interrupts
                0x08002c80       0x14 CMakeFiles/slc.dir/base/2b77e4e802d1c66c1c79b26cc0d0f777/simplicity_sdk_2026.6.0/platform_core/platform/peripheral/src/sl_hal_gpio.c.obj
                0x08002c80                sl_hal_gpio_get_enabled_pending_interrupts
 .text.sl_hal_gpio_set_pin_mode
                0x08002c94       0xd8 CMakeFiles/slc.dir/base/2b77e4e802d1c66c1c79b26cc0d0f777/simplicity_sdk_2026.6.0/platform_core/platform/peripheral/src/sl_hal_gpio.c.obj
                0x08002c94                sl_hal_gpio_set_pin_mode
 .text.sl_hal_ldma_enable_channel
                0x08002d6c       0x24 CMakeFiles/slc.dir/base/2b77e4e802d1c66c1c79b26cc0d0f777/simplicity_sdk_2026.6.0/platform_core/platform/peripheral/src/sl_hal_ldma.c.obj
                0x08002d6c                sl_hal_ldma_enable_channel
 .text.sl_hal_ldma_enable_channel_request
                0x08002d90       0x24 CMakeFiles/slc.dir/base/2b77e4e802d1c66c1c79b26cc0d0f777/simplicity_sdk_2026.6.0/platform_core/platform/peripheral/src/sl_hal_ldma.c.obj
                0x08002d90                sl_hal_ldma_enable_channel_request
 .text.sl_hal_ldma_init
                0x08002db4       0x48 CMakeFiles/slc.dir/base/2b77e4e802d1c66c1c79b26cc0d0f777/simplicity_sdk_2026.6.0/platform_core/platform/peripheral/src/sl_hal_ldma.c.obj
                0x08002db4                sl_hal_ldma_init
 .text.sl_hal_ldma_start_transfer
                0x08002dfc       0x2c CMakeFiles/slc.dir/base/2b77e4e802d1c66c1c79b26cc0d0f777/simplicity_sdk_2026.6.0/platform_core/platform/peripheral/src/sl_hal_ldma.c.obj
                0x08002dfc                sl_hal_ldma_start_transfer
 .text.sl_hal_prs_connect_channel_consumer
                0x08002e28       0x50 CMakeFiles/slc.dir/base/2b77e4e802d1c66c1c79b26cc0d0f777/simplicity_sdk_2026.6.0/platform_core/platform/peripheral/src/sl_hal_prs.c.obj
                0x08002e28                sl_hal_prs_connect_channel_consumer
 .text.sl_hal_sysrtc_wait_ready
                0x08002e78       0x1c CMakeFiles/slc.dir/base/2b77e4e802d1c66c1c79b26cc0d0f777/simplicity_sdk_2026.6.0/platform_core/platform/peripheral/src/sl_hal_sysrtc.c.obj
                0x08002e78                sl_hal_sysrtc_wait_ready
 .text.sl_hal_sysrtc_stop
                0x08002e94       0x24 CMakeFiles/slc.dir/base/2b77e4e802d1c66c1c79b26cc0d0f777/simplicity_sdk_2026.6.0/platform_core/platform/peripheral/src/sl_hal_sysrtc.c.obj
                0x08002e94                sl_hal_sysrtc_stop
 .text.sl_hal_sysrtc_enable
                0x08002eb8       0x18 CMakeFiles/slc.dir/base/2b77e4e802d1c66c1c79b26cc0d0f777/simplicity_sdk_2026.6.0/platform_core/platform/peripheral/src/sl_hal_sysrtc.c.obj
                0x08002eb8                sl_hal_sysrtc_enable
 .text.sl_hal_sysrtc_disable
                0x08002ed0       0x1c CMakeFiles/slc.dir/base/2b77e4e802d1c66c1c79b26cc0d0f777/simplicity_sdk_2026.6.0/platform_core/platform/peripheral/src/sl_hal_sysrtc.c.obj
                0x08002ed0                sl_hal_sysrtc_disable
 .text.sl_hal_sysrtc_init
                0x08002eec       0x24 CMakeFiles/slc.dir/base/2b77e4e802d1c66c1c79b26cc0d0f777/simplicity_sdk_2026.6.0/platform_core/platform/peripheral/src/sl_hal_sysrtc.c.obj
                0x08002eec                sl_hal_sysrtc_init
 .text.sl_hal_sysrtc_init_group
                0x08002f10       0x44 CMakeFiles/slc.dir/base/39b3fbad0420d4a2268bca3904c03f65/platform_core/platform/peripheral/src/sl_hal_sysrtc_subsystem.c.obj
                0x08002f10                sl_hal_sysrtc_init_group
 .text.sl_hal_system_get_chip_revision
                0x08002f54       0x2c CMakeFiles/slc.dir/base/2b77e4e802d1c66c1c79b26cc0d0f777/simplicity_sdk_2026.6.0/platform_core/platform/peripheral/src/sl_hal_system.c.obj
                0x08002f54                sl_hal_system_get_chip_revision
 .text.sl_hal_system_init
                0x08002f80       0x48 CMakeFiles/slc.dir/base/2b77e4e802d1c66c1c79b26cc0d0f777/simplicity_sdk_2026.6.0/platform_core/platform/peripheral/src/sl_hal_system.c.obj
                0x08002f80                sl_hal_system_init
 .text.sli_clock_manager_hal_init
                0x08002fc8      0x258 CMakeFiles/slc.dir/base/39b3fbad0420d4a2268bca3904c03f65/platform_core/platform/service/clock_manager/src/sl_clock_manager_init_hal_s2.c.obj
                0x08002fc8                sli_clock_manager_hal_init
 .text.sl_device_init_dcdc
                0x08003220       0x2c CMakeFiles/slc.dir/base/39b3fbad0420d4a2268bca3904c03f65/platform_core/platform/service/device_init/src/sl_device_init_dcdc_s2.c.obj
                0x08003220                sl_device_init_dcdc
 .text.sl_device_init_emu
                0x0800324c       0x24 CMakeFiles/slc.dir/base/39b3fbad0420d4a2268bca3904c03f65/platform_core/platform/service/device_init/src/sl_device_init_emu_s2.c.obj
                0x0800324c                sl_device_init_emu
 .text.sl_dma_manager_init
                0x08003270      0x104 CMakeFiles/slc.dir/base/39b3fbad0420d4a2268bca3904c03f65/platform_core/platform/service/dma_manager/src/sl_dma_manager.c.obj
                0x08003270                sl_dma_manager_init
 .text.sl_dma_manager_allocate_channel
                0x08003374       0x58 CMakeFiles/slc.dir/base/39b3fbad0420d4a2268bca3904c03f65/platform_core/platform/service/dma_manager/src/sl_dma_manager.c.obj
                0x08003374                sl_dma_manager_allocate_channel
 .text.sl_dma_manager_register_channel_irq_callback
                0x080033cc       0x30 CMakeFiles/slc.dir/base/39b3fbad0420d4a2268bca3904c03f65/platform_core/platform/service/dma_manager/src/sl_dma_manager.c.obj
                0x080033cc                sl_dma_manager_register_channel_irq_callback
 .text.sl_dma_manager_register_channel_user_data
                0x080033fc       0x30 CMakeFiles/slc.dir/base/39b3fbad0420d4a2268bca3904c03f65/platform_core/platform/service/dma_manager/src/sl_dma_manager.c.obj
                0x080033fc                sl_dma_manager_register_channel_user_data
 .text.sli_dma_manager_hal_init
                0x0800342c       0x40 CMakeFiles/slc.dir/base/39b3fbad0420d4a2268bca3904c03f65/platform_core/platform/service/dma_manager/src/sl_dma_manager_hal_ldma.c.obj
                0x0800342c                sli_dma_manager_hal_init
 .text.sli_dma_manager_hal_get_dma_peripheral
                0x0800346c        0x8 CMakeFiles/slc.dir/base/39b3fbad0420d4a2268bca3904c03f65/platform_core/platform/service/dma_manager/src/sl_dma_manager_hal_ldma.c.obj
                0x0800346c                sli_dma_manager_hal_get_dma_peripheral
 .text.LDMA_IRQHandler
                0x08003474       0x5c CMakeFiles/slc.dir/base/39b3fbad0420d4a2268bca3904c03f65/platform_core/platform/service/dma_manager/src/sl_dma_manager_hal_ldma.c.obj
                0x08003474                LDMA_IRQHandler
 .text.sl_interrupt_manager_enable_irq
                0x080034d0       0x34 CMakeFiles/slc.dir/base/39b3fbad0420d4a2268bca3904c03f65/platform_core/platform/service/interrupt_manager/src/sl_interrupt_manager_cortexm.c.obj
                0x080034d0                sl_interrupt_manager_enable_irq
 .text.sl_interrupt_manager_is_irq_disabled
                0x08003504       0x30 CMakeFiles/slc.dir/base/39b3fbad0420d4a2268bca3904c03f65/platform_core/platform/service/interrupt_manager/src/sl_interrupt_manager_cortexm.c.obj
                0x08003504                sl_interrupt_manager_is_irq_disabled
 .text.sl_interrupt_manager_clear_irq_pending
                0x08003534       0x1c CMakeFiles/slc.dir/base/39b3fbad0420d4a2268bca3904c03f65/platform_core/platform/service/interrupt_manager/src/sl_interrupt_manager_cortexm.c.obj
                0x08003534                sl_interrupt_manager_clear_irq_pending
 .text.sl_interrupt_manager_set_irq_priority
                0x08003550       0x54 CMakeFiles/slc.dir/base/39b3fbad0420d4a2268bca3904c03f65/platform_core/platform/service/interrupt_manager/src/sl_interrupt_manager_cortexm.c.obj
                0x08003550                sl_interrupt_manager_set_irq_priority
 .text.sl_interrupt_manager_init
                0x080035a4       0x34 CMakeFiles/slc.dir/base/39b3fbad0420d4a2268bca3904c03f65/platform_core/platform/service/interrupt_manager/src/sl_interrupt_manager_cortexm.c.obj
                0x080035a4                sl_interrupt_manager_init
 .text.sl_memory_init
                0x080035d8       0x3c CMakeFiles/slc.dir/base/39b3fbad0420d4a2268bca3904c03f65/platform_core/platform/service/memory_manager/src/sl_memory_manager.c.obj
                0x080035d8                sl_memory_init
 .text.sl_memory_heap_alloc_advanced
                0x08003614      0x214 CMakeFiles/slc.dir/base/39b3fbad0420d4a2268bca3904c03f65/platform_core/platform/service/memory_manager/src/sl_memory_manager.c.obj
                0x08003614                sl_memory_heap_alloc_advanced
 .text.sl_memory_alloc_advanced
                0x08003828       0x1c CMakeFiles/slc.dir/base/39b3fbad0420d4a2268bca3904c03f65/platform_core/platform/service/memory_manager/src/sl_memory_manager.c.obj
                0x08003828                sl_memory_alloc_advanced
 .text.sl_memory_alloc
                0x08003844       0x10 CMakeFiles/slc.dir/base/39b3fbad0420d4a2268bca3904c03f65/platform_core/platform/service/memory_manager/src/sl_memory_manager.c.obj
                0x08003844                sl_memory_alloc
 .text.sl_memory_calloc
                0x08003854       0x1c CMakeFiles/slc.dir/base/39b3fbad0420d4a2268bca3904c03f65/platform_core/platform/service/memory_manager/src/sl_memory_manager.c.obj
                0x08003854                sl_memory_calloc
 .text.sl_memory_heap_realloc
                0x08003870      0x2b0 CMakeFiles/slc.dir/base/39b3fbad0420d4a2268bca3904c03f65/platform_core/platform/service/memory_manager/src/sl_memory_manager.c.obj
                0x08003870                sl_memory_heap_realloc
 .text.sl_memory_realloc
                0x08003b20       0x10 CMakeFiles/slc.dir/base/39b3fbad0420d4a2268bca3904c03f65/platform_core/platform/service/memory_manager/src/sl_memory_manager.c.obj
                0x08003b20                sl_memory_realloc
 .text.sl_memory_get_heap_region
                0x08003b30       0x10 CMakeFiles/slc.dir/base/39b3fbad0420d4a2268bca3904c03f65/platform_core/platform/service/memory_manager/src/sl_memory_manager_region.c.obj
                0x08003b30                sl_memory_get_heap_region
 .text.sli_memory_initialize_heap_region
                0x08003b40       0x1c CMakeFiles/slc.dir/base/39b3fbad0420d4a2268bca3904c03f65/platform_core/platform/service/memory_manager/src/sl_memory_manager_region.c.obj
                0x08003b40                sli_memory_initialize_heap_region
 .text.sli_memory_find_head_free_block
                0x08003b5c       0x4c CMakeFiles/slc.dir/base/39b3fbad0420d4a2268bca3904c03f65/platform_core/platform/service/memory_manager/src/sli_memory_manager_common.c.obj
                0x08003b5c                sli_memory_find_head_free_block
 .text.sli_memory_create_heap
                0x08003ba8       0x5c CMakeFiles/slc.dir/base/39b3fbad0420d4a2268bca3904c03f65/platform_core/platform/service/memory_manager/src/sli_memory_manager_common.c.obj
                0x08003ba8                sli_memory_create_heap
 .text.start_task_handler
                0x08003c04       0x18 CMakeFiles/slc.dir/base/2b77e4e802d1c66c1c79b26cc0d0f777/simplicity_sdk_2026.6.0/platform_core/platform/service/sl_main/src/sl_main_kernel.c.obj
 .text.sli_main_kernel_start_task_initialize
                0x08003c1c       0x4c CMakeFiles/slc.dir/base/2b77e4e802d1c66c1c79b26cc0d0f777/simplicity_sdk_2026.6.0/platform_core/platform/service/sl_main/src/sl_main_kernel.c.obj
                0x08003c1c                sli_main_kernel_start_task_initialize
 .text.sl_sleeptimer_init
                0x08003c68       0x74 CMakeFiles/slc.dir/base/39b3fbad0420d4a2268bca3904c03f65/platform_core/platform/service/sleeptimer/src/sl_sleeptimer.c.obj
                0x08003c68                sl_sleeptimer_init
 .text.sleeptimer_hal_init_timer
                0x08003cdc       0x6c CMakeFiles/slc.dir/base/39b3fbad0420d4a2268bca3904c03f65/platform_core/platform/service/sleeptimer/src/sl_sleeptimer_hal_sysrtc.c.obj
                0x08003cdc                sleeptimer_hal_init_timer
 .text.sl_udelay_wait
                0x08003d48       0x58 CMakeFiles/slc.dir/base/2b77e4e802d1c66c1c79b26cc0d0f777/simplicity_sdk_2026.6.0/platform_core/platform/service/udelay/src/sl_udelay.c.obj
                0x08003d48                sl_udelay_wait
 .text.btn_timer_cb
                0x08003da0       0x3c CMakeFiles/slc.dir/base/C_/Users/tasrivas/SimplicityStudio/v6_workspace/Elevator_capacity_controller/elevator/elev_app.c.obj
 .text.elev_app_init
                0x08003ddc       0xac CMakeFiles/slc.dir/base/C_/Users/tasrivas/SimplicityStudio/v6_workspace/Elevator_capacity_controller/elevator/elev_app.c.obj
                0x08003ddc                elev_app_init
 .text.apply_leds
                0x08003e88       0x50 CMakeFiles/slc.dir/base/C_/Users/tasrivas/SimplicityStudio/v6_workspace/Elevator_capacity_controller/elevator/elev_gpio.c.obj
 .text.elev_gpio_rx_isr_pulse
                0x08003ed8        0xc CMakeFiles/slc.dir/base/C_/Users/tasrivas/SimplicityStudio/v6_workspace/Elevator_capacity_controller/elevator/elev_gpio.c.obj
                0x08003ed8                elev_gpio_rx_isr_pulse
 .text.elev_gpio_cmd_complete_pulse
                0x08003ee4        0xc CMakeFiles/slc.dir/base/C_/Users/tasrivas/SimplicityStudio/v6_workspace/Elevator_capacity_controller/elevator/elev_gpio.c.obj
                0x08003ee4                elev_gpio_cmd_complete_pulse
 .text.elev_gpio_parser_set
                0x08003ef0       0x14 CMakeFiles/slc.dir/base/C_/Users/tasrivas/SimplicityStudio/v6_workspace/Elevator_capacity_controller/elevator/elev_gpio.c.obj
                0x08003ef0                elev_gpio_parser_set
 .text.elev_gpio_elevator_set
                0x08003f04       0x14 CMakeFiles/slc.dir/base/C_/Users/tasrivas/SimplicityStudio/v6_workspace/Elevator_capacity_controller/elevator/elev_gpio.c.obj
                0x08003f04                elev_gpio_elevator_set
 .text.elev_gpio_entry_blocked_set
                0x08003f18       0x14 CMakeFiles/slc.dir/base/C_/Users/tasrivas/SimplicityStudio/v6_workspace/Elevator_capacity_controller/elevator/elev_gpio.c.obj
                0x08003f18                elev_gpio_entry_blocked_set
 .text.elev_gpio_sem_give_pulse
                0x08003f2c        0xc CMakeFiles/slc.dir/base/C_/Users/tasrivas/SimplicityStudio/v6_workspace/Elevator_capacity_controller/elevator/elev_gpio.c.obj
                0x08003f2c                elev_gpio_sem_give_pulse
 .text.elev_gpio_sem_take_pulse
                0x08003f38        0xc CMakeFiles/slc.dir/base/C_/Users/tasrivas/SimplicityStudio/v6_workspace/Elevator_capacity_controller/elevator/elev_gpio.c.obj
                0x08003f38                elev_gpio_sem_take_pulse
 .text.elev_gpio_dma_active_set
                0x08003f44       0x14 CMakeFiles/slc.dir/base/C_/Users/tasrivas/SimplicityStudio/v6_workspace/Elevator_capacity_controller/elevator/elev_gpio.c.obj
                0x08003f44                elev_gpio_dma_active_set
 .text.elev_gpio_dma_complete_pulse
                0x08003f58        0xc CMakeFiles/slc.dir/base/C_/Users/tasrivas/SimplicityStudio/v6_workspace/Elevator_capacity_controller/elevator/elev_gpio.c.obj
                0x08003f58                elev_gpio_dma_complete_pulse
 .text.elev_gpio_led_update
                0x08003f64       0x30 CMakeFiles/slc.dir/base/C_/Users/tasrivas/SimplicityStudio/v6_workspace/Elevator_capacity_controller/elevator/elev_gpio.c.obj
                0x08003f64                elev_gpio_led_update
 .text.elev_gpio_led_blink_tick
                0x08003f94       0x38 CMakeFiles/slc.dir/base/C_/Users/tasrivas/SimplicityStudio/v6_workspace/Elevator_capacity_controller/elevator/elev_gpio.c.obj
                0x08003f94                elev_gpio_led_blink_tick
 .text.elev_gpio_btn_init
                0x08003fcc       0x3c CMakeFiles/slc.dir/base/C_/Users/tasrivas/SimplicityStudio/v6_workspace/Elevator_capacity_controller/elevator/elev_gpio.c.obj
                0x08003fcc                elev_gpio_btn_init
 .text.elev_gpio_init
                0x08004008       0xb4 CMakeFiles/slc.dir/base/C_/Users/tasrivas/SimplicityStudio/v6_workspace/Elevator_capacity_controller/elevator/elev_gpio.c.obj
                0x08004008                elev_gpio_init
 .text.elev_gpio_btn_poll
                0x080040bc       0x30 CMakeFiles/slc.dir/base/C_/Users/tasrivas/SimplicityStudio/v6_workspace/Elevator_capacity_controller/elevator/elev_gpio.c.obj
                0x080040bc                elev_gpio_btn_poll
 .text.try_start_dma
                0x080040ec       0xa0 CMakeFiles/slc.dir/base/C_/Users/tasrivas/SimplicityStudio/v6_workspace/Elevator_capacity_controller/elevator/elev_tx.c.obj
 .text.dma_cb   0x0800418c       0x40 CMakeFiles/slc.dir/base/C_/Users/tasrivas/SimplicityStudio/v6_workspace/Elevator_capacity_controller/elevator/elev_tx.c.obj
 .text.ring_write
                0x080041cc       0x50 CMakeFiles/slc.dir/base/C_/Users/tasrivas/SimplicityStudio/v6_workspace/Elevator_capacity_controller/elevator/elev_tx.c.obj
 .text.elev_tx_init
                0x0800421c       0x80 CMakeFiles/slc.dir/base/C_/Users/tasrivas/SimplicityStudio/v6_workspace/Elevator_capacity_controller/elevator/elev_tx.c.obj
                0x0800421c                elev_tx_init
 .text.elev_uart_hw_init
                0x0800429c       0x94 CMakeFiles/slc.dir/base/C_/Users/tasrivas/SimplicityStudio/v6_workspace/Elevator_capacity_controller/elevator/elev_rx.c.obj
                0x0800429c                elev_uart_hw_init
 .text.elev_rx_init
                0x08004330       0x5c CMakeFiles/slc.dir/base/C_/Users/tasrivas/SimplicityStudio/v6_workspace/Elevator_capacity_controller/elevator/elev_rx.c.obj
                0x08004330                elev_rx_init
 .text.elev_rx_enable
                0x0800438c       0x28 CMakeFiles/slc.dir/base/C_/Users/tasrivas/SimplicityStudio/v6_workspace/Elevator_capacity_controller/elevator/elev_rx.c.obj
                0x0800438c                elev_rx_enable
 .text.elev_rx_take_command
                0x080043b4       0xa4 CMakeFiles/slc.dir/base/C_/Users/tasrivas/SimplicityStudio/v6_workspace/Elevator_capacity_controller/elevator/elev_rx.c.obj
                0x080043b4                elev_rx_take_command
 .text.USART0_RX_IRQHandler
                0x08004458      0x224 CMakeFiles/slc.dir/base/C_/Users/tasrivas/SimplicityStudio/v6_workspace/Elevator_capacity_controller/elevator/elev_rx.c.obj
                0x08004458                USART0_RX_IRQHandler
 .text.parser_task
                0x0800467c       0x80 CMakeFiles/slc.dir/base/C_/Users/tasrivas/SimplicityStudio/v6_workspace/Elevator_capacity_controller/elevator/elev_parser.c.obj
 .text.elev_parser_init
                0x080046fc        0xc CMakeFiles/slc.dir/base/C_/Users/tasrivas/SimplicityStudio/v6_workspace/Elevator_capacity_controller/elevator/elev_parser.c.obj
                0x080046fc                elev_parser_init
 .text.elev_parser_start_task
                0x08004708       0x40 CMakeFiles/slc.dir/base/C_/Users/tasrivas/SimplicityStudio/v6_workspace/Elevator_capacity_controller/elevator/elev_parser.c.obj
                0x08004708                elev_parser_start_task
 .text.elev_parser_task_handle
                0x08004748        0xc CMakeFiles/slc.dir/base/C_/Users/tasrivas/SimplicityStudio/v6_workspace/Elevator_capacity_controller/elevator/elev_parser.c.obj
                0x08004748                elev_parser_task_handle
 .text.elev_parse_skip_ws
                0x08004754       0x1c CMakeFiles/slc.dir/base/C_/Users/tasrivas/SimplicityStudio/v6_workspace/Elevator_capacity_controller/elevator/elev_parse_util.c.obj
                0x08004754                elev_parse_skip_ws
 .text.elev_parse_u16
                0x08004770       0x68 CMakeFiles/slc.dir/base/C_/Users/tasrivas/SimplicityStudio/v6_workspace/Elevator_capacity_controller/elevator/elev_parse_util.c.obj
                0x08004770                elev_parse_u16
 .text.elev_parse_line
                0x080047d8      0x1f0 CMakeFiles/slc.dir/base/C_/Users/tasrivas/SimplicityStudio/v6_workspace/Elevator_capacity_controller/elevator/elev_parse_util.c.obj
                0x080047d8                elev_parse_line
 .text.free_seats
                0x080049c8       0x14 CMakeFiles/slc.dir/base/C_/Users/tasrivas/SimplicityStudio/v6_workspace/Elevator_capacity_controller/elevator/elev_ctrl.c.obj
 .text.refresh_leds
                0x080049dc       0x3c CMakeFiles/slc.dir/base/C_/Users/tasrivas/SimplicityStudio/v6_workspace/Elevator_capacity_controller/elevator/elev_ctrl.c.obj
 .text.claim_seats
                0x08004a18       0x78 CMakeFiles/slc.dir/base/C_/Users/tasrivas/SimplicityStudio/v6_workspace/Elevator_capacity_controller/elevator/elev_ctrl.c.obj
 .text.update_blocked_gpio
                0x08004a90       0x14 CMakeFiles/slc.dir/base/C_/Users/tasrivas/SimplicityStudio/v6_workspace/Elevator_capacity_controller/elevator/elev_ctrl.c.obj
 .text.expire_wait_queue
                0x08004aa4       0x9c CMakeFiles/slc.dir/base/C_/Users/tasrivas/SimplicityStudio/v6_workspace/Elevator_capacity_controller/elevator/elev_ctrl.c.obj
 .text.ctrl_task
                0x08004b40      0x3cc CMakeFiles/slc.dir/base/C_/Users/tasrivas/SimplicityStudio/v6_workspace/Elevator_capacity_controller/elevator/elev_ctrl.c.obj
 .text.elev_ctrl_init
                0x08004f0c       0xac CMakeFiles/slc.dir/base/C_/Users/tasrivas/SimplicityStudio/v6_workspace/Elevator_capacity_controller/elevator/elev_ctrl.c.obj
                0x08004f0c                elev_ctrl_init
 .text.elev_ctrl_start_task
                0x08004fb8       0x3c CMakeFiles/slc.dir/base/C_/Users/tasrivas/SimplicityStudio/v6_workspace/Elevator_capacity_controller/elevator/elev_ctrl.c.obj
                0x08004fb8                elev_ctrl_start_task
 .text.elev_ctrl_get_capacity
                0x08004ff4        0xc CMakeFiles/slc.dir/base/C_/Users/tasrivas/SimplicityStudio/v6_workspace/Elevator_capacity_controller/elevator/elev_ctrl.c.obj
                0x08004ff4                elev_ctrl_get_capacity
 .text.sl_dma_manager_instances_init
                0x08005000       0x10 CMakeFiles/slc.dir/base/C_/Users/tasrivas/SimplicityStudio/v6_workspace/Elevator_capacity_controller/autogen/sl_dma_manager_instances.c.obj
                0x08005000                sl_dma_manager_instances_init
 .text.sl_simple_led_init_instances
                0x08005010        0xc CMakeFiles/slc.dir/base/C_/Users/tasrivas/SimplicityStudio/v6_workspace/Elevator_capacity_controller/autogen/sl_simple_led_instances.c.obj
                0x08005010                sl_simple_led_init_instances
 .text          0x0800501c       0x30 C:/Users/tasrivas/.silabs/slt/installs/conan/p/gcc-a999d2e027337f/p/bin/../lib/gcc/arm-none-eabi/14.2.1/thumb/v8-m.main+fp/hard\libgcc.a(_aeabi_uldivmod.o)
                0x0800501c                __aeabi_uldivmod
 .text.__udivmoddi4
                0x0800504c      0x34c C:/Users/tasrivas/.silabs/slt/installs/conan/p/gcc-a999d2e027337f/p/bin/../lib/gcc/arm-none-eabi/14.2.1/thumb/v8-m.main+fp/hard\libgcc.a(_udivmoddi4.o)
                0x0800504c                __udivmoddi4
 .text          0x08005398        0x4 C:/Users/tasrivas/.silabs/slt/installs/conan/p/gcc-a999d2e027337f/p/bin/../lib/gcc/arm-none-eabi/14.2.1/thumb/v8-m.main+fp/hard\libgcc.a(_dvmd_tls.o)
                0x08005398                __aeabi_idiv0
                0x08005398                __aeabi_ldiv0
 .text.exit     0x0800539c       0x24 C:/Users/tasrivas/.silabs/slt/installs/conan/p/gcc-a999d2e027337f/p/bin/../lib/gcc/arm-none-eabi/14.2.1/../../../../arm-none-eabi/lib/thumb/v8-m.main+fp/hard\libc_nano.a(libc_a-exit.o)
                0x0800539c                exit
 .text._strtol_l.isra.0
                0x080053c0       0xf4 C:/Users/tasrivas/.silabs/slt/installs/conan/p/gcc-a999d2e027337f/p/bin/../lib/gcc/arm-none-eabi/14.2.1/../../../../arm-none-eabi/lib/thumb/v8-m.main+fp/hard\libc_nano.a(libc_a-strtol.o)
 .text.strtol   0x080054b4       0x14 C:/Users/tasrivas/.silabs/slt/installs/conan/p/gcc-a999d2e027337f/p/bin/../lib/gcc/arm-none-eabi/14.2.1/../../../../arm-none-eabi/lib/thumb/v8-m.main+fp/hard\libc_nano.a(libc_a-strtol.o)
                0x080054b4                strtol
 .text.snprintf
                0x080054c8       0x6c C:/Users/tasrivas/.silabs/slt/installs/conan/p/gcc-a999d2e027337f/p/bin/../lib/gcc/arm-none-eabi/14.2.1/../../../../arm-none-eabi/lib/thumb/v8-m.main+fp/hard\libc_nano.a(libc_a-snprintf.o)
                0x080054c8                sniprintf
                0x080054c8                snprintf
 .text.__errno  0x08005534        0xc C:/Users/tasrivas/.silabs/slt/installs/conan/p/gcc-a999d2e027337f/p/bin/../lib/gcc/arm-none-eabi/14.2.1/../../../../arm-none-eabi/lib/thumb/v8-m.main+fp/hard\libc_nano.a(libc_a-errno.o)
                0x08005534                __errno
 .text.__libc_init_array
                0x08005540       0x48 C:/Users/tasrivas/.silabs/slt/installs/conan/p/gcc-a999d2e027337f/p/bin/../lib/gcc/arm-none-eabi/14.2.1/../../../../arm-none-eabi/lib/thumb/v8-m.main+fp/hard\libc_nano.a(libc_a-init.o)
                0x08005540                __libc_init_array
 .text._svfprintf_r
                0x08005588      0x1f8 C:/Users/tasrivas/.silabs/slt/installs/conan/p/gcc-a999d2e027337f/p/bin/../lib/gcc/arm-none-eabi/14.2.1/../../../../arm-none-eabi/lib/thumb/v8-m.main+fp/hard\libc_nano.a(libc_a-nano-svfprintf.o)
                0x08005588                _svfiprintf_r
                0x08005588                _svfprintf_r
 .text._printf_i
                0x08005780      0x240 C:/Users/tasrivas/.silabs/slt/installs/conan/p/gcc-a999d2e027337f/p/bin/../lib/gcc/arm-none-eabi/14.2.1/../../../../arm-none-eabi/lib/thumb/v8-m.main+fp/hard\libc_nano.a(libc_a-nano-vfprintf_i.o)
                0x08005780                _printf_i
 .text.sl_board_enable_vcom
                0x080059c0       0x1a CMakeFiles/slc.dir/base/2b77e4e802d1c66c1c79b26cc0d0f777/simplicity_sdk_2026.6.0/boards/hardware/board/src/sl_board_control_gpio.c.obj
                0x080059c0                sl_board_enable_vcom
 .text.sl_board_configure_vcom
                0x080059da        0xa CMakeFiles/slc.dir/base/2b77e4e802d1c66c1c79b26cc0d0f777/simplicity_sdk_2026.6.0/boards/hardware/board/src/sl_board_control_gpio.c.obj
                0x080059da                sl_board_configure_vcom
 .text.sl_board_disable_vcom
                0x080059e4       0x1c CMakeFiles/slc.dir/base/2b77e4e802d1c66c1c79b26cc0d0f777/simplicity_sdk_2026.6.0/boards/hardware/board/src/sl_board_control_gpio.c.obj
                0x080059e4                sl_board_disable_vcom
 .text.sl_cos_send_config
                0x08005a00       0x12 CMakeFiles/slc.dir/base/39b3fbad0420d4a2268bca3904c03f65/platform_core/hardware/driver/configuration_over_swo/src/sl_cos.c.obj
                0x08005a00                sl_cos_send_config
 .text.assertEFM
                0x08005a12        0x2 CMakeFiles/slc.dir/base/2b77e4e802d1c66c1c79b26cc0d0f777/simplicity_sdk_2026.6.0/platform_core/platform/common/src/sl_assert.c.obj
                0x08005a12                assertEFM
 .text._exit    0x08005a14        0x2 CMakeFiles/slc.dir/base/2b77e4e802d1c66c1c79b26cc0d0f777/simplicity_sdk_2026.6.0/platform_core/platform/common/src/sl_syscalls.c.obj
                0x08005a14                _exit
 .text.Reset_Handler
                0x08005a16        0x4 CMakeFiles/slc.dir/base/39b3fbad0420d4a2268bca3904c03f65/platform_core/platform/Device/SiliconLabs/EFR32MG24/Source/startup_efr32mg24.c.obj
                0x08005a16                Reset_Handler
 .text.Default_Handler
                0x08005a1a        0x2 CMakeFiles/slc.dir/base/39b3fbad0420d4a2268bca3904c03f65/platform_core/platform/Device/SiliconLabs/EFR32MG24/Source/startup_efr32mg24.c.obj
                0x08005a1a                ULFRCO_IRQHandler
                0x08005a1a                AHB2AHB1_IRQHandler
                0x08005a1a                SW2_IRQHandler
                0x08005a1a                TIMER2_IRQHandler
                0x08005a1a                DebugMon_Handler
                0x08005a1a                USART0_TX_IRQHandler
                0x08005a1a                IADC_IRQHandler
                0x08005a1a                EUSART0_TX_IRQHandler
                0x08005a1a                I2C0_IRQHandler
                0x08005a1a                LFXO_IRQHandler
                0x08005a1a                HardFault_Handler
                0x08005a1a                SMU_SECURE_IRQHandler
                0x08005a1a                SYSRTC_SEQ_IRQHandler
                0x08005a1a                EMUEFP_IRQHandler
                0x08005a1a                NMI_Handler
                0x08005a1a                SYNTH_IRQHandler
                0x08005a1a                HOSTMAILBOX_IRQHandler
                0x08005a1a                HFXO0_IRQHandler
                0x08005a1a                I2C1_IRQHandler
                0x08005a1a                WDOG0_IRQHandler
                0x08005a1a                TIMER3_IRQHandler
                0x08005a1a                SYSCFG_IRQHandler
                0x08005a1a                RFECA1_IRQHandler
                0x08005a1a                EMUDG_IRQHandler
                0x08005a1a                MSC_IRQHandler
                0x08005a1a                DPLL0_IRQHandler
                0x08005a1a                UsageFault_Handler
                0x08005a1a                WDOG1_IRQHandler
                0x08005a1a                M33CTI1_IRQHandler
                0x08005a1a                TIMER4_IRQHandler
                0x08005a1a                VDAC0_IRQHandler
                0x08005a1a                SEMBTX_IRQHandler
                0x08005a1a                SW0_IRQHandler
                0x08005a1a                TIMER0_IRQHandler
                0x08005a1a                MVP_IRQHandler
                0x08005a1a                LETIMER0_IRQHandler
                0x08005a1a                EUSART1_RX_IRQHandler
                0x08005a1a                TIMER1_IRQHandler
                0x08005a1a                HFRCO0_IRQHandler
                0x08005a1a                SecureFault_Handler
                0x08005a1a                BUFC_IRQHandler
                0x08005a1a                DCDC_IRQHandler
                0x08005a1a                MODEM_IRQHandler
                0x08005a1a                Default_Handler
                0x08005a1a                RAC_SEQ_IRQHandler
                0x08005a1a                FRC_PRI_IRQHandler
                0x08005a1a                EMU_IRQHandler
                0x08005a1a                SW3_IRQHandler
                0x08005a1a                KERNEL0_IRQHandler
                0x08005a1a                FRC_IRQHandler
                0x08005a1a                PCNT0_IRQHandler
                0x08005a1a                KERNEL1_IRQHandler
                0x08005a1a                AGC_IRQHandler
                0x08005a1a                EUSART1_TX_IRQHandler
                0x08005a1a                KEYSCAN_IRQHandler
                0x08005a1a                sl_app_properties
                0x08005a1a                HFRCOEM23_IRQHandler
                0x08005a1a                BURTC_IRQHandler
                0x08005a1a                SEMBRX_IRQHandler
                0x08005a1a                RFECA0_IRQHandler
                0x08005a1a                LFRCO_IRQHandler
                0x08005a1a                VDAC1_IRQHandler
                0x08005a1a                ACMP0_IRQHandler
                0x08005a1a                MemManage_Handler
                0x08005a1a                AHB2AHB0_IRQHandler
                0x08005a1a                SMU_S_PRIVILEGED_IRQHandler
                0x08005a1a                SW1_IRQHandler
                0x08005a1a                CMU_IRQHandler
                0x08005a1a                EUSART0_RX_IRQHandler
                0x08005a1a                RAC_RSM_IRQHandler
                0x08005a1a                SETAMPERHOST_IRQHandler
                0x08005a1a                AES_IRQHandler
                0x08005a1a                M33CTI0_IRQHandler
                0x08005a1a                ICACHE0_IRQHandler
                0x08005a1a                SMU_NS_PRIVILEGED_IRQHandler
                0x08005a1a                FPUEXH_IRQHandler
                0x08005a1a                PROTIMER_IRQHandler
                0x08005a1a                ACMP1_IRQHandler
                0x08005a1a                BusFault_Handler
                0x08005a1a                MPAHBRAM_IRQHandler
 .text.CopyMemory
                0x08005a1c       0x1a CMakeFiles/slc.dir/base/39b3fbad0420d4a2268bca3904c03f65/platform_core/platform/Device/SiliconLabs/EFR32MG24/Source/startup_efr32mg24.c.obj
                0x08005a1c                CopyMemory
 .text.sl_debug_swo_enable_itm
                0x08005a36       0x16 CMakeFiles/slc.dir/base/2b77e4e802d1c66c1c79b26cc0d0f777/simplicity_sdk_2026.6.0/platform_core/platform/driver/debug/src/sl_debug_swo.c.obj
                0x08005a36                sl_debug_swo_enable_itm
 .text.sl_debug_swo_disable_itm
                0x08005a4c       0x18 CMakeFiles/slc.dir/base/2b77e4e802d1c66c1c79b26cc0d0f777/simplicity_sdk_2026.6.0/platform_core/platform/driver/debug/src/sl_debug_swo.c.obj
                0x08005a4c                sl_debug_swo_disable_itm