Archive member included to satisfy reference by file (symbol)

C:/Users/tasrivas/.silabs/slt/installs/conan/p/gcc-a999d2e027337f/p/bin/../lib/gcc/arm-none-eabi/14.2.1/thumb/v8-m.main+fp/hard\libgcc.a(_aeabi_uldivmod.o)
                              CMakeFiles/slc.dir/base/2b77e4e802d1c66c1c79b26cc0d0f777/simplicity_sdk_2026.6.0/platform_core/platform/emlib/src/em_eusart.c.obj (__aeabi_uldivmod)
C:/Users/tasrivas/.silabs/slt/installs/conan/p/gcc-a999d2e027337f/p/bin/../lib/gcc/arm-none-eabi/14.2.1/thumb/v8-m.main+fp/hard\libgcc.a(_udivmoddi4.o)
                              C:/Users/tasrivas/.silabs/slt/installs/conan/p/gcc-a999d2e027337f/p/bin/../lib/gcc/arm-none-eabi/14.2.1/thumb/v8-m.main+fp/hard\libgcc.a(_aeabi_uldivmod.o) (__udivmoddi4)
C:/Users/tasrivas/.silabs/slt/installs/conan/p/gcc-a999d2e027337f/p/bin/../lib/gcc/arm-none-eabi/14.2.1/thumb/v8-m.main+fp/hard\libgcc.a(_dvmd_tls.o)
                              C:/Users/tasrivas/.silabs/slt/installs/conan/p/gcc-a999d2e027337f/p/bin/../lib/gcc/arm-none-eabi/14.2.1/thumb/v8-m.main+fp/hard\libgcc.a(_aeabi_uldivmod.o) (__aeabi_ldiv0)
C:/Users/tasrivas/.silabs/slt/installs/conan/p/gcc-a999d2e027337f/p/bin/../lib/gcc/arm-none-eabi/14.2.1/../../../../arm-none-eabi/lib/thumb/v8-m.main+fp/hard\libc_nano.a(libc_a-exit.o)
                              C:/Users/tasrivas/.silabs/slt/installs/conan/p/gcc-a999d2e027337f/p/bin/../lib/gcc/arm-none-eabi/14.2.1/../../../../arm-none-eabi/lib/thumb/v8-m.main+fp/hard/crt0.o (exit)
C:/Users/tasrivas/.silabs/slt/installs/conan/p/gcc-a999d2e027337f/p/bin/../lib/gcc/arm-none-eabi/14.2.1/../../../../arm-none-eabi/lib/thumb/v8-m.main+fp/hard\libc_nano.a(libc_a-strtol.o)
                              CMakeFiles/slc.dir/base/C_/Users/tasrivas/SimplicityStudio/v6_workspace/Elevator_capacity_controller/elev_parser.c.obj (strtol)
C:/Users/tasrivas/.silabs/slt/installs/conan/p/gcc-a999d2e027337f/p/bin/../lib/gcc/arm-none-eabi/14.2.1/../../../../arm-none-eabi/lib/thumb/v8-m.main+fp/hard\libc_nano.a(libc_a-ctype_.o)
                              CMakeFiles/slc.dir/base/C_/Users/tasrivas/SimplicityStudio/v6_workspace/Elevator_capacity_controller/elev_parser.c.obj (_ctype_)
C:/Users/tasrivas/.silabs/slt/installs/conan/p/gcc-a999d2e027337f/p/bin/../lib/gcc/arm-none-eabi/14.2.1/../../../../arm-none-eabi/lib/thumb/v8-m.main+fp/hard\libc_nano.a(libc_a-findfp.o)
                              C:/Users/tasrivas/.silabs/slt/installs/conan/p/gcc-a999d2e027337f/p/bin/../lib/gcc/arm-none-eabi/14.2.1/../../../../arm-none-eabi/lib/thumb/v8-m.main+fp/hard\libc_nano.a(libc_a-exit.o) (__stdio_exit_handler)
C:/Users/tasrivas/.silabs/slt/installs/conan/p/gcc-a999d2e027337f/p/bin/../lib/gcc/arm-none-eabi/14.2.1/../../../../arm-none-eabi/lib/thumb/v8-m.main+fp/hard\libc_nano.a(libc_a-fwalk.o)
                              C:/Users/tasrivas/.silabs/slt/installs/conan/p/gcc-a999d2e027337f/p/bin/../lib/gcc/arm-none-eabi/14.2.1/../../../../arm-none-eabi/lib/thumb/v8-m.main+fp/hard\libc_nano.a(libc_a-findfp.o) (_fwalk_sglue)
C:/Users/tasrivas/.silabs/slt/installs/conan/p/gcc-a999d2e027337f/p/bin/../lib/gcc/arm-none-eabi/14.2.1/../../../../arm-none-eabi/lib/thumb/v8-m.main+fp/hard\libc_nano.a(libc_a-snprintf.o)
                              CMakeFiles/slc.dir/base/C_/Users/tasrivas/SimplicityStudio/v6_workspace/Elevator_capacity_controller/elev_app.c.obj (snprintf)
C:/Users/tasrivas/.silabs/slt/installs/conan/p/gcc-a999d2e027337f/p/bin/../lib/gcc/arm-none-eabi/14.2.1/../../../../arm-none-eabi/lib/thumb/v8-m.main+fp/hard\libc_nano.a(libc_a-stdio.o)
                              C:/Users/tasrivas/.silabs/slt/installs/conan/p/gcc-a999d2e027337f/p/bin/../lib/gcc/arm-none-eabi/14.2.1/../../../../arm-none-eabi/lib/thumb/v8-m.main+fp/hard\libc_nano.a(libc_a-findfp.o) (__sread)
C:/Users/tasrivas/.silabs/slt/installs/conan/p/gcc-a999d2e027337f/p/bin/../lib/gcc/arm-none-eabi/14.2.1/../../../../arm-none-eabi/lib/thumb/v8-m.main+fp/hard\libc_nano.a(libc_a-memset.o)
                              C:/Users/tasrivas/.silabs/slt/installs/conan/p/gcc-a999d2e027337f/p/bin/../lib/gcc/arm-none-eabi/14.2.1/../../../../arm-none-eabi/lib/thumb/v8-m.main+fp/hard/crt0.o (memset)
C:/Users/tasrivas/.silabs/slt/installs/conan/p/gcc-a999d2e027337f/p/bin/../lib/gcc/arm-none-eabi/14.2.1/../../../../arm-none-eabi/lib/thumb/v8-m.main+fp/hard\libc_nano.a(libc_a-strncmp.o)
                              CMakeFiles/slc.dir/base/C_/Users/tasrivas/SimplicityStudio/v6_workspace/Elevator_capacity_controller/elev_parser.c.obj (strncmp)
C:/Users/tasrivas/.silabs/slt/installs/conan/p/gcc-a999d2e027337f/p/bin/../lib/gcc/arm-none-eabi/14.2.1/../../../../arm-none-eabi/lib/thumb/v8-m.main+fp/hard\libc_nano.a(libc_a-closer.o)
                              C:/Users/tasrivas/.silabs/slt/installs/conan/p/gcc-a999d2e027337f/p/bin/../lib/gcc/arm-none-eabi/14.2.1/../../../../arm-none-eabi/lib/thumb/v8-m.main+fp/hard\libc_nano.a(libc_a-stdio.o) (_close_r)
[...]
Memory Configuration

Name             Origin             Length             Attributes
FLASH            0x08000000         0x0017e000         xr
RAM              0x20000000         0x00040000         xrw
DUMMY            0xffe82000         0x0017e000         !ax
*default*        0x00000000         0xffffffff

Linker script and memory map

LOAD C:/Users/tasrivas/.silabs/slt/installs/conan/p/gcc-a999d2e027337f/p/bin/../lib/gcc/arm-none-eabi/14.2.1/thumb/v8-m.main+fp/hard/crti.o
LOAD C:/Users/tasrivas/.silabs/slt/installs/conan/p/gcc-a999d2e027337f/p/bin/../lib/gcc/arm-none-eabi/14.2.1/thumb/v8-m.main+fp/hard/crtbegin.o
LOAD C:/Users/tasrivas/.silabs/slt/installs/conan/p/gcc-a999d2e027337f/p/bin/../lib/gcc/arm-none-eabi/14.2.1/../../../../arm-none-eabi/lib/thumb/v8-m.main+fp/hard/crt0.o
LOAD CMakeFiles/slc.dir/base/2b77e4e802d1c66c1c79b26cc0d0f777/simplicity_sdk_2026.6.0/boards/hardware/board/src/sl_board_control_gpio.c.obj
LOAD CMakeFiles/slc.dir/base/2b77e4e802d1c66c1c79b26cc0d0f777/simplicity_sdk_2026.6.0/boards/hardware/board/src/sl_board_init.c.obj
LOAD CMakeFiles/slc.dir/base/0b6e346421ebc05ea9639262f42b318c/mx25_flash_shutdown/src/sl_mx25_flash_shutdown_eusart/sl_mx25_flash_shutdown.c.obj
LOAD CMakeFiles/slc.dir/base/ac99a924435e78b3a00becfe9e3d0161/Elevator_capacity_controller/simplicity_sdk_2026.6.0/cmsis/RTOS2/Source/os_systick.c.obj
LOAD CMakeFiles/slc.dir/base/2b77e4e802d1c66c1c79b26cc0d0f777/simplicity_sdk_2026.6.0/freertos/cmsis/Source/cmsis_os2.c.obj
LOAD CMakeFiles/slc.dir/base/ac99a924435e78b3a00becfe9e3d0161/Elevator_capacity_controller/simplicity_sdk_2026.6.0/freertos/kernel/croutine.c.obj
LOAD CMakeFiles/slc.dir/base/ac99a924435e78b3a00becfe9e3d0161/Elevator_capacity_controller/simplicity_sdk_2026.6.0/freertos/kernel/event_groups.c.obj
LOAD CMakeFiles/slc.dir/base/ac99a924435e78b3a00becfe9e3d0161/Elevator_capacity_controller/simplicity_sdk_2026.6.0/freertos/kernel/list.c.obj
LOAD CMakeFiles/slc.dir/base/39b3fbad0420d4a2268bca3904c03f65/freertos/kernel/portable/GCC/ARM_CM33_NTZ/non_secure/mpu_wrappers_v2_asm.c.obj
LOAD CMakeFiles/slc.dir/base/2b77e4e802d1c66c1c79b26cc0d0f777/simplicity_sdk_2026.6.0/freertos/kernel/portable/GCC/ARM_CM33_NTZ/non_secure/port.c.obj
LOAD CMakeFiles/slc.dir/base/39b3fbad0420d4a2268bca3904c03f65/freertos/kernel/portable/GCC/ARM_CM33_NTZ/non_secure/portasm.c.obj
LOAD CMakeFiles/slc.dir/base/2b77e4e802d1c66c1c79b26cc0d0f777/simplicity_sdk_2026.6.0/freertos/kernel/portable/MemMang/heap_3.c.obj
LOAD CMakeFiles/slc.dir/base/ac99a924435e78b3a00becfe9e3d0161/Elevator_capacity_controller/simplicity_sdk_2026.6.0/freertos/kernel/queue.c.obj
LOAD CMakeFiles/slc.dir/base/ac99a924435e78b3a00becfe9e3d0161/Elevator_capacity_controller/simplicity_sdk_2026.6.0/freertos/kernel/stream_buffer.c.obj
LOAD CMakeFiles/slc.dir/base/ac99a924435e78b3a00becfe9e3d0161/Elevator_capacity_controller/simplicity_sdk_2026.6.0/freertos/kernel/tasks.c.obj
LOAD CMakeFiles/slc.dir/base/ac99a924435e78b3a00becfe9e3d0161/Elevator_capacity_controller/simplicity_sdk_2026.6.0/freertos/kernel/timers.c.obj
LOAD CMakeFiles/slc.dir/base/39b3fbad0420d4a2268bca3904c03f65/platform_core/hardware/driver/configuration_over_swo/src/sl_cos.c.obj
LOAD CMakeFiles/slc.dir/base/2b77e4e802d1c66c1c79b26cc0d0f777/simplicity_sdk_2026.6.0/platform_core/platform/common/src/sl_assert.c.obj
LOAD CMakeFiles/slc.dir/base/2b77e4e802d1c66c1c79b26cc0d0f777/simplicity_sdk_2026.6.0/platform_core/platform/common/src/sl_cmsis_os2_common.c.obj
LOAD CMakeFiles/slc.dir/base/2b77e4e802d1c66c1c79b26cc0d0f777/simplicity_sdk_2026.6.0/platform_core/platform/common/src/sl_core_cortexm.c.obj
LOAD CMakeFiles/slc.dir/base/2b77e4e802d1c66c1c79b26cc0d0f777/simplicity_sdk_2026.6.0/platform_core/platform/common/src/sl_slist.c.obj
LOAD CMakeFiles/slc.dir/base/2b77e4e802d1c66c1c79b26cc0d0f777/simplicity_sdk_2026.6.0/platform_core/platform/common/src/sl_syscalls.c.obj
LOAD CMakeFiles/slc.dir/base/39b3fbad0420d4a2268bca3904c03f65/platform_core/platform/Device/SiliconLabs/EFR32MG24/Source/startup_efr32mg24.c.obj
LOAD CMakeFiles/slc.dir/base/39b3fbad0420d4a2268bca3904c03f65/platform_core/platform/Device/SiliconLabs/EFR32MG24/Source/system_efr32mg24.c.obj
LOAD CMakeFiles/slc.dir/base/2b77e4e802d1c66c1c79b26cc0d0f777/simplicity_sdk_2026.6.0/platform_core/platform/driver/debug/src/sl_debug_swo.c.obj
LOAD CMakeFiles/slc.dir/base/39b3fbad0420d4a2268bca3904c03f65/platform_core/platform/driver/dma_channel/src/sl_dma_channel.c.obj
LOAD CMakeFiles/slc.dir/base/39b3fbad0420d4a2268bca3904c03f65/platform_core/platform/driver/dma_channel/src/sl_dma_descriptor_allocator.c.obj
LOAD CMakeFiles/slc.dir/base/2b77e4e802d1c66c1c79b26cc0d0f777/simplicity_sdk_2026.6.0/platform_core/platform/driver/gpio/src/sl_gpio.c.obj
LOAD CMakeFiles/slc.dir/base/2b77e4e802d1c66c1c79b26cc0d0f777/simplicity_sdk_2026.6.0/platform_core/platform/driver/leddrv/src/sl_led.c.obj
LOAD CMakeFiles/slc.dir/base/2b77e4e802d1c66c1c79b26cc0d0f777/simplicity_sdk_2026.6.0/platform_core/platform/driver/leddrv/src/sl_simple_led.c.obj
LOAD CMakeFiles/slc.dir/base/2b77e4e802d1c66c1c79b26cc0d0f777/simplicity_sdk_2026.6.0/platform_core/platform/emlib/src/em_burtc.c.obj
LOAD CMakeFiles/slc.dir/base/2b77e4e802d1c66c1c79b26cc0d0f777/simplicity_sdk_2026.6.0/platform_core/platform/emlib/src/em_cmu.c.obj
LOAD CMakeFiles/slc.dir/base/2b77e4e802d1c66c1c79b26cc0d0f777/simplicity_sdk_2026.6.0/platform_core/platform/emlib/src/em_emu.c.obj
LOAD CMakeFiles/slc.dir/base/2b77e4e802d1c66c1c79b26cc0d0f777/simplicity_sdk_2026.6.0/platform_core/platform/emlib/src/em_eusart.c.obj
LOAD CMakeFiles/slc.dir/base/2b77e4e802d1c66c1c79b26cc0d0f777/simplicity_sdk_2026.6.0/platform_core/platform/emlib/src/em_gpio.c.obj
LOAD CMakeFiles/slc.dir/base/2b77e4e802d1c66c1c79b26cc0d0f777/simplicity_sdk_2026.6.0/platform_core/platform/emlib/src/em_msc.c.obj
LOAD CMakeFiles/slc.dir/base/2b77e4e802d1c66c1c79b26cc0d0f777/simplicity_sdk_2026.6.0/platform_core/platform/emlib/src/em_prs.c.obj
LOAD CMakeFiles/slc.dir/base/2b77e4e802d1c66c1c79b26cc0d0f777/simplicity_sdk_2026.6.0/platform_core/platform/emlib/src/em_system.c.obj
LOAD CMakeFiles/slc.dir/base/2b77e4e802d1c66c1c79b26cc0d0f777/simplicity_sdk_2026.6.0/platform_core/platform/emlib/src/em_timer.c.obj
LOAD CMakeFiles/slc.dir/base/2b77e4e802d1c66c1c79b26cc0d0f777/simplicity_sdk_2026.6.0/platform_core/platform/emlib/src/em_usart.c.obj
LOAD CMakeFiles/slc.dir/base/2b77e4e802d1c66c1c79b26cc0d0f777/simplicity_sdk_2026.6.0/platform_core/platform/peripheral/src/sl_hal_eusart.c.obj
LOAD CMakeFiles/slc.dir/base/2b77e4e802d1c66c1c79b26cc0d0f777/simplicity_sdk_2026.6.0/platform_core/platform/peripheral/src/sl_hal_gpio.c.obj
LOAD CMakeFiles/slc.dir/base/2b77e4e802d1c66c1c79b26cc0d0f777/simplicity_sdk_2026.6.0/platform_core/platform/peripheral/src/sl_hal_ldma.c.obj
LOAD CMakeFiles/slc.dir/base/2b77e4e802d1c66c1c79b26cc0d0f777/simplicity_sdk_2026.6.0/platform_core/platform/peripheral/src/sl_hal_prs.c.obj
LOAD CMakeFiles/slc.dir/base/2b77e4e802d1c66c1c79b26cc0d0f777/simplicity_sdk_2026.6.0/platform_core/platform/peripheral/src/sl_hal_syscfg.c.obj
LOAD CMakeFiles/slc.dir/base/2b77e4e802d1c66c1c79b26cc0d0f777/simplicity_sdk_2026.6.0/platform_core/platform/peripheral/src/sl_hal_sysrtc.c.obj
LOAD CMakeFiles/slc.dir/base/39b3fbad0420d4a2268bca3904c03f65/platform_core/platform/peripheral/src/sl_hal_sysrtc_subsystem.c.obj
LOAD CMakeFiles/slc.dir/base/2b77e4e802d1c66c1c79b26cc0d0f777/simplicity_sdk_2026.6.0/platform_core/platform/peripheral/src/sl_hal_system.c.obj
LOAD CMakeFiles/slc.dir/base/39b3fbad0420d4a2268bca3904c03f65/platform_core/platform/service/clock_manager/src/sl_clock_manager.c.obj
LOAD CMakeFiles/slc.dir/base/39b3fbad0420d4a2268bca3904c03f65/platform_core/platform/service/clock_manager/src/sl_clock_manager_hal_s2.c.obj
LOAD CMakeFiles/slc.dir/base/39b3fbad0420d4a2268bca3904c03f65/platform_core/platform/service/clock_manager/src/sl_clock_manager_init.c.obj
LOAD CMakeFiles/slc.dir/base/39b3fbad0420d4a2268bca3904c03f65/platform_core/platform/service/clock_manager/src/sl_clock_manager_init_hal_s2.c.obj
LOAD CMakeFiles/slc.dir/base/39b3fbad0420d4a2268bca3904c03f65/platform_core/platform/service/device_init/src/sl_device_init_dcdc_s2.c.obj
LOAD CMakeFiles/slc.dir/base/39b3fbad0420d4a2268bca3904c03f65/platform_core/platform/service/device_init/src/sl_device_init_emu_s2.c.obj
LOAD CMakeFiles/slc.dir/base/39b3fbad0420d4a2268bca3904c03f65/platform_core/platform/service/device_manager/clocks/sl_device_clock_efr32xg24.c.obj
LOAD CMakeFiles/slc.dir/base/e4406be69b4b3c4c9b84739fded7d3fd/platform/service/device_manager/devices/sl_device_peripheral_hal_efr32xg24.c.obj
LOAD CMakeFiles/slc.dir/base/39b3fbad0420d4a2268bca3904c03f65/platform_core/platform/service/device_manager/dma/sl_device_dma_s2.c.obj
LOAD CMakeFiles/slc.dir/base/39b3fbad0420d4a2268bca3904c03f65/platform_core/platform/service/device_manager/src/sl_device_clock.c.obj
LOAD CMakeFiles/slc.dir/base/39b3fbad0420d4a2268bca3904c03f65/platform_core/platform/service/device_manager/src/sl_device_dma.c.obj
LOAD CMakeFiles/slc.dir/base/39b3fbad0420d4a2268bca3904c03f65/platform_core/platform/service/device_manager/src/sl_device_gpio.c.obj
LOAD CMakeFiles/slc.dir/base/39b3fbad0420d4a2268bca3904c03f65/platform_core/platform/service/device_manager/src/sl_device_peripheral.c.obj
LOAD CMakeFiles/slc.dir/base/39b3fbad0420d4a2268bca3904c03f65/platform_core/platform/service/dma_manager/src/sl_dma_manager.c.obj
LOAD CMakeFiles/slc.dir/base/39b3fbad0420d4a2268bca3904c03f65/platform_core/platform/service/dma_manager/src/sl_dma_manager_hal_ldma.c.obj
LOAD CMakeFiles/slc.dir/base/39b3fbad0420d4a2268bca3904c03f65/platform_core/platform/service/interrupt_manager/src/sl_interrupt_manager_cortexm.c.obj
LOAD CMakeFiles/slc.dir/base/39b3fbad0420d4a2268bca3904c03f65/platform_core/platform/service/memory_manager/src/sl_memory_manager.c.obj
LOAD CMakeFiles/slc.dir/base/e4406be69b4b3c4c9b84739fded7d3fd/platform/service/memory_manager/src/sl_memory_manager_dynamic_reservation.c.obj
LOAD CMakeFiles/slc.dir/base/39b3fbad0420d4a2268bca3904c03f65/platform_core/platform/service/memory_manager/src/sl_memory_manager_pool.c.obj
LOAD CMakeFiles/slc.dir/base/39b3fbad0420d4a2268bca3904c03f65/platform_core/platform/service/memory_manager/src/sl_memory_manager_pool_common.c.obj
LOAD CMakeFiles/slc.dir/base/39b3fbad0420d4a2268bca3904c03f65/platform_core/platform/service/memory_manager/src/sl_memory_manager_region.c.obj
LOAD CMakeFiles/slc.dir/base/39b3fbad0420d4a2268bca3904c03f65/platform_core/platform/service/memory_manager/src/sl_memory_manager_retarget.c.obj
LOAD CMakeFiles/slc.dir/base/39b3fbad0420d4a2268bca3904c03f65/platform_core/platform/service/memory_manager/src/sli_memory_manager_common.c.obj
LOAD CMakeFiles/slc.dir/base/39b3fbad0420d4a2268bca3904c03f65/platform_core/platform/service/sl_main/src/rtos/main_retarget.c.obj
LOAD CMakeFiles/slc.dir/base/2b77e4e802d1c66c1c79b26cc0d0f777/simplicity_sdk_2026.6.0/platform_core/platform/service/sl_main/src/sl_main_init.c.obj
LOAD CMakeFiles/slc.dir/base/39b3fbad0420d4a2268bca3904c03f65/platform_core/platform/service/sl_main/src/sl_main_init_memory.c.obj
LOAD CMakeFiles/slc.dir/base/2b77e4e802d1c66c1c79b26cc0d0f777/simplicity_sdk_2026.6.0/platform_core/platform/service/sl_main/src/sl_main_kernel.c.obj
LOAD CMakeFiles/slc.dir/base/39b3fbad0420d4a2268bca3904c03f65/platform_core/platform/service/sleeptimer/src/sl_sleeptimer.c.obj
LOAD CMakeFiles/slc.dir/base/39b3fbad0420d4a2268bca3904c03f65/platform_core/platform/service/sleeptimer/src/sl_sleeptimer_hal_burtc.c.obj
LOAD CMakeFiles/slc.dir/base/39b3fbad0420d4a2268bca3904c03f65/platform_core/platform/service/sleeptimer/src/sl_sleeptimer_hal_sysrtc.c.obj
LOAD CMakeFiles/slc.dir/base/39b3fbad0420d4a2268bca3904c03f65/platform_core/platform/service/sleeptimer/src/sl_sleeptimer_hal_timer.c.obj
LOAD CMakeFiles/slc.dir/base/2b77e4e802d1c66c1c79b26cc0d0f777/simplicity_sdk_2026.6.0/platform_core/platform/service/udelay/src/sl_udelay.c.obj
LOAD CMakeFiles/slc.dir/base/39b3fbad0420d4a2268bca3904c03f65/platform_core/platform/service/udelay/src/sl_udelay_armv6m_gcc.S.obj
LOAD CMakeFiles/slc.dir/base/C_/Users/tasrivas/SimplicityStudio/v6_workspace/Elevator_capacity_controller/app.c.obj
LOAD CMakeFiles/slc.dir/base/C_/Users/tasrivas/SimplicityStudio/v6_workspace/Elevator_capacity_controller/elev_app.c.obj
LOAD CMakeFiles/slc.dir/base/C_/Users/tasrivas/SimplicityStudio/v6_workspace/Elevator_capacity_controller/elev_gpio.c.obj
LOAD CMakeFiles/slc.dir/base/C_/Users/tasrivas/SimplicityStudio/v6_workspace/Elevator_capacity_controller/elev_tx.c.obj
LOAD CMakeFiles/slc.dir/base/C_/Users/tasrivas/SimplicityStudio/v6_workspace/Elevator_capacity_controller/elev_rx.c.obj
LOAD CMakeFiles/slc.dir/base/C_/Users/tasrivas/SimplicityStudio/v6_workspace/Elevator_capacity_controller/elev_parser.c.obj
LOAD CMakeFiles/slc.dir/base/C_/Users/tasrivas/SimplicityStudio/v6_workspace/Elevator_capacity_controller/elev_ctrl.c.obj
LOAD CMakeFiles/slc.dir/base/C_/Users/tasrivas/SimplicityStudio/v6_workspace/Elevator_capacity_controller/autogen/sl_board_default_init.c.obj
LOAD CMakeFiles/slc.dir/base/C_/Users/tasrivas/SimplicityStudio/v6_workspace/Elevator_capacity_controller/autogen/sl_dma_manager_instances.c.obj
LOAD CMakeFiles/slc.dir/base/C_/Users/tasrivas/SimplicityStudio/v6_workspace/Elevator_capacity_controller/autogen/sl_event_handler.c.obj
LOAD CMakeFiles/slc.dir/base/C_/Users/tasrivas/SimplicityStudio/v6_workspace/Elevator_capacity_controller/autogen/sl_simple_led_instances.c.obj
LOAD CMakeFiles/slc.dir/base/C_/Users/tasrivas/SimplicityStudio/v6_workspace/Elevator_capacity_controller/main.c.obj
START GROUP
LOAD C:/Users/tasrivas/.silabs/slt/installs/conan/p/gcc-a999d2e027337f/p/bin/../lib/gcc/arm-none-eabi/14.2.1/thumb/v8-m.main+fp/hard\libgcc.a
LOAD C:/Users/tasrivas/.silabs/slt/installs/conan/p/gcc-a999d2e027337f/p/bin/../lib/gcc/arm-none-eabi/14.2.1/../../../../arm-none-eabi/lib/thumb/v8-m.main+fp/hard\libc_nano.a
LOAD C:/Users/tasrivas/.silabs/slt/installs/conan/p/gcc-a999d2e027337f/p/bin/../lib/gcc/arm-none-eabi/14.2.1/../../../../arm-none-eabi/lib/thumb/v8-m.main+fp/hard\libm.a
LOAD C:/Users/tasrivas/.silabs/slt/installs/conan/p/gcc-a999d2e027337f/p/bin/../lib/gcc/arm-none-eabi/14.2.1/../../../../arm-none-eabi/lib/thumb/v8-m.main+fp/hard\libnosys.a
END GROUP
START GROUP
LOAD C:/Users/tasrivas/.silabs/slt/installs/conan/p/gcc-a999d2e027337f/p/bin/../lib/gcc/arm-none-eabi/14.2.1/thumb/v8-m.main+fp/hard\libgcc.a
LOAD C:/Users/tasrivas/.silabs/slt/installs/conan/p/gcc-a999d2e027337f/p/bin/../lib/gcc/arm-none-eabi/14.2.1/../../../../arm-none-eabi/lib/thumb/v8-m.main+fp/hard\libc_nano.a
END GROUP
START GROUP
LOAD C:/Users/tasrivas/.silabs/slt/installs/conan/p/gcc-a999d2e027337f/p/bin/../lib/gcc/arm-none-eabi/14.2.1/thumb/v8-m.main+fp/hard\libgcc.a
LOAD C:/Users/tasrivas/.silabs/slt/installs/conan/p/gcc-a999d2e027337f/p/bin/../lib/gcc/arm-none-eabi/14.2.1/../../../../arm-none-eabi/lib/thumb/v8-m.main+fp/hard\libc_nano.a
END GROUP
LOAD C:/Users/tasrivas/.silabs/slt/installs/conan/p/gcc-a999d2e027337f/p/bin/../lib/gcc/arm-none-eabi/14.2.1/thumb/v8-m.main+fp/hard/crtend.o
LOAD C:/Users/tasrivas/.silabs/slt/installs/conan/p/gcc-a999d2e027337f/p/bin/../lib/gcc/arm-none-eabi/14.2.1/thumb/v8-m.main+fp/hard/crtn.o

.vectors        0x08000000      0x170
                0x08000000                        linker_vectors_begin = .
 *(.vectors)
 .vectors       0x08000000      0x170 CMakeFiles/slc.dir/base/39b3fbad0420d4a2268bca3904c03f65/platform_core/platform/Device/SiliconLabs/EFR32MG24/Source/startup_efr32mg24.c.obj
                0x08000000                __Vectors
                0x08000170                        linker_vectors_end = .
                0x08000170                        __Vectors_End = .
                0x08000170                        __Vectors_Size = (__Vectors_End - __Vectors)

.stack          0x20000000      0x400
                0x20000000                        . = ALIGN (0x8)
                0x20000000                        __stack_limit = .
                0x20000000                        __StackLimit = .
 *(.stack*)
 .stack         0x20000000      0x400 CMakeFiles/slc.dir/base/39b3fbad0420d4a2268bca3904c03f65/platform_core/platform/service/memory_manager/src/sl_memory_manager_region.c.obj
                0x20000400                        . = ALIGN (0x4)
                0x20000400                        __stack = .
                0x20000400                        __StackTop = .

.bss            0x20000400     0x1094
                0x20000400                        . = ALIGN (0x4)
                0x20000400                        __bss_start__ = .
 *(SORT_BY_ALIGNMENT(.bss*))
 .bss.object.0  0x20000400       0x18 C:/Users/tasrivas/.silabs/slt/installs/conan/p/gcc-a999d2e027337f/p/bin/../lib/gcc/arm-none-eabi/14.2.1/thumb/v8-m.main+fp/hard/crtbegin.o
 .bss.Timer_Stack.0
                0x20000418      0x280 CMakeFiles/slc.dir/base/2b77e4e802d1c66c1c79b26cc0d0f777/simplicity_sdk_2026.6.0/freertos/cmsis/Source/cmsis_os2.c.obj
 .bss.Timer_TCB.1
                0x20000698       0x58 CMakeFiles/slc.dir/base/2b77e4e802d1c66c1c79b26cc0d0f777/simplicity_sdk_2026.6.0/freertos/cmsis/Source/cmsis_os2.c.obj
 .bss.Idle_Stack.2
                0x200006f0      0x280 CMakeFiles/slc.dir/base/2b77e4e802d1c66c1c79b26cc0d0f777/simplicity_sdk_2026.6.0/freertos/cmsis/Source/cmsis_os2.c.obj
 .bss.Idle_TCB.3
                0x20000970       0x58 CMakeFiles/slc.dir/base/2b77e4e802d1c66c1c79b26cc0d0f777/simplicity_sdk_2026.6.0/freertos/cmsis/Source/cmsis_os2.c.obj
 .bss.KernelState
                0x200009c8        0x4 CMakeFiles/slc.dir/base/2b77e4e802d1c66c1c79b26cc0d0f777/simplicity_sdk_2026.6.0/freertos/cmsis/Source/cmsis_os2.c.obj
 .bss.ulMaxPRIGROUPValue
                0x200009cc        0x4 CMakeFiles/slc.dir/base/2b77e4e802d1c66c1c79b26cc0d0f777/simplicity_sdk_2026.6.0/freertos/kernel/portable/GCC/ARM_CM33_NTZ/non_secure/port.c.obj
 .bss.xQueueRegistry
                0x200009d0       0x50 CMakeFiles/slc.dir/base/ac99a924435e78b3a00becfe9e3d0161/Elevator_capacity_controller/simplicity_sdk_2026.6.0/freertos/kernel/queue.c.obj
                0x200009d0                xQueueRegistry
 .bss.uxSchedulerSuspended
                0x20000a20        0x4 CMakeFiles/slc.dir/base/ac99a924435e78b3a00becfe9e3d0161/Elevator_capacity_controller/simplicity_sdk_2026.6.0/freertos/kernel/tasks.c.obj
 .bss.xIdleTaskHandles
                0x20000a24        0x4 CMakeFiles/slc.dir/base/ac99a924435e78b3a00becfe9e3d0161/Elevator_capacity_controller/simplicity_sdk_2026.6.0/freertos/kernel/tasks.c.obj
 .bss.xNextTaskUnblockTime
                0x20000a28        0x4 CMakeFiles/slc.dir/base/ac99a924435e78b3a00becfe9e3d0161/Elevator_capacity_controller/simplicity_sdk_2026.6.0/freertos/kernel/tasks.c.obj
 .bss.uxTaskNumber
                0x20000a2c        0x4 CMakeFiles/slc.dir/base/ac99a924435e78b3a00becfe9e3d0161/Elevator_capacity_controller/simplicity_sdk_2026.6.0/freertos/kernel/tasks.c.obj
 .bss.xNumOfOverflows
                0x20000a30        0x4 CMakeFiles/slc.dir/base/ac99a924435e78b3a00becfe9e3d0161/Elevator_capacity_controller/simplicity_sdk_2026.6.0/freertos/kernel/tasks.c.obj
 .bss.xYieldPendings
                0x20000a34        0x4 CMakeFiles/slc.dir/base/ac99a924435e78b3a00becfe9e3d0161/Elevator_capacity_controller/simplicity_sdk_2026.6.0/freertos/kernel/tasks.c.obj
 .bss.xPendedTicks
                0x20000a38        0x4 CMakeFiles/slc.dir/base/ac99a924435e78b3a00becfe9e3d0161/Elevator_capacity_controller/simplicity_sdk_2026.6.0/freertos/kernel/tasks.c.obj
 .bss.xSchedulerRunning
                0x20000a3c        0x4 CMakeFiles/slc.dir/base/ac99a924435e78b3a00becfe9e3d0161/Elevator_capacity_controller/simplicity_sdk_2026.6.0/freertos/kernel/tasks.c.obj
 .bss.uxTopReadyPriority
                0x20000a40        0x4 CMakeFiles/slc.dir/base/ac99a924435e78b3a00becfe9e3d0161/Elevator_capacity_controller/simplicity_sdk_2026.6.0/freertos/kernel/tasks.c.obj
 .bss.xTickCount
                0x20000a44        0x4 CMakeFiles/slc.dir/base/ac99a924435e78b3a00becfe9e3d0161/Elevator_capacity_controller/simplicity_sdk_2026.6.0/freertos/kernel/tasks.c.obj
 .bss.uxCurrentNumberOfTasks
                0x20000a48        0x4 CMakeFiles/slc.dir/base/ac99a924435e78b3a00becfe9e3d0161/Elevator_capacity_controller/simplicity_sdk_2026.6.0/freertos/kernel/tasks.c.obj
 .bss.xSuspendedTaskList
                0x20000a4c       0x14 CMakeFiles/slc.dir/base/ac99a924435e78b3a00becfe9e3d0161/Elevator_capacity_controller/simplicity_sdk_2026.6.0/freertos/kernel/tasks.c.obj
 .bss.uxDeletedTasksWaitingCleanUp
                0x20000a60        0x4 CMakeFiles/slc.dir/base/ac99a924435e78b3a00becfe9e3d0161/Elevator_capacity_controller/simplicity_sdk_2026.6.0/freertos/kernel/tasks.c.obj
 .bss.xTasksWaitingTermination
                0x20000a64       0x14 CMakeFiles/slc.dir/base/ac99a924435e78b3a00becfe9e3d0161/Elevator_capacity_controller/simplicity_sdk_2026.6.0/freertos/kernel/tasks.c.obj
 .bss.xPendingReadyList
                0x20000a78       0x14 CMakeFiles/slc.dir/base/ac99a924435e78b3a00becfe9e3d0161/Elevator_capacity_controller/simplicity_sdk_2026.6.0/freertos/kernel/tasks.c.obj
 .bss.pxOverflowDelayedTaskList
                0x20000a8c        0x4 CMakeFiles/slc.dir/base/ac99a924435e78b3a00becfe9e3d0161/Elevator_capacity_controller/simplicity_sdk_2026.6.0/freertos/kernel/tasks.c.obj
 .bss.pxDelayedTaskList
                0x20000a90        0x4 CMakeFiles/slc.dir/base/ac99a924435e78b3a00becfe9e3d0161/Elevator_capacity_controller/simplicity_sdk_2026.6.0/freertos/kernel/tasks.c.obj
 .bss.xDelayedTaskList2
                0x20000a94       0x14 CMakeFiles/slc.dir/base/ac99a924435e78b3a00becfe9e3d0161/Elevator_capacity_controller/simplicity_sdk_2026.6.0/freertos/kernel/tasks.c.obj
 .bss.xDelayedTaskList1
                0x20000aa8       0x14 CMakeFiles/slc.dir/base/ac99a924435e78b3a00becfe9e3d0161/Elevator_capacity_controller/simplicity_sdk_2026.6.0/freertos/kernel/tasks.c.obj
 .bss.pxReadyTasksLists
                0x20000abc      0x460 CMakeFiles/slc.dir/base/ac99a924435e78b3a00becfe9e3d0161/Elevator_capacity_controller/simplicity_sdk_2026.6.0/freertos/kernel/tasks.c.obj
 .bss.pxCurrentTCB
                0x20000f1c        0x4 CMakeFiles/slc.dir/base/ac99a924435e78b3a00becfe9e3d0161/Elevator_capacity_controller/simplicity_sdk_2026.6.0/freertos/kernel/tasks.c.obj
                0x20000f1c                pxCurrentTCB
 .bss.xLastTime.0
                0x20000f20        0x4 CMakeFiles/slc.dir/base/ac99a924435e78b3a00becfe9e3d0161/Elevator_capacity_controller/simplicity_sdk_2026.6.0/freertos/kernel/timers.c.obj
 .bss.xStaticTimerQueue.1
                0x20000f24       0x50 CMakeFiles/slc.dir/base/ac99a924435e78b3a00becfe9e3d0161/Elevator_capacity_controller/simplicity_sdk_2026.6.0/freertos/kernel/timers.c.obj
 .bss.xTimerTaskHandle
                0x20000f74        0x4 CMakeFiles/slc.dir/base/ac99a924435e78b3a00becfe9e3d0161/Elevator_capacity_controller/simplicity_sdk_2026.6.0/freertos/kernel/timers.c.obj
 .bss.xTimerQueue
                0x20000f78        0x4 CMakeFiles/slc.dir/base/ac99a924435e78b3a00becfe9e3d0161/Elevator_capacity_controller/simplicity_sdk_2026.6.0/freertos/kernel/timers.c.obj
 .bss.pxOverflowTimerList
                0x20000f7c        0x4 CMakeFiles/slc.dir/base/ac99a924435e78b3a00becfe9e3d0161/Elevator_capacity_controller/simplicity_sdk_2026.6.0/freertos/kernel/timers.c.obj
 .bss.pxCurrentTimerList
                0x20000f80        0x4 CMakeFiles/slc.dir/base/ac99a924435e78b3a00becfe9e3d0161/Elevator_capacity_controller/simplicity_sdk_2026.6.0/freertos/kernel/timers.c.obj
 .bss.xActiveTimerList2
                0x20000f84       0x14 CMakeFiles/slc.dir/base/ac99a924435e78b3a00becfe9e3d0161/Elevator_capacity_controller/simplicity_sdk_2026.6.0/freertos/kernel/timers.c.obj
 .bss.xActiveTimerList1
                0x20000f98       0x14 CMakeFiles/slc.dir/base/ac99a924435e78b3a00becfe9e3d0161/Elevator_capacity_controller/simplicity_sdk_2026.6.0/freertos/kernel/timers.c.obj
 .bss.gpio_interrupts
                0x20000fac      0x100 CMakeFiles/slc.dir/base/2b77e4e802d1c66c1c79b26cc0d0f777/simplicity_sdk_2026.6.0/platform_core/platform/driver/gpio/src/sl_gpio.c.obj
 .bss.current_irq_dma_handle
                0x200010ac        0x4 CMakeFiles/slc.dir/base/39b3fbad0420d4a2268bca3904c03f65/platform_core/platform/service/dma_manager/src/sl_dma_manager.c.obj
 .bss.default_dma_handle
                0x200010b0        0x4 CMakeFiles/slc.dir/base/39b3fbad0420d4a2268bca3904c03f65/platform_core/platform/service/dma_manager/src/sl_dma_manager.c.obj
                0x200010b0                default_dma_handle
 .bss.dma_handle_list
                0x200010b4        0x4 CMakeFiles/slc.dir/base/39b3fbad0420d4a2268bca3904c03f65/platform_core/platform/service/dma_manager/src/sl_dma_manager.c.obj
                0x200010b4                dma_handle_list
 .bss.sli_dma_manager_pending_errors
                0x200010b8       0x20 CMakeFiles/slc.dir/base/39b3fbad0420d4a2268bca3904c03f65/platform_core/platform/service/dma_manager/src/sl_dma_manager_hal_ldma.c.obj
 .bss.sli_general_purpose_heap
                0x200010d8       0x28 CMakeFiles/slc.dir/base/39b3fbad0420d4a2268bca3904c03f65/platform_core/platform/service/memory_manager/src/sl_memory_manager.c.obj
                0x200010d8                sli_general_purpose_heap
 .bss.sli_memory_heap_region
                0x20001100        0x8 CMakeFiles/slc.dir/base/39b3fbad0420d4a2268bca3904c03f65/platform_core/platform/service/memory_manager/src/sl_memory_manager_region.c.obj
 .bss.start_task_id
                0x20001108        0x4 CMakeFiles/slc.dir/base/2b77e4e802d1c66c1c79b26cc0d0f777/simplicity_sdk_2026.6.0/platform_core/platform/service/sl_main/src/sl_main_kernel.c.obj
                0x20001108                start_task_id
 .bss.max_millisecond_conversion
                0x2000110c        0x4 CMakeFiles/slc.dir/base/39b3fbad0420d4a2268bca3904c03f65/platform_core/platform/service/sleeptimer/src/sl_sleeptimer.c.obj
 .bss.last_delta_update_count
                0x20001110        0x4 CMakeFiles/slc.dir/base/39b3fbad0420d4a2268bca3904c03f65/platform_core/platform/service/sleeptimer/src/sl_sleeptimer.c.obj
 .bss.timer_head
                0x20001114        0x4 CMakeFiles/slc.dir/base/39b3fbad0420d4a2268bca3904c03f65/platform_core/platform/service/sleeptimer/src/sl_sleeptimer.c.obj
 .bss.timer_frequency
                0x20001118        0x4 CMakeFiles/slc.dir/base/39b3fbad0420d4a2268bca3904c03f65/platform_core/platform/service/sleeptimer/src/sl_sleeptimer.c.obj
 .bss.overflow_counter
                0x2000111c        0x4 CMakeFiles/slc.dir/base/39b3fbad0420d4a2268bca3904c03f65/platform_core/platform/service/sleeptimer/src/sl_sleeptimer.c.obj
 .bss.s_dma_tx  0x20001120       0x18 CMakeFiles/slc.dir/base/C_/Users/tasrivas/SimplicityStudio/v6_workspace/Elevator_capacity_controller/elev_tx.c.obj
 .bss.s_tx_task
                0x20001138        0x4 CMakeFiles/slc.dir/base/C_/Users/tasrivas/SimplicityStudio/v6_workspace/Elevator_capacity_controller/elev_tx.c.obj
 .bss.s_tx_q    0x2000113c        0x4 CMakeFiles/slc.dir/base/C_/Users/tasrivas/SimplicityStudio/v6_workspace/Elevator_capacity_controller/elev_tx.c.obj
 .bss.s_parser  0x20001140        0x4 CMakeFiles/slc.dir/base/C_/Users/tasrivas/SimplicityStudio/v6_workspace/Elevator_capacity_controller/elev_rx.c.obj
 .bss.s_parser_task
                0x20001144        0x4 CMakeFiles/slc.dir/base/C_/Users/tasrivas/SimplicityStudio/v6_workspace/Elevator_capacity_controller/elev_parser.c.obj
 .bss.s_req_q   0x20001148        0x4 CMakeFiles/slc.dir/base/C_/Users/tasrivas/SimplicityStudio/v6_workspace/Elevator_capacity_controller/elev_parser.c.obj
 .bss.s_mtx_state
                0x2000114c        0x4 CMakeFiles/slc.dir/base/C_/Users/tasrivas/SimplicityStudio/v6_workspace/Elevator_capacity_controller/elev_ctrl.c.obj
 .bss.s_sem_capacity
                0x20001150        0x4 CMakeFiles/slc.dir/base/C_/Users/tasrivas/SimplicityStudio/v6_workspace/Elevator_capacity_controller/elev_ctrl.c.obj
 .bss.s_wait_q  0x20001154        0x4 CMakeFiles/slc.dir/base/C_/Users/tasrivas/SimplicityStudio/v6_workspace/Elevator_capacity_controller/elev_ctrl.c.obj
 .bss.s_req_q   0x20001158        0x4 CMakeFiles/slc.dir/base/C_/Users/tasrivas/SimplicityStudio/v6_workspace/Elevator_capacity_controller/elev_ctrl.c.obj
 .bss.sl_dma_handle_ldma0
                0x2000115c       0x1c CMakeFiles/slc.dir/base/C_/Users/tasrivas/SimplicityStudio/v6_workspace/Elevator_capacity_controller/autogen/sl_dma_manager_instances.c.obj
                0x2000115c                sl_dma_handle_ldma0
 .bss.__sf      0x20001178      0x138 C:/Users/tasrivas/.silabs/slt/installs/conan/p/gcc-a999d2e027337f/p/bin/../lib/gcc/arm-none-eabi/14.2.1/../../../../arm-none-eabi/lib/thumb/v8-m.main+fp/hard\libc_nano.a(libc_a-findfp.o)
                0x20001178                __sf
 .bss.__stdio_exit_handler
                0x200012b0        0x4 C:/Users/tasrivas/.silabs/slt/installs/conan/p/gcc-a999d2e027337f/p/bin/../lib/gcc/arm-none-eabi/14.2.1/../../../../arm-none-eabi/lib/thumb/v8-m.main+fp/hard\libc_nano.a(libc_a-findfp.o)
                0x200012b0                __stdio_exit_handler
 .bss.s_inflight
                0x200012b4       0xa2 CMakeFiles/slc.dir/base/C_/Users/tasrivas/SimplicityStudio/v6_workspace/Elevator_capacity_controller/elev_tx.c.obj
 .bss.s_slot    0x20001356       0x88 CMakeFiles/slc.dir/base/C_/Users/tasrivas/SimplicityStudio/v6_workspace/Elevator_capacity_controller/elev_rx.c.obj
 .bss.s_waiting_total
                0x200013de        0x2 CMakeFiles/slc.dir/base/C_/Users/tasrivas/SimplicityStudio/v6_workspace/Elevator_capacity_controller/elev_ctrl.c.obj
 .bss.s_occupancy
                0x200013e0        0x2 CMakeFiles/slc.dir/base/C_/Users/tasrivas/SimplicityStudio/v6_workspace/Elevator_capacity_controller/elev_ctrl.c.obj
 .bss.completed.1
                0x200013e2        0x1 C:/Users/tasrivas/.silabs/slt/installs/conan/p/gcc-a999d2e027337f/p/bin/../lib/gcc/arm-none-eabi/14.2.1/thumb/v8-m.main+fp/hard/crtbegin.o
 .bss.ucMaxSysCallPriority
                0x200013e3        0x1 CMakeFiles/slc.dir/base/2b77e4e802d1c66c1c79b26cc0d0f777/simplicity_sdk_2026.6.0/freertos/kernel/portable/GCC/ARM_CM33_NTZ/non_secure/port.c.obj
 .bss.ucStaticTimerQueueStorage.2
                0x200013e4       0xa0 CMakeFiles/slc.dir/base/ac99a924435e78b3a00becfe9e3d0161/Elevator_capacity_controller/simplicity_sdk_2026.6.0/freertos/kernel/timers.c.obj
 .bss.pclkDiv   0x20001484        0x1 CMakeFiles/slc.dir/base/2b77e4e802d1c66c1c79b26cc0d0f777/simplicity_sdk_2026.6.0/platform_core/platform/emlib/src/em_cmu.c.obj
 .bss.vScaleEM01Config
                0x20001485        0x1 CMakeFiles/slc.dir/base/2b77e4e802d1c66c1c79b26cc0d0f777/simplicity_sdk_2026.6.0/platform_core/platform/emlib/src/em_emu.c.obj
 .bss.current_irq_channel_nbr
                0x20001486        0x1 CMakeFiles/slc.dir/base/39b3fbad0420d4a2268bca3904c03f65/platform_core/platform/service/dma_manager/src/sl_dma_manager.c.obj
 .bss.is_interrupt_manager_initialized
                0x20001487        0x1 CMakeFiles/slc.dir/base/39b3fbad0420d4a2268bca3904c03f65/platform_core/platform/service/interrupt_manager/src/sl_interrupt_manager_cortexm.c.obj
 .bss.sli_mm_initialized
                0x20001488        0x1 CMakeFiles/slc.dir/base/39b3fbad0420d4a2268bca3904c03f65/platform_core/platform/service/memory_manager/src/sl_memory_manager.c.obj
                0x20001488                sli_mm_initialized
 .bss.sleep_on_isr_exit
                0x20001489        0x1 CMakeFiles/slc.dir/base/39b3fbad0420d4a2268bca3904c03f65/platform_core/platform/service/sleeptimer/src/sl_sleeptimer.c.obj
 .bss.next_timer_to_expire_is_power_manager
                0x2000148a        0x1 CMakeFiles/slc.dir/base/39b3fbad0420d4a2268bca3904c03f65/platform_core/platform/service/sleeptimer/src/sl_sleeptimer.c.obj
                0x2000148a                next_timer_to_expire_is_power_manager
 .bss.is_sleeptimer_initialized
                0x2000148b        0x1 CMakeFiles/slc.dir/base/39b3fbad0420d4a2268bca3904c03f65/platform_core/platform/service/sleeptimer/src/sl_sleeptimer.c.obj
 .bss.s_dma_busy
                0x2000148c        0x1 CMakeFiles/slc.dir/base/C_/Users/tasrivas/SimplicityStudio/v6_workspace/Elevator_capacity_controller/elev_tx.c.obj
 .bss.s_dma_ch  0x2000148d        0x1 CMakeFiles/slc.dir/base/C_/Users/tasrivas/SimplicityStudio/v6_workspace/Elevator_capacity_controller/elev_tx.c.obj
 .bss.s_saw_cr  0x2000148e        0x1 CMakeFiles/slc.dir/base/C_/Users/tasrivas/SimplicityStudio/v6_workspace/Elevator_capacity_controller/elev_rx.c.obj
 .bss.s_overflow
                0x2000148f        0x1 CMakeFiles/slc.dir/base/C_/Users/tasrivas/SimplicityStudio/v6_workspace/Elevator_capacity_controller/elev_rx.c.obj
 .bss.s_ready   0x20001490        0x1 CMakeFiles/slc.dir/base/C_/Users/tasrivas/SimplicityStudio/v6_workspace/Elevator_capacity_controller/elev_rx.c.obj
 .bss.s_fill    0x20001491        0x1 CMakeFiles/slc.dir/base/C_/Users/tasrivas/SimplicityStudio/v6_workspace/Elevator_capacity_controller/elev_rx.c.obj
 *(COMMON)
                0x20001494                        . = ALIGN (0x4)
 *fill*         0x20001492        0x2 
                0x20001494                        __bss_end__ = .

.noinit
 *(.noinit*)

text_application_ram
                0x20001494        0x0 load address 0x08000170
                0x20001494                        . = ALIGN (0x4)
                0x20001494                        __vma_ramfuncs_start__ = .
 *(text_application_ram)
                0x20001494                        . = ALIGN (0x4)
                0x20001494                        __vma_ramfuncs_end__ = .
                0x08000170                        __lma_ramfuncs_start__ = LOADADDR (text_application_ram)
                0x08000170                        __lma_ramfuncs_end__ = (LOADADDR (text_application_ram) + SIZEOF (text_application_ram))

.rodata

.text           0x08000170     0x9f7c
                0x08000170                        linker_code_begin = .
 *(SORT_BY_ALIGNMENT(.text*))
 .text          0x08000170        0x8 CMakeFiles/slc.dir/base/39b3fbad0420d4a2268bca3904c03f65/platform_core/platform/service/udelay/src/sl_udelay_armv6m_gcc.S.obj
                0x08000170                sli_delay_loop
 .text.deregister_tm_clones
                0x08000178       0x1c C:/Users/tasrivas/.silabs/slt/installs/conan/p/gcc-a999d2e027337f/p/bin/../lib/gcc/arm-none-eabi/14.2.1/thumb/v8-m.main+fp/hard/crtbegin.o
 .text.register_tm_clones
                0x08000194       0x28 C:/Users/tasrivas/.silabs/slt/installs/conan/p/gcc-a999d2e027337f/p/bin/../lib/gcc/arm-none-eabi/14.2.1/thumb/v8-m.main+fp/hard/crtbegin.o
 .text.__do_global_dtors_aux
                0x080001bc       0x28 C:/Users/tasrivas/.silabs/slt/installs/conan/p/gcc-a999d2e027337f/p/bin/../lib/gcc/arm-none-eabi/14.2.1/thumb/v8-m.main+fp/hard/crtbegin.o
 .text.frame_dummy
                0x080001e4       0x24 C:/Users/tasrivas/.silabs/slt/installs/conan/p/gcc-a999d2e027337f/p/bin/../lib/gcc/arm-none-eabi/14.2.1/thumb/v8-m.main+fp/hard/crtbegin.o
 .text          0x08000208       0x7c C:/Users/tasrivas/.silabs/slt/installs/conan/p/gcc-a999d2e027337f/p/bin/../lib/gcc/arm-none-eabi/14.2.1/../../../../arm-none-eabi/lib/thumb/v8-m.main+fp/hard/crt0.o
                0x08000208                _stack_init
                0x08000210                _start
                0x08000210                _mainCRTStartup
 .text.sl_board_init
                0x08000284       0x18 CMakeFiles/slc.dir/base/2b77e4e802d1c66c1c79b26cc0d0f777/simplicity_sdk_2026.6.0/boards/hardware/board/src/sl_board_init.c.obj
                0x08000284                sl_board_init
 .text.sl_board_preinit
                0x0800029c        0xc CMakeFiles/slc.dir/base/2b77e4e802d1c66c1c79b26cc0d0f777/simplicity_sdk_2026.6.0/boards/hardware/board/src/sl_board_init.c.obj
                0x0800029c                sl_board_preinit
 .text.sl_mx25_flash_shutdown
                0x080002a8      0x19c CMakeFiles/slc.dir/base/0b6e346421ebc05ea9639262f42b318c/mx25_flash_shutdown/src/sl_mx25_flash_shutdown_eusart/sl_mx25_flash_shutdown.c.obj
                0x080002a8                sl_mx25_flash_shutdown
 .text.vApplicationStackOverflowHook
                0x08000444       0x10 CMakeFiles/slc.dir/base/2b77e4e802d1c66c1c79b26cc0d0f777/simplicity_sdk_2026.6.0/freertos/cmsis/Source/cmsis_os2.c.obj
                0x08000444                vApplicationStackOverflowHook
 .text.prvTaskExitError
                0x08000454       0x30 CMakeFiles/slc.dir/base/2b77e4e802d1c66c1c79b26cc0d0f777/simplicity_sdk_2026.6.0/freertos/kernel/portable/GCC/ARM_CM33_NTZ/non_secure/port.c.obj
 .text.vPortValidateInterruptPriority
                0x08000484       0x54 CMakeFiles/slc.dir/base/2b77e4e802d1c66c1c79b26cc0d0f777/simplicity_sdk_2026.6.0/freertos/kernel/portable/GCC/ARM_CM33_NTZ/non_secure/port.c.obj
                0x08000484                vPortValidateInterruptPriority
 .text.sl_slist_push
                0x080004d8       0x20 CMakeFiles/slc.dir/base/2b77e4e802d1c66c1c79b26cc0d0f777/simplicity_sdk_2026.6.0/platform_core/platform/common/src/sl_slist.c.obj
                0x080004d8                sl_slist_push
 .text.CopyFunctionsToRam
                0x080004f8       0x1c CMakeFiles/slc.dir/base/39b3fbad0420d4a2268bca3904c03f65/platform_core/platform/Device/SiliconLabs/EFR32MG24/Source/startup_efr32mg24.c.obj
                0x080004f8                CopyFunctionsToRam
 .text.Reset_Handler_C
                0x08000514       0x6c CMakeFiles/slc.dir/base/39b3fbad0420d4a2268bca3904c03f65/platform_core/platform/Device/SiliconLabs/EFR32MG24/Source/startup_efr32mg24.c.obj
                0x08000514                Reset_Handler_C
 .text.SystemInit
                0x08000580       0x64 CMakeFiles/slc.dir/base/39b3fbad0420d4a2268bca3904c03f65/platform_core/platform/Device/SiliconLabs/EFR32MG24/Source/system_efr32mg24.c.obj
                0x08000580                SystemInit
 .text.SystemHFRCODPLLClockSet
                0x080005e4        0xc CMakeFiles/slc.dir/base/39b3fbad0420d4a2268bca3904c03f65/platform_core/platform/Device/SiliconLabs/EFR32MG24/Source/system_efr32mg24.c.obj
                0x080005e4                SystemHFRCODPLLClockSet
 .text.SystemHFXOClockSet
                0x080005f0       0x20 CMakeFiles/slc.dir/base/39b3fbad0420d4a2268bca3904c03f65/platform_core/platform/Device/SiliconLabs/EFR32MG24/Source/system_efr32mg24.c.obj
                0x080005f0                SystemHFXOClockSet
 .text.sl_debug_swo_init
                0x08000610       0xcc CMakeFiles/slc.dir/base/2b77e4e802d1c66c1c79b26cc0d0f777/simplicity_sdk_2026.6.0/platform_core/platform/driver/debug/src/sl_debug_swo.c.obj
                0x08000610                sl_debug_swo_init
 .text.find_descriptor_by_link
                0x080006dc       0x24 CMakeFiles/slc.dir/base/39b3fbad0420d4a2268bca3904c03f65/platform_core/platform/driver/dma_channel/src/sl_dma_channel.c.obj
 .text.sl_dma_channel_descriptor_alloc
                0x08000700       0x58 CMakeFiles/slc.dir/base/39b3fbad0420d4a2268bca3904c03f65/platform_core/platform/driver/dma_channel/src/sl_dma_channel.c.obj
                0x08000700                sl_dma_channel_descriptor_alloc
 .text.sli_dma_channel_submit_transfer_list
                0x08000758      0x2dc CMakeFiles/slc.dir/base/39b3fbad0420d4a2268bca3904c03f65/platform_core/platform/driver/dma_channel/src/sl_dma_channel.c.obj
 .text.sl_dma_channel_set_peripheral_signal
                0x08000a34       0x94 CMakeFiles/slc.dir/base/39b3fbad0420d4a2268bca3904c03f65/platform_core/platform/driver/dma_channel/src/sl_dma_channel.c.obj
                0x08000a34                sl_dma_channel_set_peripheral_signal
 .text.sl_dma_channel_init
                0x08000ac8       0xe0 CMakeFiles/slc.dir/base/39b3fbad0420d4a2268bca3904c03f65/platform_core/platform/driver/dma_channel/src/sl_dma_channel.c.obj
                0x08000ac8                sl_dma_channel_init
 .text.sl_dma_descriptor_allocator_allocate
                0x08000ba8       0x28 CMakeFiles/slc.dir/base/39b3fbad0420d4a2268bca3904c03f65/platform_core/platform/driver/dma_channel/src/sl_dma_descriptor_allocator.c.obj
                0x08000ba8                sl_dma_descriptor_allocator_allocate
 .text.sl_gpio_dispatch_interrupt
                0x08000bd0       0x3c CMakeFiles/slc.dir/base/2b77e4e802d1c66c1c79b26cc0d0f777/simplicity_sdk_2026.6.0/platform_core/platform/driver/gpio/src/sl_gpio.c.obj
 .text.sl_gpio_init
                0x08000c0c       0x38 CMakeFiles/slc.dir/base/2b77e4e802d1c66c1c79b26cc0d0f777/simplicity_sdk_2026.6.0/platform_core/platform/driver/gpio/src/sl_gpio.c.obj
                0x08000c0c                sl_gpio_init
 .text.sl_gpio_set_pin_mode
                0x08000c44       0x68 CMakeFiles/slc.dir/base/2b77e4e802d1c66c1c79b26cc0d0f777/simplicity_sdk_2026.6.0/platform_core/platform/driver/gpio/src/sl_gpio.c.obj
                0x08000c44                sl_gpio_set_pin_mode
 .text.sl_gpio_set_pin
                0x08000cac       0x48 CMakeFiles/slc.dir/base/2b77e4e802d1c66c1c79b26cc0d0f777/simplicity_sdk_2026.6.0/platform_core/platform/driver/gpio/src/sl_gpio.c.obj
                0x08000cac                sl_gpio_set_pin
 .text.sl_gpio_clear_pin
                0x08000cf4       0x48 CMakeFiles/slc.dir/base/2b77e4e802d1c66c1c79b26cc0d0f777/simplicity_sdk_2026.6.0/platform_core/platform/driver/gpio/src/sl_gpio.c.obj
                0x08000cf4                sl_gpio_clear_pin
 .text.sl_gpio_get_pin_output
                0x08000d3c       0x60 CMakeFiles/slc.dir/base/2b77e4e802d1c66c1c79b26cc0d0f777/simplicity_sdk_2026.6.0/platform_core/platform/driver/gpio/src/sl_gpio.c.obj
                0x08000d3c                sl_gpio_get_pin_output
 .text.GPIO_EVEN_IRQHandler
                0x08000d9c       0x20 CMakeFiles/slc.dir/base/2b77e4e802d1c66c1c79b26cc0d0f777/simplicity_sdk_2026.6.0/platform_core/platform/driver/gpio/src/sl_gpio.c.obj
                0x08000d9c                GPIO_EVEN_IRQHandler
 .text.GPIO_ODD_IRQHandler
                0x08000dbc       0x20 CMakeFiles/slc.dir/base/2b77e4e802d1c66c1c79b26cc0d0f777/simplicity_sdk_2026.6.0/platform_core/platform/driver/gpio/src/sl_gpio.c.obj
                0x08000dbc                GPIO_ODD_IRQHandler
 .text.sl_simple_led_init
                0x08000ddc       0x34 CMakeFiles/slc.dir/base/2b77e4e802d1c66c1c79b26cc0d0f777/simplicity_sdk_2026.6.0/platform_core/platform/driver/leddrv/src/sl_simple_led.c.obj
                0x08000ddc                sl_simple_led_init
 .text.EMU_VScaleGet
                0x08000e10       0x18 CMakeFiles/slc.dir/base/2b77e4e802d1c66c1c79b26cc0d0f777/simplicity_sdk_2026.6.0/platform_core/platform/emlib/src/em_cmu.c.obj
 .text.dpllRefClkGet
                0x08000e28       0x48 CMakeFiles/slc.dir/base/2b77e4e802d1c66c1c79b26cc0d0f777/simplicity_sdk_2026.6.0/platform_core/platform/emlib/src/em_cmu.c.obj
 .text.em23GrpaClkGet
                0x08000e70       0x48 CMakeFiles/slc.dir/base/2b77e4e802d1c66c1c79b26cc0d0f777/simplicity_sdk_2026.6.0/platform_core/platform/emlib/src/em_cmu.c.obj
 .text.em4GrpaClkGet
                0x08000eb8       0x48 CMakeFiles/slc.dir/base/2b77e4e802d1c66c1c79b26cc0d0f777/simplicity_sdk_2026.6.0/platform_core/platform/emlib/src/em_cmu.c.obj
 .text.sysrtcClkGet
                0x08000f00       0x48 CMakeFiles/slc.dir/base/2b77e4e802d1c66c1c79b26cc0d0f777/simplicity_sdk_2026.6.0/platform_core/platform/emlib/src/em_cmu.c.obj
 .text.traceClkGet
                0x08000f48       0x54 CMakeFiles/slc.dir/base/2b77e4e802d1c66c1c79b26cc0d0f777/simplicity_sdk_2026.6.0/platform_core/platform/emlib/src/em_cmu.c.obj
 .text.em01GrpaClkGet
                0x08000f9c       0x74 CMakeFiles/slc.dir/base/2b77e4e802d1c66c1c79b26cc0d0f777/simplicity_sdk_2026.6.0/platform_core/platform/emlib/src/em_cmu.c.obj
 .text.em01GrpcClkGet
                0x08001010       0x70 CMakeFiles/slc.dir/base/2b77e4e802d1c66c1c79b26cc0d0f777/simplicity_sdk_2026.6.0/platform_core/platform/emlib/src/em_cmu.c.obj
 .text.eusart0ClkGet
                0x08001080       0x74 CMakeFiles/slc.dir/base/2b77e4e802d1c66c1c79b26cc0d0f777/simplicity_sdk_2026.6.0/platform_core/platform/emlib/src/em_cmu.c.obj
 .text.iadcClkGet
                0x080010f4       0x60 CMakeFiles/slc.dir/base/2b77e4e802d1c66c1c79b26cc0d0f777/simplicity_sdk_2026.6.0/platform_core/platform/emlib/src/em_cmu.c.obj
 .text.wdog0ClkGet
                0x08001154       0x64 CMakeFiles/slc.dir/base/2b77e4e802d1c66c1c79b26cc0d0f777/simplicity_sdk_2026.6.0/platform_core/platform/emlib/src/em_cmu.c.obj
 .text.wdog1ClkGet
                0x080011b8       0x64 CMakeFiles/slc.dir/base/2b77e4e802d1c66c1c79b26cc0d0f777/simplicity_sdk_2026.6.0/platform_core/platform/emlib/src/em_cmu.c.obj
 .text.vdac0ClkGet
                0x0800121c       0x70 CMakeFiles/slc.dir/base/2b77e4e802d1c66c1c79b26cc0d0f777/simplicity_sdk_2026.6.0/platform_core/platform/emlib/src/em_cmu.c.obj
 .text.vdac1ClkGet
                0x0800128c       0x70 CMakeFiles/slc.dir/base/2b77e4e802d1c66c1c79b26cc0d0f777/simplicity_sdk_2026.6.0/platform_core/platform/emlib/src/em_cmu.c.obj
 .text.HFRCODPLLDevinfoGet
                0x080012fc      0x108 CMakeFiles/slc.dir/base/2b77e4e802d1c66c1c79b26cc0d0f777/simplicity_sdk_2026.6.0/platform_core/platform/emlib/src/em_cmu.c.obj
 .text.BUS_RegMaskedWrite
                0x08001404       0x34 CMakeFiles/slc.dir/base/2b77e4e802d1c66c1c79b26cc0d0f777/simplicity_sdk_2026.6.0/platform_core/platform/emlib/src/em_cmu.c.obj
 .text.CMU_ClockDivGet
                0x08001438       0x78 CMakeFiles/slc.dir/base/2b77e4e802d1c66c1c79b26cc0d0f777/simplicity_sdk_2026.6.0/platform_core/platform/emlib/src/em_cmu.c.obj
                0x08001438                CMU_ClockDivGet
 .text.flashWaitStateControl
                0x080014b0       0x58 CMakeFiles/slc.dir/base/2b77e4e802d1c66c1c79b26cc0d0f777/simplicity_sdk_2026.6.0/platform_core/platform/emlib/src/em_cmu.c.obj
 .text.CMU_ClockFreqGet
                0x08001508      0x298 CMakeFiles/slc.dir/base/2b77e4e802d1c66c1c79b26cc0d0f777/simplicity_sdk_2026.6.0/platform_core/platform/emlib/src/em_cmu.c.obj
                0x08001508                CMU_ClockFreqGet
 .text.rhclkPrescOptimize
                0x080017a0       0x20 CMakeFiles/slc.dir/base/2b77e4e802d1c66c1c79b26cc0d0f777/simplicity_sdk_2026.6.0/platform_core/platform/emlib/src/em_cmu.c.obj
 .text.CMU_ClockSelectGet
                0x080017c0      0x22c CMakeFiles/slc.dir/base/2b77e4e802d1c66c1c79b26cc0d0f777/simplicity_sdk_2026.6.0/platform_core/platform/emlib/src/em_cmu.c.obj
                0x080017c0                CMU_ClockSelectGet
 .text.sli_em_cmu_SYSTICEXTCLKENClear
                0x080019ec       0x30 CMakeFiles/slc.dir/base/2b77e4e802d1c66c1c79b26cc0d0f777/simplicity_sdk_2026.6.0/platform_core/platform/emlib/src/em_cmu.c.obj
                0x080019ec                sli_em_cmu_SYSTICEXTCLKENClear
 .text.CMU_HFXOInit
                0x08001a1c      0x22c CMakeFiles/slc.dir/base/2b77e4e802d1c66c1c79b26cc0d0f777/simplicity_sdk_2026.6.0/platform_core/platform/emlib/src/em_cmu.c.obj
                0x08001a1c                CMU_HFXOInit
 .text.CMU_HFXOCTuneDeltaGet
                0x08001c48        0xc CMakeFiles/slc.dir/base/2b77e4e802d1c66c1c79b26cc0d0f777/simplicity_sdk_2026.6.0/platform_core/platform/emlib/src/em_cmu.c.obj
                0x08001c48                CMU_HFXOCTuneDeltaGet
 .text.CMU_LFXOInit
                0x08001c54       0xc4 CMakeFiles/slc.dir/base/2b77e4e802d1c66c1c79b26cc0d0f777/simplicity_sdk_2026.6.0/platform_core/platform/emlib/src/em_cmu.c.obj
                0x08001c54                CMU_LFXOInit
 .text.CMU_LFXOPrecisionSet
                0x08001d18        0xc CMakeFiles/slc.dir/base/2b77e4e802d1c66c1c79b26cc0d0f777/simplicity_sdk_2026.6.0/platform_core/platform/emlib/src/em_cmu.c.obj
                0x08001d18                CMU_LFXOPrecisionSet
 .text.CMU_HFXOPrecisionSet
                0x08001d24        0xc CMakeFiles/slc.dir/base/2b77e4e802d1c66c1c79b26cc0d0f777/simplicity_sdk_2026.6.0/platform_core/platform/emlib/src/em_cmu.c.obj
                0x08001d24                CMU_HFXOPrecisionSet
 .text.CMU_LFRCOSetPrecision
                0x08001d30       0x80 CMakeFiles/slc.dir/base/2b77e4e802d1c66c1c79b26cc0d0f777/simplicity_sdk_2026.6.0/platform_core/platform/emlib/src/em_cmu.c.obj
                0x08001d30                CMU_LFRCOSetPrecision
 .text.CMU_ClockDivSet
                0x08001db0      0x12c CMakeFiles/slc.dir/base/2b77e4e802d1c66c1c79b26cc0d0f777/simplicity_sdk_2026.6.0/platform_core/platform/emlib/src/em_cmu.c.obj
                0x08001db0                CMU_ClockDivSet
 .text.sli_em_cmu_SYSCLKInitPreClockSelect
                0x08001edc       0x30 CMakeFiles/slc.dir/base/2b77e4e802d1c66c1c79b26cc0d0f777/simplicity_sdk_2026.6.0/platform_core/platform/emlib/src/em_cmu.c.obj
                0x08001edc                sli_em_cmu_SYSCLKInitPreClockSelect
 .text.pclkDivOptimize
                0x08001f0c       0x24 CMakeFiles/slc.dir/base/2b77e4e802d1c66c1c79b26cc0d0f777/simplicity_sdk_2026.6.0/platform_core/platform/emlib/src/em_cmu.c.obj
 .text.sli_em_cmu_SYSCLKInitPostClockSelect
                0x08001f30       0x40 CMakeFiles/slc.dir/base/2b77e4e802d1c66c1c79b26cc0d0f777/simplicity_sdk_2026.6.0/platform_core/platform/emlib/src/em_cmu.c.obj
                0x08001f30                sli_em_cmu_SYSCLKInitPostClockSelect
 .text.CMU_HFRCODPLLBandSet
                0x08001f70      0x114 CMakeFiles/slc.dir/base/2b77e4e802d1c66c1c79b26cc0d0f777/simplicity_sdk_2026.6.0/platform_core/platform/emlib/src/em_cmu.c.obj
                0x08001f70                CMU_HFRCODPLLBandSet
 .text.CMU_HFRCOEM23BandSet
                0x08002084      0x12c CMakeFiles/slc.dir/base/2b77e4e802d1c66c1c79b26cc0d0f777/simplicity_sdk_2026.6.0/platform_core/platform/emlib/src/em_cmu.c.obj
                0x08002084                CMU_HFRCOEM23BandSet
 .text.EMU_DCDCSync
                0x080021b0       0x10 CMakeFiles/slc.dir/base/2b77e4e802d1c66c1c79b26cc0d0f777/simplicity_sdk_2026.6.0/platform_core/platform/emlib/src/em_emu.c.obj
 .text.EMU_EM4Init
                0x080021c0       0x14 CMakeFiles/slc.dir/base/2b77e4e802d1c66c1c79b26cc0d0f777/simplicity_sdk_2026.6.0/platform_core/platform/emlib/src/em_emu.c.obj
                0x080021c0                EMU_EM4Init
 .text.EMU_VScaleEM01
                0x080021d4       0xa8 CMakeFiles/slc.dir/base/2b77e4e802d1c66c1c79b26cc0d0f777/simplicity_sdk_2026.6.0/platform_core/platform/emlib/src/em_emu.c.obj
                0x080021d4                EMU_VScaleEM01
 .text.EMU_VScaleEM01ByClock
                0x0800227c       0x30 CMakeFiles/slc.dir/base/2b77e4e802d1c66c1c79b26cc0d0f777/simplicity_sdk_2026.6.0/platform_core/platform/emlib/src/em_emu.c.obj
                0x0800227c                EMU_VScaleEM01ByClock
 .text.EMU_DCDCModeSet
                0x080022ac       0xac CMakeFiles/slc.dir/base/2b77e4e802d1c66c1c79b26cc0d0f777/simplicity_sdk_2026.6.0/platform_core/platform/emlib/src/em_emu.c.obj
                0x080022ac                EMU_DCDCModeSet
 .text.EMU_DCDCInit
                0x08002358       0x70 CMakeFiles/slc.dir/base/2b77e4e802d1c66c1c79b26cc0d0f777/simplicity_sdk_2026.6.0/platform_core/platform/emlib/src/em_emu.c.obj
                0x08002358                EMU_DCDCInit
 .text.EMU_DCDCSetPFMXModePeakCurrent
                0x080023c8       0x6c CMakeFiles/slc.dir/base/2b77e4e802d1c66c1c79b26cc0d0f777/simplicity_sdk_2026.6.0/platform_core/platform/emlib/src/em_emu.c.obj
                0x080023c8                EMU_DCDCSetPFMXModePeakCurrent
 .text.USART_BaudrateAsyncSet
                0x08002434       0xd8 CMakeFiles/slc.dir/base/2b77e4e802d1c66c1c79b26cc0d0f777/simplicity_sdk_2026.6.0/platform_core/platform/emlib/src/em_usart.c.obj
                0x08002434                USART_BaudrateAsyncSet
 .text.USART_Reset
                0x0800250c       0x58 CMakeFiles/slc.dir/base/2b77e4e802d1c66c1c79b26cc0d0f777/simplicity_sdk_2026.6.0/platform_core/platform/emlib/src/em_usart.c.obj
                0x0800250c                USART_Reset
 .text.USART_InitAsync
                0x08002564       0xd0 CMakeFiles/slc.dir/base/2b77e4e802d1c66c1c79b26cc0d0f777/simplicity_sdk_2026.6.0/platform_core/platform/emlib/src/em_usart.c.obj
                0x08002564                USART_InitAsync
 .text.sl_hal_eusart_wait_sync
                0x08002634       0x38 CMakeFiles/slc.dir/base/2b77e4e802d1c66c1c79b26cc0d0f777/simplicity_sdk_2026.6.0/platform_core/platform/peripheral/src/sl_hal_eusart.c.obj
                0x08002634                sl_hal_eusart_wait_sync
 .text.sl_hal_eusart_enable
                0x0800266c       0x3c CMakeFiles/slc.dir/base/2b77e4e802d1c66c1c79b26cc0d0f777/simplicity_sdk_2026.6.0/platform_core/platform/peripheral/src/sl_hal_eusart.c.obj
                0x0800266c                sl_hal_eusart_enable
 .text.sl_hal_eusart_disable
                0x080026a8       0x34 CMakeFiles/slc.dir/base/2b77e4e802d1c66c1c79b26cc0d0f777/simplicity_sdk_2026.6.0/platform_core/platform/peripheral/src/sl_hal_eusart.c.obj
                0x080026a8                sl_hal_eusart_disable
 .text.sl_hal_eusart_wait_ready
                0x080026dc       0x30 CMakeFiles/slc.dir/base/2b77e4e802d1c66c1c79b26cc0d0f777/simplicity_sdk_2026.6.0/platform_core/platform/peripheral/src/sl_hal_eusart.c.obj
                0x080026dc                sl_hal_eusart_wait_ready
 .text.sl_hal_eusart_enable_rx
                0x0800270c       0x3c CMakeFiles/slc.dir/base/2b77e4e802d1c66c1c79b26cc0d0f777/simplicity_sdk_2026.6.0/platform_core/platform/peripheral/src/sl_hal_eusart.c.obj
                0x0800270c                sl_hal_eusart_enable_rx
 .text.sl_hal_eusart_disable_rx
                0x08002748       0x3c CMakeFiles/slc.dir/base/2b77e4e802d1c66c1c79b26cc0d0f777/simplicity_sdk_2026.6.0/platform_core/platform/peripheral/src/sl_hal_eusart.c.obj
                0x08002748                sl_hal_eusart_disable_rx
 .text.sl_hal_eusart_enable_tx
                0x08002784       0x3c CMakeFiles/slc.dir/base/2b77e4e802d1c66c1c79b26cc0d0f777/simplicity_sdk_2026.6.0/platform_core/platform/peripheral/src/sl_hal_eusart.c.obj
                0x08002784                sl_hal_eusart_enable_tx
 .text.sl_hal_eusart_disable_tx
                0x080027c0       0x3c CMakeFiles/slc.dir/base/2b77e4e802d1c66c1c79b26cc0d0f777/simplicity_sdk_2026.6.0/platform_core/platform/peripheral/src/sl_hal_eusart.c.obj
                0x080027c0                sl_hal_eusart_disable_tx
 .text.sl_hal_eusart_clear_rx
                0x080027fc       0x44 CMakeFiles/slc.dir/base/2b77e4e802d1c66c1c79b26cc0d0f777/simplicity_sdk_2026.6.0/platform_core/platform/peripheral/src/sl_hal_eusart.c.obj
                0x080027fc                sl_hal_eusart_clear_rx
 .text.sl_hal_eusart_clear_tx
                0x08002840       0x48 CMakeFiles/slc.dir/base/2b77e4e802d1c66c1c79b26cc0d0f777/simplicity_sdk_2026.6.0/platform_core/platform/peripheral/src/sl_hal_eusart.c.obj
                0x08002840                sl_hal_eusart_clear_tx
 .text.sl_hal_eusart_reset
                0x08002888       0xa0 CMakeFiles/slc.dir/base/2b77e4e802d1c66c1c79b26cc0d0f777/simplicity_sdk_2026.6.0/platform_core/platform/peripheral/src/sl_hal_eusart.c.obj
                0x08002888                sl_hal_eusart_reset
 .text.sl_hal_eusart_init_spi
                0x08002928      0x180 CMakeFiles/slc.dir/base/2b77e4e802d1c66c1c79b26cc0d0f777/simplicity_sdk_2026.6.0/platform_core/platform/peripheral/src/sl_hal_eusart.c.obj
                0x08002928                sl_hal_eusart_init_spi
 .text.sl_hal_eusart_spi_tx_rx
                0x08002aa8       0x3c CMakeFiles/slc.dir/base/2b77e4e802d1c66c1c79b26cc0d0f777/simplicity_sdk_2026.6.0/platform_core/platform/peripheral/src/sl_hal_eusart.c.obj
                0x08002aa8                sl_hal_eusart_spi_tx_rx
 .text.sl_hal_eusart_spi_calculate_clock_div
                0x08002ae4       0x38 CMakeFiles/slc.dir/base/2b77e4e802d1c66c1c79b26cc0d0f777/simplicity_sdk_2026.6.0/platform_core/platform/peripheral/src/sl_hal_eusart.c.obj
                0x08002ae4                sl_hal_eusart_spi_calculate_clock_div
 .text.sl_hal_gpio_clear_pin
                0x08002b1c       0x54 CMakeFiles/slc.dir/base/2b77e4e802d1c66c1c79b26cc0d0f777/simplicity_sdk_2026.6.0/platform_core/platform/peripheral/src/sl_hal_gpio.c.obj
                0x08002b1c                sl_hal_gpio_clear_pin
 .text.sl_hal_gpio_get_pin_output
                0x08002b70       0x58 CMakeFiles/slc.dir/base/2b77e4e802d1c66c1c79b26cc0d0f777/simplicity_sdk_2026.6.0/platform_core/platform/peripheral/src/sl_hal_gpio.c.obj
                0x08002b70                sl_hal_gpio_get_pin_output
 .text.sl_hal_gpio_get_enabled_pending_interrupts
                0x08002bc8       0x14 CMakeFiles/slc.dir/base/2b77e4e802d1c66c1c79b26cc0d0f777/simplicity_sdk_2026.6.0/platform_core/platform/peripheral/src/sl_hal_gpio.c.obj
                0x08002bc8                sl_hal_gpio_get_enabled_pending_interrupts
 .text.sl_hal_gpio_set_pin_mode
                0x08002bdc       0xd8 CMakeFiles/slc.dir/base/2b77e4e802d1c66c1c79b26cc0d0f777/simplicity_sdk_2026.6.0/platform_core/platform/peripheral/src/sl_hal_gpio.c.obj
                0x08002bdc                sl_hal_gpio_set_pin_mode
 .text.sl_hal_ldma_enable_channel
                0x08002cb4       0x24 CMakeFiles/slc.dir/base/2b77e4e802d1c66c1c79b26cc0d0f777/simplicity_sdk_2026.6.0/platform_core/platform/peripheral/src/sl_hal_ldma.c.obj
                0x08002cb4                sl_hal_ldma_enable_channel
 .text.sl_hal_ldma_enable_channel_request
                0x08002cd8       0x24 CMakeFiles/slc.dir/base/2b77e4e802d1c66c1c79b26cc0d0f777/simplicity_sdk_2026.6.0/platform_core/platform/peripheral/src/sl_hal_ldma.c.obj
                0x08002cd8                sl_hal_ldma_enable_channel_request
 .text.sl_hal_ldma_init
                0x08002cfc       0x48 CMakeFiles/slc.dir/base/2b77e4e802d1c66c1c79b26cc0d0f777/simplicity_sdk_2026.6.0/platform_core/platform/peripheral/src/sl_hal_ldma.c.obj
                0x08002cfc                sl_hal_ldma_init
 .text.sl_hal_ldma_start_transfer
                0x08002d44       0x2c CMakeFiles/slc.dir/base/2b77e4e802d1c66c1c79b26cc0d0f777/simplicity_sdk_2026.6.0/platform_core/platform/peripheral/src/sl_hal_ldma.c.obj
                0x08002d44                sl_hal_ldma_start_transfer
 .text.sl_hal_prs_connect_channel_consumer
                0x08002d70       0x50 CMakeFiles/slc.dir/base/2b77e4e802d1c66c1c79b26cc0d0f777/simplicity_sdk_2026.6.0/platform_core/platform/peripheral/src/sl_hal_prs.c.obj
                0x08002d70                sl_hal_prs_connect_channel_consumer
 .text.sl_hal_sysrtc_wait_ready
                0x08002dc0       0x1c CMakeFiles/slc.dir/base/2b77e4e802d1c66c1c79b26cc0d0f777/simplicity_sdk_2026.6.0/platform_core/platform/peripheral/src/sl_hal_sysrtc.c.obj
                0x08002dc0                sl_hal_sysrtc_wait_ready
 .text.sl_hal_sysrtc_stop
                0x08002ddc       0x24 CMakeFiles/slc.dir/base/2b77e4e802d1c66c1c79b26cc0d0f777/simplicity_sdk_2026.6.0/platform_core/platform/peripheral/src/sl_hal_sysrtc.c.obj
                0x08002ddc                sl_hal_sysrtc_stop
 .text.sl_hal_sysrtc_enable
                0x08002e00       0x18 CMakeFiles/slc.dir/base/2b77e4e802d1c66c1c79b26cc0d0f777/simplicity_sdk_2026.6.0/platform_core/platform/peripheral/src/sl_hal_sysrtc.c.obj
                0x08002e00                sl_hal_sysrtc_enable
 .text.sl_hal_sysrtc_disable
                0x08002e18       0x1c CMakeFiles/slc.dir/base/2b77e4e802d1c66c1c79b26cc0d0f777/simplicity_sdk_2026.6.0/platform_core/platform/peripheral/src/sl_hal_sysrtc.c.obj
                0x08002e18                sl_hal_sysrtc_disable
 .text.sl_hal_sysrtc_init
                0x08002e34       0x24 CMakeFiles/slc.dir/base/2b77e4e802d1c66c1c79b26cc0d0f777/simplicity_sdk_2026.6.0/platform_core/platform/peripheral/src/sl_hal_sysrtc.c.obj
                0x08002e34                sl_hal_sysrtc_init
 .text.sl_hal_sysrtc_init_group
                0x08002e58       0x44 CMakeFiles/slc.dir/base/39b3fbad0420d4a2268bca3904c03f65/platform_core/platform/peripheral/src/sl_hal_sysrtc_subsystem.c.obj
                0x08002e58                sl_hal_sysrtc_init_group
 .text.sl_hal_system_get_chip_revision
                0x08002e9c       0x2c CMakeFiles/slc.dir/base/2b77e4e802d1c66c1c79b26cc0d0f777/simplicity_sdk_2026.6.0/platform_core/platform/peripheral/src/sl_hal_system.c.obj
                0x08002e9c                sl_hal_system_get_chip_revision
 .text.sl_hal_system_init
                0x08002ec8       0x48 CMakeFiles/slc.dir/base/2b77e4e802d1c66c1c79b26cc0d0f777/simplicity_sdk_2026.6.0/platform_core/platform/peripheral/src/sl_hal_system.c.obj
                0x08002ec8                sl_hal_system_init
 .text.sli_clock_manager_hal_init
                0x08002f10      0x258 CMakeFiles/slc.dir/base/39b3fbad0420d4a2268bca3904c03f65/platform_core/platform/service/clock_manager/src/sl_clock_manager_init_hal_s2.c.obj
                0x08002f10                sli_clock_manager_hal_init
 .text.sl_device_init_dcdc
                0x08003168       0x2c CMakeFiles/slc.dir/base/39b3fbad0420d4a2268bca3904c03f65/platform_core/platform/service/device_init/src/sl_device_init_dcdc_s2.c.obj
                0x08003168                sl_device_init_dcdc
 .text.sl_device_init_emu
                0x08003194       0x24 CMakeFiles/slc.dir/base/39b3fbad0420d4a2268bca3904c03f65/platform_core/platform/service/device_init/src/sl_device_init_emu_s2.c.obj
                0x08003194                sl_device_init_emu
 .text.sl_dma_manager_init
                0x080031b8      0x104 CMakeFiles/slc.dir/base/39b3fbad0420d4a2268bca3904c03f65/platform_core/platform/service/dma_manager/src/sl_dma_manager.c.obj
                0x080031b8                sl_dma_manager_init
 .text.sl_dma_manager_allocate_channel
                0x080032bc       0x58 CMakeFiles/slc.dir/base/39b3fbad0420d4a2268bca3904c03f65/platform_core/platform/service/dma_manager/src/sl_dma_manager.c.obj
                0x080032bc                sl_dma_manager_allocate_channel
 .text.sl_dma_manager_register_channel_irq_callback
                0x08003314       0x30 CMakeFiles/slc.dir/base/39b3fbad0420d4a2268bca3904c03f65/platform_core/platform/service/dma_manager/src/sl_dma_manager.c.obj
                0x08003314                sl_dma_manager_register_channel_irq_callback
 .text.sl_dma_manager_register_channel_user_data
                0x08003344       0x30 CMakeFiles/slc.dir/base/39b3fbad0420d4a2268bca3904c03f65/platform_core/platform/service/dma_manager/src/sl_dma_manager.c.obj
                0x08003344                sl_dma_manager_register_channel_user_data
 .text.sli_dma_manager_hal_init
                0x08003374       0x40 CMakeFiles/slc.dir/base/39b3fbad0420d4a2268bca3904c03f65/platform_core/platform/service/dma_manager/src/sl_dma_manager_hal_ldma.c.obj
                0x08003374                sli_dma_manager_hal_init
 .text.sli_dma_manager_hal_get_dma_peripheral
                0x080033b4        0x8 CMakeFiles/slc.dir/base/39b3fbad0420d4a2268bca3904c03f65/platform_core/platform/service/dma_manager/src/sl_dma_manager_hal_ldma.c.obj
                0x080033b4                sli_dma_manager_hal_get_dma_peripheral
 .text.LDMA_IRQHandler
                0x080033bc       0x5c CMakeFiles/slc.dir/base/39b3fbad0420d4a2268bca3904c03f65/platform_core/platform/service/dma_manager/src/sl_dma_manager_hal_ldma.c.obj
                0x080033bc                LDMA_IRQHandler
 .text.sl_interrupt_manager_enable_irq
                0x08003418       0x34 CMakeFiles/slc.dir/base/39b3fbad0420d4a2268bca3904c03f65/platform_core/platform/service/interrupt_manager/src/sl_interrupt_manager_cortexm.c.obj
                0x08003418                sl_interrupt_manager_enable_irq
 .text.sl_interrupt_manager_is_irq_disabled
                0x0800344c       0x30 CMakeFiles/slc.dir/base/39b3fbad0420d4a2268bca3904c03f65/platform_core/platform/service/interrupt_manager/src/sl_interrupt_manager_cortexm.c.obj
                0x0800344c                sl_interrupt_manager_is_irq_disabled
 .text.sl_interrupt_manager_clear_irq_pending
                0x0800347c       0x1c CMakeFiles/slc.dir/base/39b3fbad0420d4a2268bca3904c03f65/platform_core/platform/service/interrupt_manager/src/sl_interrupt_manager_cortexm.c.obj
                0x0800347c                sl_interrupt_manager_clear_irq_pending
 .text.sl_interrupt_manager_set_irq_priority
                0x08003498       0x54 CMakeFiles/slc.dir/base/39b3fbad0420d4a2268bca3904c03f65/platform_core/platform/service/interrupt_manager/src/sl_interrupt_manager_cortexm.c.obj
                0x08003498                sl_interrupt_manager_set_irq_priority
 .text.sl_interrupt_manager_init
                0x080034ec       0x34 CMakeFiles/slc.dir/base/39b3fbad0420d4a2268bca3904c03f65/platform_core/platform/service/interrupt_manager/src/sl_interrupt_manager_cortexm.c.obj
                0x080034ec                sl_interrupt_manager_init
 .text.sl_memory_init
                0x08003520       0x3c CMakeFiles/slc.dir/base/39b3fbad0420d4a2268bca3904c03f65/platform_core/platform/service/memory_manager/src/sl_memory_manager.c.obj
                0x08003520                sl_memory_init
 .text.sl_memory_heap_alloc_advanced
                0x0800355c      0x214 CMakeFiles/slc.dir/base/39b3fbad0420d4a2268bca3904c03f65/platform_core/platform/service/memory_manager/src/sl_memory_manager.c.obj
                0x0800355c                sl_memory_heap_alloc_advanced
 .text.sl_memory_alloc_advanced
                0x08003770       0x1c CMakeFiles/slc.dir/base/39b3fbad0420d4a2268bca3904c03f65/platform_core/platform/service/memory_manager/src/sl_memory_manager.c.obj
                0x08003770                sl_memory_alloc_advanced
 .text.sl_memory_alloc
                0x0800378c       0x10 CMakeFiles/slc.dir/base/39b3fbad0420d4a2268bca3904c03f65/platform_core/platform/service/memory_manager/src/sl_memory_manager.c.obj
                0x0800378c                sl_memory_alloc
 .text.sl_memory_calloc
                0x0800379c       0x1c CMakeFiles/slc.dir/base/39b3fbad0420d4a2268bca3904c03f65/platform_core/platform/service/memory_manager/src/sl_memory_manager.c.obj
                0x0800379c                sl_memory_calloc
 .text.sl_memory_heap_realloc
                0x080037b8      0x2b0 CMakeFiles/slc.dir/base/39b3fbad0420d4a2268bca3904c03f65/platform_core/platform/service/memory_manager/src/sl_memory_manager.c.obj
                0x080037b8                sl_memory_heap_realloc
 .text.sl_memory_realloc
                0x08003a68       0x10 CMakeFiles/slc.dir/base/39b3fbad0420d4a2268bca3904c03f65/platform_core/platform/service/memory_manager/src/sl_memory_manager.c.obj
                0x08003a68                sl_memory_realloc
 .text.sl_memory_get_heap_region
                0x08003a78       0x10 CMakeFiles/slc.dir/base/39b3fbad0420d4a2268bca3904c03f65/platform_core/platform/service/memory_manager/src/sl_memory_manager_region.c.obj
                0x08003a78                sl_memory_get_heap_region
 .text.sli_memory_initialize_heap_region
                0x08003a88       0x1c CMakeFiles/slc.dir/base/39b3fbad0420d4a2268bca3904c03f65/platform_core/platform/service/memory_manager/src/sl_memory_manager_region.c.obj
                0x08003a88                sli_memory_initialize_heap_region
 .text.sli_memory_find_head_free_block
                0x08003aa4       0x4c CMakeFiles/slc.dir/base/39b3fbad0420d4a2268bca3904c03f65/platform_core/platform/service/memory_manager/src/sli_memory_manager_common.c.obj
                0x08003aa4                sli_memory_find_head_free_block
 .text.sli_memory_create_heap
                0x08003af0       0x5c CMakeFiles/slc.dir/base/39b3fbad0420d4a2268bca3904c03f65/platform_core/platform/service/memory_manager/src/sli_memory_manager_common.c.obj
                0x08003af0                sli_memory_create_heap
 .text.start_task_handler
                0x08003b4c       0x18 CMakeFiles/slc.dir/base/2b77e4e802d1c66c1c79b26cc0d0f777/simplicity_sdk_2026.6.0/platform_core/platform/service/sl_main/src/sl_main_kernel.c.obj
 .text.sli_main_kernel_start_task_initialize
                0x08003b64       0x4c CMakeFiles/slc.dir/base/2b77e4e802d1c66c1c79b26cc0d0f777/simplicity_sdk_2026.6.0/platform_core/platform/service/sl_main/src/sl_main_kernel.c.obj
                0x08003b64                sli_main_kernel_start_task_initialize
 .text.sl_sleeptimer_init
                0x08003bb0       0x74 CMakeFiles/slc.dir/base/39b3fbad0420d4a2268bca3904c03f65/platform_core/platform/service/sleeptimer/src/sl_sleeptimer.c.obj
                0x08003bb0                sl_sleeptimer_init
 .text.sleeptimer_hal_init_timer
                0x08003c24       0x6c CMakeFiles/slc.dir/base/39b3fbad0420d4a2268bca3904c03f65/platform_core/platform/service/sleeptimer/src/sl_sleeptimer_hal_sysrtc.c.obj
                0x08003c24                sleeptimer_hal_init_timer
 .text.sl_udelay_wait
                0x08003c90       0x58 CMakeFiles/slc.dir/base/2b77e4e802d1c66c1c79b26cc0d0f777/simplicity_sdk_2026.6.0/platform_core/platform/service/udelay/src/sl_udelay.c.obj
                0x08003c90                sl_udelay_wait
 .text.elev_app_init
                0x08003ce8       0x68 CMakeFiles/slc.dir/base/C_/Users/tasrivas/SimplicityStudio/v6_workspace/Elevator_capacity_controller/elev_app.c.obj
                0x08003ce8                elev_app_init
 .text.elev_gpio_init
                0x08003d50       0x6c CMakeFiles/slc.dir/base/C_/Users/tasrivas/SimplicityStudio/v6_workspace/Elevator_capacity_controller/elev_gpio.c.obj
                0x08003d50                elev_gpio_init
 .text.elev_gpio_rx_isr_pulse
                0x08003dbc        0xc CMakeFiles/slc.dir/base/C_/Users/tasrivas/SimplicityStudio/v6_workspace/Elevator_capacity_controller/elev_gpio.c.obj
                0x08003dbc                elev_gpio_rx_isr_pulse
 .text.elev_gpio_cmd_complete_pulse
                0x08003dc8        0xc CMakeFiles/slc.dir/base/C_/Users/tasrivas/SimplicityStudio/v6_workspace/Elevator_capacity_controller/elev_gpio.c.obj
                0x08003dc8                elev_gpio_cmd_complete_pulse
 .text.elev_gpio_parser_set
                0x08003dd4       0x14 CMakeFiles/slc.dir/base/C_/Users/tasrivas/SimplicityStudio/v6_workspace/Elevator_capacity_controller/elev_gpio.c.obj
                0x08003dd4                elev_gpio_parser_set
 .text.elev_gpio_elevator_set
                0x08003de8       0x14 CMakeFiles/slc.dir/base/C_/Users/tasrivas/SimplicityStudio/v6_workspace/Elevator_capacity_controller/elev_gpio.c.obj
                0x08003de8                elev_gpio_elevator_set
 .text.elev_gpio_entry_blocked_set
                0x08003dfc       0x14 CMakeFiles/slc.dir/base/C_/Users/tasrivas/SimplicityStudio/v6_workspace/Elevator_capacity_controller/elev_gpio.c.obj
                0x08003dfc                elev_gpio_entry_blocked_set
 .text.elev_gpio_sem_give_pulse
                0x08003e10        0xc CMakeFiles/slc.dir/base/C_/Users/tasrivas/SimplicityStudio/v6_workspace/Elevator_capacity_controller/elev_gpio.c.obj
                0x08003e10                elev_gpio_sem_give_pulse
 .text.elev_gpio_sem_take_pulse
                0x08003e1c        0xc CMakeFiles/slc.dir/base/C_/Users/tasrivas/SimplicityStudio/v6_workspace/Elevator_capacity_controller/elev_gpio.c.obj
                0x08003e1c                elev_gpio_sem_take_pulse
 .text.elev_gpio_dma_active_set
                0x08003e28       0x14 CMakeFiles/slc.dir/base/C_/Users/tasrivas/SimplicityStudio/v6_workspace/Elevator_capacity_controller/elev_gpio.c.obj
                0x08003e28                elev_gpio_dma_active_set
 .text.elev_gpio_dma_complete_pulse
                0x08003e3c        0xc CMakeFiles/slc.dir/base/C_/Users/tasrivas/SimplicityStudio/v6_workspace/Elevator_capacity_controller/elev_gpio.c.obj
                0x08003e3c                elev_gpio_dma_complete_pulse
 .text.dma_cb   0x08003e48       0x40 CMakeFiles/slc.dir/base/C_/Users/tasrivas/SimplicityStudio/v6_workspace/Elevator_capacity_controller/elev_tx.c.obj
 .text.tx_task  0x08003e88       0x84 CMakeFiles/slc.dir/base/C_/Users/tasrivas/SimplicityStudio/v6_workspace/Elevator_capacity_controller/elev_tx.c.obj
 .text.elev_tx_init
                0x08003f0c       0x80 CMakeFiles/slc.dir/base/C_/Users/tasrivas/SimplicityStudio/v6_workspace/Elevator_capacity_controller/elev_tx.c.obj
                0x08003f0c                elev_tx_init
 .text.elev_tx_start_task
                0x08003f8c       0x40 CMakeFiles/slc.dir/base/C_/Users/tasrivas/SimplicityStudio/v6_workspace/Elevator_capacity_controller/elev_tx.c.obj
                0x08003f8c                elev_tx_start_task
 .text.elev_tx_enqueue
                0x08003fcc       0x40 CMakeFiles/slc.dir/base/C_/Users/tasrivas/SimplicityStudio/v6_workspace/Elevator_capacity_controller/elev_tx.c.obj
                0x08003fcc                elev_tx_enqueue
 .text.elev_tx_enqueue_echo_from_isr
                0x0800400c       0x2c CMakeFiles/slc.dir/base/C_/Users/tasrivas/SimplicityStudio/v6_workspace/Elevator_capacity_controller/elev_tx.c.obj
                0x0800400c                elev_tx_enqueue_echo_from_isr
 .text.elev_uart_hw_init
                0x08004038       0x88 CMakeFiles/slc.dir/base/C_/Users/tasrivas/SimplicityStudio/v6_workspace/Elevator_capacity_controller/elev_rx.c.obj
                0x08004038                elev_uart_hw_init
 .text.elev_rx_init
                0x080040c0       0x44 CMakeFiles/slc.dir/base/C_/Users/tasrivas/SimplicityStudio/v6_workspace/Elevator_capacity_controller/elev_rx.c.obj
                0x080040c0                elev_rx_init
 .text.elev_rx_enable
                0x08004104       0x28 CMakeFiles/slc.dir/base/C_/Users/tasrivas/SimplicityStudio/v6_workspace/Elevator_capacity_controller/elev_rx.c.obj
                0x08004104                elev_rx_enable
 .text.elev_rx_take_command
                0x0800412c       0xa4 CMakeFiles/slc.dir/base/C_/Users/tasrivas/SimplicityStudio/v6_workspace/Elevator_capacity_controller/elev_rx.c.obj
                0x0800412c                elev_rx_take_command
 .text.USART0_RX_IRQHandler
                0x080041d0      0x110 CMakeFiles/slc.dir/base/C_/Users/tasrivas/SimplicityStudio/v6_workspace/Elevator_capacity_controller/elev_rx.c.obj
                0x080041d0                USART0_RX_IRQHandler
 .text.skip_ws  0x080042e0       0x1c CMakeFiles/slc.dir/base/C_/Users/tasrivas/SimplicityStudio/v6_workspace/Elevator_capacity_controller/elev_parser.c.obj
 .text.parse_u16
                0x080042fc       0x68 CMakeFiles/slc.dir/base/C_/Users/tasrivas/SimplicityStudio/v6_workspace/Elevator_capacity_controller/elev_parser.c.obj
 .text.parser_task
                0x08004364      0x17c CMakeFiles/slc.dir/base/C_/Users/tasrivas/SimplicityStudio/v6_workspace/Elevator_capacity_controller/elev_parser.c.obj
 .text.elev_parser_init
                0x080044e0        0xc CMakeFiles/slc.dir/base/C_/Users/tasrivas/SimplicityStudio/v6_workspace/Elevator_capacity_controller/elev_parser.c.obj
                0x080044e0                elev_parser_init
 .text.elev_parser_start_task
                0x080044ec       0x40 CMakeFiles/slc.dir/base/C_/Users/tasrivas/SimplicityStudio/v6_workspace/Elevator_capacity_controller/elev_parser.c.obj
                0x080044ec                elev_parser_start_task
 .text.elev_parser_task_handle
                0x0800452c        0xc CMakeFiles/slc.dir/base/C_/Users/tasrivas/SimplicityStudio/v6_workspace/Elevator_capacity_controller/elev_parser.c.obj
                0x0800452c                elev_parser_task_handle
 .text.free_seats
                0x08004538       0x14 CMakeFiles/slc.dir/base/C_/Users/tasrivas/SimplicityStudio/v6_workspace/Elevator_capacity_controller/elev_ctrl.c.obj
 .text.claim_seats
                0x0800454c       0x5c CMakeFiles/slc.dir/base/C_/Users/tasrivas/SimplicityStudio/v6_workspace/Elevator_capacity_controller/elev_ctrl.c.obj
 .text.ctrl_task
                0x080045a8      0x274 CMakeFiles/slc.dir/base/C_/Users/tasrivas/SimplicityStudio/v6_workspace/Elevator_capacity_controller/elev_ctrl.c.obj
 .text.elev_ctrl_init
                0x0800481c       0x74 CMakeFiles/slc.dir/base/C_/Users/tasrivas/SimplicityStudio/v6_workspace/Elevator_capacity_controller/elev_ctrl.c.obj
                0x0800481c                elev_ctrl_init
 .text.elev_ctrl_start_task
                0x08004890       0x3c CMakeFiles/slc.dir/base/C_/Users/tasrivas/SimplicityStudio/v6_workspace/Elevator_capacity_controller/elev_ctrl.c.obj
                0x08004890                elev_ctrl_start_task
 .text.sl_dma_manager_instances_init
                0x080048cc       0x10 CMakeFiles/slc.dir/base/C_/Users/tasrivas/SimplicityStudio/v6_workspace/Elevator_capacity_controller/autogen/sl_dma_manager_instances.c.obj
                0x080048cc                sl_dma_manager_instances_init
 .text.sl_simple_led_init_instances
                0x080048dc        0xc CMakeFiles/slc.dir/base/C_/Users/tasrivas/SimplicityStudio/v6_workspace/Elevator_capacity_controller/autogen/sl_simple_led_instances.c.obj
                0x080048dc                sl_simple_led_init_instances
 .text          0x080048e8       0x30 C:/Users/tasrivas/.silabs/slt/installs/conan/p/gcc-a999d2e027337f/p/bin/../lib/gcc/arm-none-eabi/14.2.1/thumb/v8-m.main+fp/hard\libgcc.a(_aeabi_uldivmod.o)
                0x080048e8                __aeabi_uldivmod
 .text.__udivmoddi4
                0x08004918      0x34c C:/Users/tasrivas/.silabs/slt/installs/conan/p/gcc-a999d2e027337f/p/bin/../lib/gcc/arm-none-eabi/14.2.1/thumb/v8-m.main+fp/hard\libgcc.a(_udivmoddi4.o)
                0x08004918                __udivmoddi4
 .text          0x08004c64        0x4 C:/Users/tasrivas/.silabs/slt/installs/conan/p/gcc-a999d2e027337f/p/bin/../lib/gcc/arm-none-eabi/14.2.1/thumb/v8-m.main+fp/hard\libgcc.a(_dvmd_tls.o)
                0x08004c64                __aeabi_idiv0
                0x08004c64                __aeabi_ldiv0
 .text.exit     0x08004c68       0x24 C:/Users/tasrivas/.silabs/slt/installs/conan/p/gcc-a999d2e027337f/p/bin/../lib/gcc/arm-none-eabi/14.2.1/../../../../arm-none-eabi/lib/thumb/v8-m.main+fp/hard\libc_nano.a(libc_a-exit.o)
                0x08004c68                exit
 .text._strtol_l.isra.0
                0x08004c8c       0xf4 C:/Users/tasrivas/.silabs/slt/installs/conan/p/gcc-a999d2e027337f/p/bin/../lib/gcc/arm-none-eabi/14.2.1/../../../../arm-none-eabi/lib/thumb/v8-m.main+fp/hard\libc_nano.a(libc_a-strtol.o)
 .text.strtol   0x08004d80       0x14 C:/Users/tasrivas/.silabs/slt/installs/conan/p/gcc-a999d2e027337f/p/bin/../lib/gcc/arm-none-eabi/14.2.1/../../../../arm-none-eabi/lib/thumb/v8-m.main+fp/hard\libc_nano.a(libc_a-strtol.o)
                0x08004d80                strtol
 .text.snprintf
                0x08004d94       0x6c C:/Users/tasrivas/.silabs/slt/installs/conan/p/gcc-a999d2e027337f/p/bin/../lib/gcc/arm-none-eabi/14.2.1/../../../../arm-none-eabi/lib/thumb/v8-m.main+fp/hard\libc_nano.a(libc_a-snprintf.o)
                0x08004d94                sniprintf
                0x08004d94                snprintf
 .text.__errno  0x08004e00        0xc C:/Users/tasrivas/.silabs/slt/installs/conan/p/gcc-a999d2e027337f/p/bin/../lib/gcc/arm-none-eabi/14.2.1/../../../../arm-none-eabi/lib/thumb/v8-m.main+fp/hard\libc_nano.a(libc_a-errno.o)
                0x08004e00                __errno
 .text.__libc_init_array
                0x08004e0c       0x48 C:/Users/tasrivas/.silabs/slt/installs/conan/p/gcc-a999d2e027337f/p/bin/../lib/gcc/arm-none-eabi/14.2.1/../../../../arm-none-eabi/lib/thumb/v8-m.main+fp/hard\libc_nano.a(libc_a-init.o)
                0x08004e0c                __libc_init_array
 .text._svfprintf_r
                0x08004e54      0x1f8 C:/Users/tasrivas/.silabs/slt/installs/conan/p/gcc-a999d2e027337f/p/bin/../lib/gcc/arm-none-eabi/14.2.1/../../../../arm-none-eabi/lib/thumb/v8-m.main+fp/hard\libc_nano.a(libc_a-nano-svfprintf.o)
                0x08004e54                _svfiprintf_r
                0x08004e54                _svfprintf_r
 .text._printf_i
                0x0800504c      0x240 C:/Users/tasrivas/.silabs/slt/installs/conan/p/gcc-a999d2e027337f/p/bin/../lib/gcc/arm-none-eabi/14.2.1/../../../../arm-none-eabi/lib/thumb/v8-m.main+fp/hard\libc_nano.a(libc_a-nano-vfprintf_i.o)
                0x0800504c                _printf_i
 .text.sl_board_enable_vcom
                0x0800528c       0x1a CMakeFiles/slc.dir/base/2b77e4e802d1c66c1c79b26cc0d0f777/simplicity_sdk_2026.6.0/boards/hardware/board/src/sl_board_control_gpio.c.obj
                0x0800528c                sl_board_enable_vcom
 .text.sl_board_configure_vcom
                0x080052a6        0xa CMakeFiles/slc.dir/base/2b77e4e802d1c66c1c79b26cc0d0f777/simplicity_sdk_2026.6.0/boards/hardware/board/src/sl_board_control_gpio.c.obj
                0x080052a6                sl_board_configure_vcom
 .text.sl_board_disable_vcom
                0x080052b0       0x1c CMakeFiles/slc.dir/base/2b77e4e802d1c66c1c79b26cc0d0f777/simplicity_sdk_2026.6.0/boards/hardware/board/src/sl_board_control_gpio.c.obj
                0x080052b0                sl_board_disable_vcom
 .text.sl_cos_send_config
                0x080052cc       0x12 CMakeFiles/slc.dir/base/39b3fbad0420d4a2268bca3904c03f65/platform_core/hardware/driver/configuration_over_swo/src/sl_cos.c.obj
                0x080052cc                sl_cos_send_config
 .text.assertEFM
                0x080052de        0x2 CMakeFiles/slc.dir/base/2b77e4e802d1c66c1c79b26cc0d0f777/simplicity_sdk_2026.6.0/platform_core/platform/common/src/sl_assert.c.obj
                0x080052de                assertEFM
 .text._exit    0x080052e0        0x2 CMakeFiles/slc.dir/base/2b77e4e802d1c66c1c79b26cc0d0f777/simplicity_sdk_2026.6.0/platform_core/platform/common/src/sl_syscalls.c.obj
                0x080052e0                _exit
 .text.Reset_Handler
                0x080052e2        0x4 CMakeFiles/slc.dir/base/39b3fbad0420d4a2268bca3904c03f65/platform_core/platform/Device/SiliconLabs/EFR32MG24/Source/startup_efr32mg24.c.obj
                0x080052e2                Reset_Handler
 .text.Default_Handler
                0x080052e6        0x2 CMakeFiles/slc.dir/base/39b3fbad0420d4a2268bca3904c03f65/platform_core/platform/Device/SiliconLabs/EFR32MG24/Source/startup_efr32mg24.c.obj
                0x080052e6                ULFRCO_IRQHandler
                0x080052e6                AHB2AHB1_IRQHandler
                0x080052e6                SW2_IRQHandler
                0x080052e6                TIMER2_IRQHandler
                0x080052e6                DebugMon_Handler
                0x080052e6                USART0_TX_IRQHandler
                0x080052e6                IADC_IRQHandler
                0x080052e6                EUSART0_TX_IRQHandler
                0x080052e6                I2C0_IRQHandler
                0x080052e6                LFXO_IRQHandler
                0x080052e6                HardFault_Handler
                0x080052e6                SMU_SECURE_IRQHandler
                0x080052e6                SYSRTC_SEQ_IRQHandler
                0x080052e6                EMUEFP_IRQHandler
                0x080052e6                NMI_Handler
                0x080052e6                SYNTH_IRQHandler
                0x080052e6                HOSTMAILBOX_IRQHandler
                0x080052e6                HFXO0_IRQHandler
                0x080052e6                I2C1_IRQHandler
                0x080052e6                WDOG0_IRQHandler
                0x080052e6                TIMER3_IRQHandler
                0x080052e6                SYSCFG_IRQHandler
                0x080052e6                RFECA1_IRQHandler
                0x080052e6                EMUDG_IRQHandler
                0x080052e6                MSC_IRQHandler
                0x080052e6                DPLL0_IRQHandler
                0x080052e6                UsageFault_Handler
                0x080052e6                WDOG1_IRQHandler
                0x080052e6                M33CTI1_IRQHandler
                0x080052e6                TIMER4_IRQHandler
                0x080052e6                VDAC0_IRQHandler
                0x080052e6                SEMBTX_IRQHandler
                0x080052e6                SW0_IRQHandler
                0x080052e6                TIMER0_IRQHandler
                0x080052e6                MVP_IRQHandler
                0x080052e6                LETIMER0_IRQHandler
                0x080052e6                EUSART1_RX_IRQHandler
                0x080052e6                TIMER1_IRQHandler
                0x080052e6                HFRCO0_IRQHandler
                0x080052e6                SecureFault_Handler
                0x080052e6                BUFC_IRQHandler
                0x080052e6                DCDC_IRQHandler
                0x080052e6                MODEM_IRQHandler
                0x080052e6                Default_Handler
                0x080052e6                RAC_SEQ_IRQHandler
                0x080052e6                FRC_PRI_IRQHandler
                0x080052e6                EMU_IRQHandler
                0x080052e6                SW3_IRQHandler
                0x080052e6                KERNEL0_IRQHandler
                0x080052e6                FRC_IRQHandler
                0x080052e6                PCNT0_IRQHandler
                0x080052e6                KERNEL1_IRQHandler
                0x080052e6                AGC_IRQHandler
                0x080052e6                EUSART1_TX_IRQHandler
                0x080052e6                KEYSCAN_IRQHandler
                0x080052e6                sl_app_properties
                0x080052e6                HFRCOEM23_IRQHandler
                0x080052e6                BURTC_IRQHandler
                0x080052e6                SEMBRX_IRQHandler
                0x080052e6                RFECA0_IRQHandler
                0x080052e6                LFRCO_IRQHandler
                0x080052e6                VDAC1_IRQHandler
                0x080052e6                ACMP0_IRQHandler
                0x080052e6                MemManage_Handler
                0x080052e6                AHB2AHB0_IRQHandler
                0x080052e6                SMU_S_PRIVILEGED_IRQHandler
                0x080052e6                SW1_IRQHandler
                0x080052e6                CMU_IRQHandler
                0x080052e6                EUSART0_RX_IRQHandler
                0x080052e6                RAC_RSM_IRQHandler
                0x080052e6                SETAMPERHOST_IRQHandler
                0x080052e6                AES_IRQHandler
                0x080052e6                M33CTI0_IRQHandler
                0x080052e6                ICACHE0_IRQHandler
                0x080052e6                SMU_NS_PRIVILEGED_IRQHandler
                0x080052e6                FPUEXH_IRQHandler
                0x080052e6                PROTIMER_IRQHandler
                0x080052e6                ACMP1_IRQHandler
                0x080052e6                BusFault_Handler
                0x080052e6                MPAHBRAM_IRQHandler
 .text.CopyMemory
                0x080052e8       0x1a CMakeFiles/slc.dir/base/39b3fbad0420d4a2268bca3904c03f65/platform_core/platform/Device/SiliconLabs/EFR32MG24/Source/startup_efr32mg24.c.obj
                0x080052e8                CopyMemory
 .text.sl_debug_swo_enable_itm
                0x08005302       0x16 CMakeFiles/slc.dir/base/2b77e4e802d1c66c1c79b26cc0d0f777/simplicity_sdk_2026.6.0/platform_core/platform/driver/debug/src/sl_debug_swo.c.obj
                0x08005302                sl_debug_swo_enable_itm
 .text.sl_debug_swo_disable_itm
                0x08005318       0x18 CMakeFiles/slc.dir/base/2b77e4e802d1c66c1c79b26cc0d0f777/simplicity_sdk_2026.6.0/platform_core/platform/driver/debug/src/sl_debug_swo.c.obj
                0x08005318                sl_debug_swo_disable_itm
 .text.link_descriptors
                0x08005330       0x12 CMakeFiles/slc.dir/base/39b3fbad0420d4a2268bca3904c03f65/platform_core/platform/driver/dma_channel/src/sl_dma_channel.c.obj
 .text.cleanup_allocated_descriptors
                0x08005342       0x26 CMakeFiles/slc.dir/base/39b3fbad0420d4a2268bca3904c03f65/platform_core/platform/driver/dma_channel/src/sl_dma_channel.c.obj
 .text.sl_dma_channel_submit_transfer_list
                0x08005368        0x6 CMakeFiles/slc.dir/base/39b3fbad0420d4a2268bca3904c03f65/platform_core/platform/driver/dma_channel/src/sl_dma_channel.c.obj
                0x08005368                sl_dma_channel_submit_transfer_list
 .text.sl_dma_channel_submit_transfer_m2p
                0x0800536e       0x3c CMakeFiles/slc.dir/base/39b3fbad0420d4a2268bca3904c03f65/platform_core/platform/driver/dma_channel/src/sl_dma_channel.c.obj
                0x0800536e                sl_dma_channel_submit_transfer_m2p
 .text.sl_dma_descriptor_allocator_init
                0x080053aa        0x2 CMakeFiles/slc.dir/base/39b3fbad0420d4a2268bca3904c03f65/platform_core/platform/driver/dma_channel/src/sl_dma_descriptor_allocator.c.obj
                0x080053aa                sl_dma_descriptor_allocator_init
 .text.sl_led_init
                0x080053ac        0x6 CMakeFiles/slc.dir/base/2b77e4e802d1c66c1c79b26cc0d0f777/simplicity_sdk_2026.6.0/platform_core/platform/driver/leddrv/src/sl_led.c.obj
                0x080053ac                sl_led_init
 .text.sl_simple_led_turn_on
                0x080053b2       0x24 CMakeFiles/slc.dir/base/2b77e4e802d1c66c1c79b26cc0d0f777/simplicity_sdk_2026.6.0/platform_core/platform/driver/leddrv/src/sl_simple_led.c.obj
                0x080053b2                sl_simple_led_turn_on
 .text.sl_simple_led_turn_off
                0x080053d6       0x24 CMakeFiles/slc.dir/base/2b77e4e802d1c66c1c79b26cc0d0f777/simplicity_sdk_2026.6.0/platform_core/platform/driver/leddrv/src/sl_simple_led.c.obj
                0x080053d6                sl_simple_led_turn_off
 .text.sl_simple_led_toggle
                0x080053fa       0x1a CMakeFiles/slc.dir/base/2b77e4e802d1c66c1c79b26cc0d0f777/simplicity_sdk_2026.6.0/platform_core/platform/driver/leddrv/src/sl_simple_led.c.obj
                0x080053fa                sl_simple_led_toggle
 .text.sl_simple_led_get_state
                0x08005414       0x2c CMakeFiles/slc.dir/base/2b77e4e802d1c66c1c79b26cc0d0f777/simplicity_sdk_2026.6.0/platform_core/platform/driver/leddrv/src/sl_simple_led.c.obj
                0x08005414                sl_simple_led_get_state
 .text.waitStateMax
                0x08005440       0x10 CMakeFiles/slc.dir/base/2b77e4e802d1c66c1c79b26cc0d0f777/simplicity_sdk_2026.6.0/platform_core/platform/emlib/src/em_cmu.c.obj
 .text.CMU_UpdateWaitStates
                0x08005450        0xc CMakeFiles/slc.dir/base/2b77e4e802d1c66c1c79b26cc0d0f777/simplicity_sdk_2026.6.0/platform_core/platform/emlib/src/em_cmu.c.obj
                0x08005450                CMU_UpdateWaitStates
 .text.pclkDivMax
                0x0800545c        0xa CMakeFiles/slc.dir/base/2b77e4e802d1c66c1c79b26cc0d0f777/simplicity_sdk_2026.6.0/platform_core/platform/emlib/src/em_cmu.c.obj
 .text.EMU_EFPEM01VScale
                0x08005466        0x2 CMakeFiles/slc.dir/base/2b77e4e802d1c66c1c79b26cc0d0f777/simplicity_sdk_2026.6.0/platform_core/platform/emlib/src/em_emu.c.obj
                0x08005466                EMU_EFPEM01VScale
 .text.EMU_DCDCUpdatedHook
                0x08005468        0x2 CMakeFiles/slc.dir/base/2b77e4e802d1c66c1c79b26cc0d0f777/simplicity_sdk_2026.6.0/platform_core/platform/emlib/src/em_emu.c.obj
                0x08005468                EMU_DCDCUpdatedHook
 .text.sl_hal_bus_reg_write_mask
                0x0800546a       0x1e CMakeFiles/slc.dir/base/2b77e4e802d1c66c1c79b26cc0d0f777/simplicity_sdk_2026.6.0/platform_core/platform/peripheral/src/sl_hal_gpio.c.obj
 .text.sl_clock_manager_runtime_init
                0x08005488        0x4 CMakeFiles/slc.dir/base/39b3fbad0420d4a2268bca3904c03f65/platform_core/platform/service/clock_manager/src/sl_clock_manager.c.obj
                0x08005488                sl_clock_manager_runtime_init
 .text.sli_clock_manager_hal_runtime_init
                0x0800548c        0x4 CMakeFiles/slc.dir/base/39b3fbad0420d4a2268bca3904c03f65/platform_core/platform/service/clock_manager/src/sl_clock_manager_hal_s2.c.obj
                0x0800548c                sli_clock_manager_hal_runtime_init
 .text.sl_clock_manager_init
                0x08005490        0x4 CMakeFiles/slc.dir/base/39b3fbad0420d4a2268bca3904c03f65/platform_core/platform/service/clock_manager/src/sl_clock_manager_init.c.obj
                0x08005490                sl_clock_manager_init
 .text.memory_manage_data_alignment
                0x08005494       0x8e CMakeFiles/slc.dir/base/39b3fbad0420d4a2268bca3904c03f65/platform_core/platform/service/memory_manager/src/sl_memory_manager.c.obj
 .text.sl_malloc
                0x08005522       0x3e CMakeFiles/slc.dir/base/39b3fbad0420d4a2268bca3904c03f65/platform_core/platform/service/memory_manager/src/sl_memory_manager.c.obj
                0x08005522                sl_malloc
 .text.sl_memory_heap_alloc
                0x08005560       0x14 CMakeFiles/slc.dir/base/39b3fbad0420d4a2268bca3904c03f65/platform_core/platform/service/memory_manager/src/sl_memory_manager.c.obj
                0x08005560                sl_memory_heap_alloc
 .text.sl_memory_heap_calloc
                0x08005574       0x38 CMakeFiles/slc.dir/base/39b3fbad0420d4a2268bca3904c03f65/platform_core/platform/service/memory_manager/src/sl_memory_manager.c.obj
                0x08005574                sl_memory_heap_calloc
 .text.sl_realloc
                0x080055ac       0x3e CMakeFiles/slc.dir/base/39b3fbad0420d4a2268bca3904c03f65/platform_core/platform/service/memory_manager/src/sl_memory_manager.c.obj
                0x080055ac                sl_realloc
 .text.__wrap__malloc_r
                0x080055ea        0x6 CMakeFiles/slc.dir/base/39b3fbad0420d4a2268bca3904c03f65/platform_core/platform/service/memory_manager/src/sl_memory_manager_retarget.c.obj
                0x080055ea                __wrap__malloc_r
 .text.__wrap__free_r
                0x080055f0        0x6 CMakeFiles/slc.dir/base/39b3fbad0420d4a2268bca3904c03f65/platform_core/platform/service/memory_manager/src/sl_memory_manager_retarget.c.obj
                0x080055f0                __wrap__free_r
 .text.__wrap__realloc_r